<html>
<body>
<pre>
<h1>礦ision Build Log</h1>
<h2>Tool Versions:</h2>
IDE-Version: μVision V5.36.0.0
Copyright (C) 2021 ARM Ltd and ARM Germany GmbH. All rights reserved.
License Information: l SeanLu, l, LIC=ZB4EI-TG67L-UHH8H-W3Z5D-5FI8L-WHICQ
 
Tool Versions:
Toolchain:       MDK-ARM Plus  Version: 5.36.0.0
Toolchain Path:  D:\Keil5\MDK\ARM\ARMCC\Bin
C Compiler:      Armcc.exe V5.06 update 7 (build 960)
Assembler:       Armasm.exe V5.06 update 7 (build 960)
Linker/Locator:  ArmLink.exe V5.06 update 7 (build 960)
Library Manager: ArmAr.exe V5.06 update 7 (build 960)
Hex Converter:   FromElf.exe V5.06 update 7 (build 960)
CPU DLL:         SARMCM3.DLL V5.36.0.0
Dialog DLL:      DCM.DLL V1.17.3.0
Target DLL:      STLink\ST-LINKIII-KEIL_SWO.dll V3.0.9.0
Dialog DLL:      TCM.DLL V1.53.0.0
 
<h2>Project:</h2>
D:\DOCUMENT\SEAN\MCU\STM32\CubeMx\Drone\MDK-ARM\STM32H743VIT6.uvprojx
Project File Date:  03/03/2022

<h2>Output:</h2>
*** Using Compiler 'V5.06 update 7 (build 960)', folder: 'D:\Keil5\MDK\ARM\ARMCC\Bin'
Rebuild target 'STM32H743VIT6'
assembling startup_stm32h743xx.s...
compiling spi.c...
compiling gpio.c...
compiling usart.c...
compiling i2c.c...
compiling tim.c...
compiling main.c...
../Core/Src/main.c(26): warning:  #177-D: variable "aacx"  was declared but never referenced
  	short aacx,aacy,aacz;			//加速度传感器原始数据
../Core/Src/main.c(26): warning:  #177-D: variable "aacy"  was declared but never referenced
  	short aacx,aacy,aacz;			//加速度传感器原始数据
../Core/Src/main.c(26): warning:  #177-D: variable "aacz"  was declared but never referenced
  	short aacx,aacy,aacz;			//加速度传感器原始数据
../Core/Src/main.c(27): warning:  #177-D: variable "gyrox"  was declared but never referenced
  	short gyrox,gyroy,gyroz;		//陀螺仪原始数据
../Core/Src/main.c(27): warning:  #177-D: variable "gyroy"  was declared but never referenced
  	short gyrox,gyroy,gyroz;		//陀螺仪原始数据
../Core/Src/main.c(27): warning:  #177-D: variable "gyroz"  was declared but never referenced
  	short gyrox,gyroy,gyroz;		//陀螺仪原始数据
../Core/Src/main.c(28): warning:  #177-D: variable "temp"  was declared but never referenced
  	short temp;					//温度
../Core/Src/main.c: 7 warnings, 0 errors
compiling stm32h7xx_it.c...
compiling stm32h7xx_hal_msp.c...
compiling stm32h7xx_hal_cortex.c...
compiling stm32h7xx_hal_flash.c...
compiling stm32h7xx_hal_gpio.c...
compiling stm32h7xx_hal_rcc.c...
compiling stm32h7xx_hal_flash_ex.c...
compiling stm32h7xx_hal_hsem.c...
compiling stm32h7xx_hal_rcc_ex.c...
compiling stm32h7xx_hal_pwr.c...
compiling stm32h7xx_hal_dma_ex.c...
compiling stm32h7xx_hal_pwr_ex.c...
compiling stm32h7xx_hal_mdma.c...
compiling stm32h7xx_hal.c...
compiling stm32h7xx_hal_i2c_ex.c...
compiling stm32h7xx_hal_dma.c...
compiling stm32h7xx_hal_exti.c...
compiling stm32h7xx_hal_spi_ex.c...
compiling stm32h7xx_hal_spi.c...
compiling stm32h7xx_hal_i2c.c...
compiling system_stm32h7xx.c...
compiling stm32h7xx_hal_uart_ex.c...
compiling stm32h7xx_hal_tim_ex.c...
compiling BSP_GPIO.c...
compiling stm32h7xx_hal_uart.c...
compiling BSP_USART.c...
compiling BSP_SPI.c...
compiling BSP_TIM.c...
compiling tftlcd.c...
compiling MPU6050.c...
compiling inv_mpu_dmp_motion_driver.c...
compiling inv_mpu.c...
compiling stm32h7xx_hal_tim.c...
linking...
Program Size: Code=46830 RO-data=23794 RW-data=100 ZI-data=5892  
"STM32H743VIT6\STM32H743VIT6.axf" - 0 Error(s), 7 Warning(s).

<h2>Software Packages used:</h2>

Package Vendor: ARM
                http://www.keil.com/pack/ARM.CMSIS.5.8.0.pack
                ARM.CMSIS.5.8.0
                CMSIS (Common Microcontroller Software Interface Standard)
   * Component: CORE Version: 5.5.0

Package Vendor: Keil
                http://www.keil.com/pack/Keil.STM32H7xx_DFP.2.7.0.pack
                Keil.STM32H7xx_DFP.2.7.0
                STMicroelectronics STM32H7 Series Device Support and Examples

<h2>Collection of Component include folders:</h2>
  .\RTE\_STM32H743VIT6
  D:\Keil5\MDK\Arm\Packs\ARM\CMSIS\5.8.0\CMSIS\Core\Include
  D:\Keil5\MDK\Arm\Packs\Keil\STM32H7xx_DFP\2.7.0\Drivers\CMSIS\Device\ST\STM32H7xx\Include

<h2>Collection of Component Files used:</h2>

   * Component: ARM::CMSIS:CORE:5.5.0
Build Time Elapsed:  00:00:05
</pre>
</body>
</html>
