Component: ARM Compiler 5.06 update 7 (build 960) Tool: armlink [4d3601]

==============================================================================

Section Cross References

    startup_stm32h743xx.o(STACK) refers (Special) to heapauxi.o(.text) for __use_two_region_memory
    startup_stm32h743xx.o(HEAP) refers (Special) to heapauxi.o(.text) for __use_two_region_memory
    startup_stm32h743xx.o(RESET) refers (Special) to heapauxi.o(.text) for __use_two_region_memory
    startup_stm32h743xx.o(RESET) refers to startup_stm32h743xx.o(STACK) for __initial_sp
    startup_stm32h743xx.o(RESET) refers to startup_stm32h743xx.o(.text) for Reset_Handler
    startup_stm32h743xx.o(RESET) refers to stm32h7xx_it.o(i.NMI_Handler) for NMI_Handler
    startup_stm32h743xx.o(RESET) refers to stm32h7xx_it.o(i.HardFault_Handler) for HardFault_Handler
    startup_stm32h743xx.o(RESET) refers to stm32h7xx_it.o(i.MemManage_Handler) for MemManage_Handler
    startup_stm32h743xx.o(RESET) refers to stm32h7xx_it.o(i.BusFault_Handler) for BusFault_Handler
    startup_stm32h743xx.o(RESET) refers to stm32h7xx_it.o(i.UsageFault_Handler) for UsageFault_Handler
    startup_stm32h743xx.o(RESET) refers to stm32h7xx_it.o(i.SVC_Handler) for SVC_Handler
    startup_stm32h743xx.o(RESET) refers to stm32h7xx_it.o(i.DebugMon_Handler) for DebugMon_Handler
    startup_stm32h743xx.o(RESET) refers to stm32h7xx_it.o(i.PendSV_Handler) for PendSV_Handler
    startup_stm32h743xx.o(RESET) refers to stm32h7xx_it.o(i.SysTick_Handler) for SysTick_Handler
    startup_stm32h743xx.o(RESET) refers to stm32h7xx_it.o(i.TIM2_IRQHandler) for TIM2_IRQHandler
    startup_stm32h743xx.o(RESET) refers to stm32h7xx_it.o(i.I2C1_EV_IRQHandler) for I2C1_EV_IRQHandler
    startup_stm32h743xx.o(RESET) refers to stm32h7xx_it.o(i.I2C1_ER_IRQHandler) for I2C1_ER_IRQHandler
    startup_stm32h743xx.o(RESET) refers to stm32h7xx_it.o(i.USART1_IRQHandler) for USART1_IRQHandler
    startup_stm32h743xx.o(RESET) refers to stm32h7xx_it.o(i.SPI6_IRQHandler) for SPI6_IRQHandler
    startup_stm32h743xx.o(.text) refers (Special) to heapauxi.o(.text) for __use_two_region_memory
    startup_stm32h743xx.o(.text) refers to system_stm32h7xx.o(i.SystemInit) for SystemInit
    startup_stm32h743xx.o(.text) refers to __main.o(!!!main) for __main
    startup_stm32h743xx.o(.text) refers to startup_stm32h743xx.o(HEAP) for Heap_Mem
    startup_stm32h743xx.o(.text) refers to startup_stm32h743xx.o(STACK) for Stack_Mem
    main.o(i.SystemClock_Config) refers to rt_memclr_w.o(.text) for __aeabi_memclr4
    main.o(i.SystemClock_Config) refers to stm32h7xx_hal_pwr_ex.o(i.HAL_PWREx_ConfigSupply) for HAL_PWREx_ConfigSupply
    main.o(i.SystemClock_Config) refers to stm32h7xx_hal_rcc.o(i.HAL_RCC_OscConfig) for HAL_RCC_OscConfig
    main.o(i.SystemClock_Config) refers to stm32h7xx_hal_rcc.o(i.HAL_RCC_ClockConfig) for HAL_RCC_ClockConfig
    main.o(i.main) refers to _printf_percent.o(.ARM.Collect$$_printf_percent$$00000000) for _printf_percent
    main.o(i.main) refers to _printf_f.o(.ARM.Collect$$_printf_percent$$00000003) for _printf_f
    main.o(i.main) refers to printf1.o(x$fpl$printf1) for _printf_fp_dec
    main.o(i.main) refers to stm32h7xx_hal.o(i.HAL_Init) for HAL_Init
    main.o(i.main) refers to main.o(i.SystemClock_Config) for SystemClock_Config
    main.o(i.main) refers to gpio.o(i.MX_GPIO_Init) for MX_GPIO_Init
    main.o(i.main) refers to usart.o(i.MX_USART1_UART_Init) for MX_USART1_UART_Init
    main.o(i.main) refers to spi.o(i.MX_SPI6_Init) for MX_SPI6_Init
    main.o(i.main) refers to i2c.o(i.MX_I2C1_Init) for MX_I2C1_Init
    main.o(i.main) refers to tim.o(i.MX_TIM2_Init) for MX_TIM2_Init
    main.o(i.main) refers to tftlcd.o(i.LCD_Init) for LCD_Init
    main.o(i.main) refers to i2c.o(i.HAL_I2C_MspInit) for HAL_I2C_MspInit
    main.o(i.main) refers to stm32h7xx_hal_tim.o(i.HAL_TIM_Base_Start_IT) for HAL_TIM_Base_Start_IT
    main.o(i.main) refers to stm32h7xx_hal_tim.o(i.HAL_TIM_IC_Start_IT) for HAL_TIM_IC_Start_IT
    main.o(i.main) refers to stm32h7xx_hal_tim.o(i.HAL_TIM_PWM_Start) for HAL_TIM_PWM_Start
    main.o(i.main) refers to mpu6050.o(i.MPU_Init) for MPU_Init
    main.o(i.main) refers to inv_mpu.o(i.mpu_dmp_init) for mpu_dmp_init
    main.o(i.main) refers to stm32h7xx_hal.o(i.HAL_Delay) for HAL_Delay
    main.o(i.main) refers to tftlcd.o(i.LCD_Clear) for LCD_Clear
    main.o(i.main) refers to tftlcd.o(i.LCD_ShowString) for LCD_ShowString
    main.o(i.main) refers to inv_mpu.o(i.mpu_dmp_get_data) for mpu_dmp_get_data
    main.o(i.main) refers to noretval__2sprintf.o(.text) for __2sprintf
    main.o(i.main) refers to tftlcd.o(i.LCD_ShowNum) for LCD_ShowNum
    main.o(i.main) refers to stm32h7xx_hal_gpio.o(i.HAL_GPIO_ReadPin) for HAL_GPIO_ReadPin
    main.o(i.main) refers to stm32h7xx_hal_gpio.o(i.HAL_GPIO_WritePin) for HAL_GPIO_WritePin
    main.o(i.main) refers to i2c.o(.bss) for hi2c1
[...]
    DMAMUX2_OVR_IRQHandler                   0x08000373   Thumb Code     0  startup_stm32h743xx.o(.text)
    ECC_IRQHandler                           0x08000373   Thumb Code     0  startup_stm32h743xx.o(.text)
    ETH_IRQHandler                           0x08000373   Thumb Code     0  startup_stm32h743xx.o(.text)
    ETH_WKUP_IRQHandler                      0x08000373   Thumb Code     0  startup_stm32h743xx.o(.text)
    EXTI0_IRQHandler                         0x08000373   Thumb Code     0  startup_stm32h743xx.o(.text)
    EXTI15_10_IRQHandler                     0x08000373   Thumb Code     0  startup_stm32h743xx.o(.text)
    EXTI1_IRQHandler                         0x08000373   Thumb Code     0  startup_stm32h743xx.o(.text)
    EXTI2_IRQHandler                         0x08000373   Thumb Code     0  startup_stm32h743xx.o(.text)
    EXTI3_IRQHandler                         0x08000373   Thumb Code     0  startup_stm32h743xx.o(.text)
    EXTI4_IRQHandler                         0x08000373   Thumb Code     0  startup_stm32h743xx.o(.text)
    EXTI9_5_IRQHandler                       0x08000373   Thumb Code     0  startup_stm32h743xx.o(.text)
    FDCAN1_IT0_IRQHandler                    0x08000373   Thumb Code     0  startup_stm32h743xx.o(.text)
    FDCAN1_IT1_IRQHandler                    0x08000373   Thumb Code     0  startup_stm32h743xx.o(.text)
    FDCAN2_IT0_IRQHandler                    0x08000373   Thumb Code     0  startup_stm32h743xx.o(.text)
    FDCAN2_IT1_IRQHandler                    0x08000373   Thumb Code     0  startup_stm32h743xx.o(.text)
    FDCAN_CAL_IRQHandler                     0x08000373   Thumb Code     0  startup_stm32h743xx.o(.text)
    FLASH_IRQHandler                         0x08000373   Thumb Code     0  startup_stm32h743xx.o(.text)
    FMC_IRQHandler                           0x08000373   Thumb Code     0  startup_stm32h743xx.o(.text)
    FPU_IRQHandler                           0x08000373   Thumb Code     0  startup_stm32h743xx.o(.text)
    HRTIM1_FLT_IRQHandler                    0x08000373   Thumb Code     0  startup_stm32h743xx.o(.text)
    HRTIM1_Master_IRQHandler                 0x08000373   Thumb Code     0  startup_stm32h743xx.o(.text)
    HRTIM1_TIMA_IRQHandler                   0x08000373   Thumb Code     0  startup_stm32h743xx.o(.text)
    HRTIM1_TIMB_IRQHandler                   0x08000373   Thumb Code     0  startup_stm32h743xx.o(.text)
    HRTIM1_TIMC_IRQHandler                   0x08000373   Thumb Code     0  startup_stm32h743xx.o(.text)
    HRTIM1_TIMD_IRQHandler                   0x08000373   Thumb Code     0  startup_stm32h743xx.o(.text)
    HRTIM1_TIME_IRQHandler                   0x08000373   Thumb Code     0  startup_stm32h743xx.o(.text)
    HSEM1_IRQHandler                         0x08000373   Thumb Code     0  startup_stm32h743xx.o(.text)
    I2C2_ER_IRQHandler                       0x08000373   Thumb Code     0  startup_stm32h743xx.o(.text)
    I2C2_EV_IRQHandler                       0x08000373   Thumb Code     0  startup_stm32h743xx.o(.text)
    I2C3_ER_IRQHandler                       0x08000373   Thumb Code     0  startup_stm32h743xx.o(.text)
    I2C3_EV_IRQHandler                       0x08000373   Thumb Code     0  startup_stm32h743xx.o(.text)
    I2C4_ER_IRQHandler                       0x08000373   Thumb Code     0  startup_stm32h743xx.o(.text)
    I2C4_EV_IRQHandler                       0x08000373   Thumb Code     0  startup_stm32h743xx.o(.text)
    JPEG_IRQHandler                          0x08000373   Thumb Code     0  startup_stm32h743xx.o(.text)
    LPTIM1_IRQHandler                        0x08000373   Thumb Code     0  startup_stm32h743xx.o(.text)
    LPTIM2_IRQHandler                        0x08000373   Thumb Code     0  startup_stm32h743xx.o(.text)
    LPTIM3_IRQHandler                        0x08000373   Thumb Code     0  startup_stm32h743xx.o(.text)
    LPTIM4_IRQHandler                        0x08000373   Thumb Code     0  startup_stm32h743xx.o(.text)
    LPTIM5_IRQHandler                        0x08000373   Thumb Code     0  startup_stm32h743xx.o(.text)
    LPUART1_IRQHandler                       0x08000373   Thumb Code     0  startup_stm32h743xx.o(.text)
    LTDC_ER_IRQHandler                       0x08000373   Thumb Code     0  startup_stm32h743xx.o(.text)
    LTDC_IRQHandler                          0x08000373   Thumb Code     0  startup_stm32h743xx.o(.text)
    MDIOS_IRQHandler                         0x08000373   Thumb Code     0  startup_stm32h743xx.o(.text)
    MDIOS_WKUP_IRQHandler                    0x08000373   Thumb Code     0  startup_stm32h743xx.o(.text)
    MDMA_IRQHandler                          0x08000373   Thumb Code     0  startup_stm32h743xx.o(.text)
    OTG_FS_EP1_IN_IRQHandler                 0x08000373   Thumb Code     0  startup_stm32h743xx.o(.text)
    OTG_FS_EP1_OUT_IRQHandler                0x08000373   Thumb Code     0  startup_stm32h743xx.o(.text)
    OTG_FS_IRQHandler                        0x08000373   Thumb Code     0  startup_stm32h743xx.o(.text)
    OTG_FS_WKUP_IRQHandler                   0x08000373   Thumb Code     0  startup_stm32h743xx.o(.text)
    OTG_HS_EP1_IN_IRQHandler                 0x08000373   Thumb Code     0  startup_stm32h743xx.o(.text)
    OTG_HS_EP1_OUT_IRQHandler                0x08000373   Thumb Code     0  startup_stm32h743xx.o(.text)
    OTG_HS_IRQHandler                        0x08000373   Thumb Code     0  startup_stm32h743xx.o(.text)
    OTG_HS_WKUP_IRQHandler                   0x08000373   Thumb Code     0  startup_stm32h743xx.o(.text)
    PVD_AVD_IRQHandler                       0x08000373   Thumb Code     0  startup_stm32h743xx.o(.text)
    QUADSPI_IRQHandler                       0x08000373   Thumb Code     0  startup_stm32h743xx.o(.text)
    RCC_IRQHandler                           0x08000373   Thumb Code     0  startup_stm32h743xx.o(.text)
    RNG_IRQHandler                           0x08000373   Thumb Code     0  startup_stm32h743xx.o(.text)
    RTC_Alarm_IRQHandler                     0x08000373   Thumb Code     0  startup_stm32h743xx.o(.text)
    RTC_WKUP_IRQHandler                      0x08000373   Thumb Code     0  startup_stm32h743xx.o(.text)
    SAI1_IRQHandler                          0x08000373   Thumb Code     0  startup_stm32h743xx.o(.text)
    SAI2_IRQHandler                          0x08000373   Thumb Code     0  startup_stm32h743xx.o(.text)
    SAI3_IRQHandler                          0x08000373   Thumb Code     0  startup_stm32h743xx.o(.text)
    SAI4_IRQHandler                          0x08000373   Thumb Code     0  startup_stm32h743xx.o(.text)
    SDMMC1_IRQHandler                        0x08000373   Thumb Code     0  startup_stm32h743xx.o(.text)
    SDMMC2_IRQHandler                        0x08000373   Thumb Code     0  startup_stm32h743xx.o(.text)
    SPDIF_RX_IRQHandler                      0x08000373   Thumb Code     0  startup_stm32h743xx.o(.text)
    SPI1_IRQHandler                          0x08000373   Thumb Code     0  startup_stm32h743xx.o(.text)
    SPI2_IRQHandler                          0x08000373   Thumb Code     0  startup_stm32h743xx.o(.text)
    SPI3_IRQHandler                          0x08000373   Thumb Code     0  startup_stm32h743xx.o(.text)
    SPI4_IRQHandler                          0x08000373   Thumb Code     0  startup_stm32h743xx.o(.text)
    SPI5_IRQHandler                          0x08000373   Thumb Code     0  startup_stm32h743xx.o(.text)
    SWPMI1_IRQHandler                        0x08000373   Thumb Code     0  startup_stm32h743xx.o(.text)
    TAMP_STAMP_IRQHandler                    0x08000373   Thumb Code     0  startup_stm32h743xx.o(.text)
    TIM15_IRQHandler                         0x08000373   Thumb Code     0  startup_stm32h743xx.o(.text)
    TIM16_IRQHandler                         0x08000373   Thumb Code     0  startup_stm32h743xx.o(.text)
    TIM17_IRQHandler                         0x08000373   Thumb Code     0  startup_stm32h743xx.o(.text)
    TIM1_BRK_IRQHandler                      0x08000373   Thumb Code     0  startup_stm32h743xx.o(.text)
    TIM1_CC_IRQHandler                       0x08000373   Thumb Code     0  startup_stm32h743xx.o(.text)
    TIM1_TRG_COM_IRQHandler                  0x08000373   Thumb Code     0  startup_stm32h743xx.o(.text)
    TIM1_UP_IRQHandler                       0x08000373   Thumb Code     0  startup_stm32h743xx.o(.text)
    TIM3_IRQHandler                          0x08000373   Thumb Code     0  startup_stm32h743xx.o(.text)
    TIM4_IRQHandler                          0x08000373   Thumb Code     0  startup_stm32h743xx.o(.text)
    TIM5_IRQHandler                          0x08000373   Thumb Code     0  startup_stm32h743xx.o(.text)
    TIM6_DAC_IRQHandler                      0x08000373   Thumb Code     0  startup_stm32h743xx.o(.text)
    TIM7_IRQHandler                          0x08000373   Thumb Code     0  startup_stm32h743xx.o(.text)
    TIM8_BRK_TIM12_IRQHandler                0x08000373   Thumb Code     0  startup_stm32h743xx.o(.text)
    TIM8_CC_IRQHandler                       0x08000373   Thumb Code     0  startup_stm32h743xx.o(.text)
    TIM8_TRG_COM_TIM14_IRQHandler            0x08000373   Thumb Code     0  startup_stm32h743xx.o(.text)
    TIM8_UP_TIM13_IRQHandler                 0x08000373   Thumb Code     0  startup_stm32h743xx.o(.text)
    UART4_IRQHandler                         0x08000373   Thumb Code     0  startup_stm32h743xx.o(.text)
    UART5_IRQHandler                         0x08000373   Thumb Code     0  startup_stm32h743xx.o(.text)
    UART7_IRQHandler                         0x08000373   Thumb Code     0  startup_stm32h743xx.o(.text)
    UART8_IRQHandler                         0x08000373   Thumb Code     0  startup_stm32h743xx.o(.text)
    USART2_IRQHandler                        0x08000373   Thumb Code     0  startup_stm32h743xx.o(.text)
    USART3_IRQHandler                        0x08000373   Thumb Code     0  startup_stm32h743xx.o(.text)
    USART6_IRQHandler                        0x08000373   Thumb Code     0  startup_stm32h743xx.o(.text)
    WAKEUP_PIN_IRQHandler                    0x08000373   Thumb Code     0  startup_stm32h743xx.o(.text)
    WWDG_IRQHandler                          0x08000373   Thumb Code     0  startup_stm32h743xx.o(.text)
    __user_initial_stackheap                 0x08000375   Thumb Code     0  startup_stm32h743xx.o(.text)
    __aeabi_uldivmod                         0x08000399   Thumb Code     0  lludivv7m.o(.text)
    _ll_udiv                                 0x08000399   Thumb Code   238  lludivv7m.o(.text)
    __aeabi_ldivmod                          0x08000487   Thumb Code     0  llsdiv.o(.text)
    _ll_sdiv                                 0x08000487   Thumb Code    72  llsdiv.o(.text)
    __2printf                                0x080004d1   Thumb Code    20  noretval__2printf.o(.text)
    __2sprintf                               0x080004e9   Thumb Code    34  noretval__2sprintf.o(.text)
    _printf_int_dec                          0x08000511   Thumb Code   104  _printf_dec.o(.text)
    __printf                                 0x08000589   Thumb Code   308  __printf_flags_wp.o(.text)
    memcmp                                   0x080006c1   Thumb Code    88  memcmp.o(.text)
    __aeabi_memset                           0x08000719   Thumb Code    16  aeabi_memset.o(.text)
    __aeabi_memclr4                          0x08000729   Thumb Code     0  rt_memclr_w.o(.text)
    __aeabi_memclr8                          0x08000729   Thumb Code     0  rt_memclr_w.o(.text)
    __rt_memclr_w                            0x08000729   Thumb Code    78  rt_memclr_w.o(.text)
    _memset_w                                0x0800072d   Thumb Code     0  rt_memclr_w.o(.text)
    __use_two_region_memory                  0x08000777   Thumb Code     2  heapauxi.o(.text)
    __rt_heap_escrow$2region                 0x08000779   Thumb Code     2  heapauxi.o(.text)
    __rt_heap_expand$2region                 0x0800077b   Thumb Code     2  heapauxi.o(.text)
    __read_errno                             0x0800077d   Thumb Code    10  _rserrno.o(.text)
    __set_errno                              0x08000787   Thumb Code    12  _rserrno.o(.text)
    _printf_int_common                       0x08000793   Thumb Code   178  _printf_intcommon.o(.text)
    __lib_sel_fp_printf                      0x08000845   Thumb Code     2  _printf_fp_dec.o(.text)
    _printf_fp_dec_real                      0x080009f7   Thumb Code   620  _printf_fp_dec.o(.text)
    _printf_char_common                      0x08000c6f   Thumb Code    32  _printf_char_common.o(.text)
    _sputc                                   0x08000c95   Thumb Code    10  _sputc.o(.text)
    _printf_char_file                        0x08000ca1   Thumb Code    32  _printf_char_file.o(.text)
    __aeabi_memclr                           0x08000cc5   Thumb Code     0  rt_memclr.o(.text)
    __rt_memclr                              0x08000cc5   Thumb Code    68  rt_memclr.o(.text)
    _memset                                  0x08000cc9   Thumb Code     0  rt_memclr.o(.text)
    __rt_locale                              0x08000d09   Thumb Code     8  rt_locale_intlibspace.o(.text)
    __aeabi_errno_addr                       0x08000d11   Thumb Code     8  rt_errno_addr_intlibspace.o(.text)
    __errno$intlibspace                      0x08000d11   Thumb Code     0  rt_errno_addr_intlibspace.o(.text)
    __rt_errno_addr$intlibspace              0x08000d11   Thumb Code     0  rt_errno_addr_intlibspace.o(.text)
    _ll_udiv10                               0x08000d19   Thumb Code   138  lludiv10.o(.text)
    _printf_fp_infnan                        0x08000da5   Thumb Code   112  _printf_fp_infnan.o(.text)
    _btod_etento                             0x08000e25   Thumb Code   224  bigflt0.o(.text)
    ferror                                   0x08000f09   Thumb Code     8  ferror.o(.text)
    __user_libspace                          0x08000f11   Thumb Code     8  libspace.o(.text)
    __user_perproc_libspace                  0x08000f11   Thumb Code     0  libspace.o(.text)
    __user_perthread_libspace                0x08000f11   Thumb Code     0  libspace.o(.text)
    __user_setup_stackheap                   0x08000f19   Thumb Code    74  sys_stackheap_outer.o(.text)
    exit                                     0x08000f63   Thumb Code    18  exit.o(.text)
    strcmp                                   0x08000f75   Thumb Code   104  strcmpv7m_pel.o(.text)
    _sys_exit                                0x08000fdd   Thumb Code     8  sys_exit.o(.text)
    __I$use$semihosting                      0x08000fe9   Thumb Code     0  use_no_semi.o(.text)
    __use_no_semihosting_swi                 0x08000fe9   Thumb Code     2  use_no_semi.o(.text)
    __semihosting_library_function           0x08000feb   Thumb Code     0  indicate_semi.o(.text)
    _btod_d2e                                0x08000feb   Thumb Code    62  btod.o(CL$$btod_d2e)
    _d2e_denorm_low                          0x08001029   Thumb Code    70  btod.o(CL$$btod_d2e_denorm_low)
    _d2e_norm_op1                            0x0800106f   Thumb Code    96  btod.o(CL$$btod_d2e_norm_op1)
    __btod_div_common                        0x080010cf   Thumb Code   696  btod.o(CL$$btod_div_common)
    _e2e                                     0x08001407   Thumb Code   220  btod.o(CL$$btod_e2e)
    _btod_ediv                               0x080014e3   Thumb Code    42  btod.o(CL$$btod_ediv)
    _btod_emul                               0x0800150d   Thumb Code    42  btod.o(CL$$btod_emul)
    __btod_mult_common                       0x08001537   Thumb Code   580  btod.o(CL$$btod_mult_common)
    BusFault_Handler                         0x0800177b   Thumb Code     2  stm32h7xx_it.o(i.BusFault_Handler)
    DebugMon_Handler                         0x0800177d   Thumb Code     2  stm32h7xx_it.o(i.DebugMon_Handler)
    Error_Handler                            0x0800177f   Thumb Code     4  main.o(i.Error_Handler)
    HAL_DMA_Abort                            0x08001785   Thumb Code   840  stm32h7xx_hal_dma.o(i.HAL_DMA_Abort)
    HAL_DMA_Abort_IT                         0x08001ae9   Thumb Code   602  stm32h7xx_hal_dma.o(i.HAL_DMA_Abort_IT)
    HAL_DMA_GetState                         0x08001d6d   Thumb Code     6  stm32h7xx_hal_dma.o(i.HAL_DMA_GetState)
    HAL_Delay                                0x08001d75   Thumb Code    32  stm32h7xx_hal.o(i.HAL_Delay)
    HAL_GPIO_Init                            0x08001d99   Thumb Code   710  stm32h7xx_hal_gpio.o(i.HAL_GPIO_Init)
    HAL_GPIO_ReadPin                         0x080020e9   Thumb Code    28  stm32h7xx_hal_gpio.o(i.HAL_GPIO_ReadPin)
    HAL_GPIO_WritePin                        0x08002141   Thumb Code    46  stm32h7xx_hal_gpio.o(i.HAL_GPIO_WritePin)
    HAL_GetREVID                             0x080021ad   Thumb Code     8  stm32h7xx_hal.o(i.HAL_GetREVID)
    HAL_GetTick                              0x080021b9   Thumb Code     6  stm32h7xx_hal.o(i.HAL_GetTick)
    HAL_I2CEx_ConfigAnalogFilter             0x080021c5   Thumb Code   142  stm32h7xx_hal_i2c_ex.o(i.HAL_I2CEx_ConfigAnalogFilter)
    HAL_I2CEx_ConfigDigitalFilter            0x080022a1   Thumb Code   134  stm32h7xx_hal_i2c_ex.o(i.HAL_I2CEx_ConfigDigitalFilter)
    HAL_I2C_AbortCpltCallback                0x08002375   Thumb Code     2  stm32h7xx_hal_i2c.o(i.HAL_I2C_AbortCpltCallback)
    HAL_I2C_AddrCallback                     0x08002377   Thumb Code     2  stm32h7xx_hal_i2c.o(i.HAL_I2C_AddrCallback)
    HAL_I2C_ER_IRQHandler                    0x08002379   Thumb Code   104  stm32h7xx_hal_i2c.o(i.HAL_I2C_ER_IRQHandler)
    HAL_I2C_EV_IRQHandler                    0x080023e1   Thumb Code    16  stm32h7xx_hal_i2c.o(i.HAL_I2C_EV_IRQHandler)
    HAL_I2C_ErrorCallback                    0x080023f1   Thumb Code     2  stm32h7xx_hal_i2c.o(i.HAL_I2C_ErrorCallback)
    HAL_I2C_Init                             0x080023f5   Thumb Code   372  stm32h7xx_hal_i2c.o(i.HAL_I2C_Init)
    HAL_I2C_ListenCpltCallback               0x080025b5   Thumb Code     2  stm32h7xx_hal_i2c.o(i.HAL_I2C_ListenCpltCallback)
    HAL_I2C_MspInit                          0x080025b9   Thumb Code   148  i2c.o(i.HAL_I2C_MspInit)
    HAL_I2C_SlaveRxCpltCallback              0x08002659   Thumb Code     2  stm32h7xx_hal_i2c.o(i.HAL_I2C_SlaveRxCpltCallback)
    HAL_I2C_SlaveTxCpltCallback              0x0800265b   Thumb Code     2  stm32h7xx_hal_i2c.o(i.HAL_I2C_SlaveTxCpltCallback)
    HAL_IncTick                              0x0800265d   Thumb Code    12  stm32h7xx_hal.o(i.HAL_IncTick)
    HAL_Init                                 0x0800266d   Thumb Code    74  stm32h7xx_hal.o(i.HAL_Init)
    HAL_InitTick                             0x080026c9   Thumb Code    56  stm32h7xx_hal.o(i.HAL_InitTick)
    HAL_MspInit                              0x08002709   Thumb Code    28  stm32h7xx_hal_msp.o(i.HAL_MspInit)
    HAL_NVIC_EnableIRQ                       0x08002729   Thumb Code    40  stm32h7xx_hal_cortex.o(i.HAL_NVIC_EnableIRQ)
    HAL_NVIC_SetPriority                     0x0800278d   Thumb Code    92  stm32h7xx_hal_cortex.o(i.HAL_NVIC_SetPriority)
    HAL_NVIC_SetPriorityGrouping             0x08002829   Thumb Code    58  stm32h7xx_hal_cortex.o(i.HAL_NVIC_SetPriorityGrouping)
    HAL_PWREx_ConfigSupply                   0x080028a9   Thumb Code    98  stm32h7xx_hal_pwr_ex.o(i.HAL_PWREx_ConfigSupply)
    HAL_RCCEx_GetD3PCLK1Freq                 0x0800294d   Thumb Code    26  stm32h7xx_hal_rcc_ex.o(i.HAL_RCCEx_GetD3PCLK1Freq)
    HAL_RCCEx_GetPLL2ClockFreq               0x08002971   Thumb Code   296  stm32h7xx_hal_rcc_ex.o(i.HAL_RCCEx_GetPLL2ClockFreq)
    HAL_RCCEx_GetPLL3ClockFreq               0x08002ab5   Thumb Code   296  stm32h7xx_hal_rcc_ex.o(i.HAL_RCCEx_GetPLL3ClockFreq)
    HAL_RCCEx_PeriphCLKConfig                0x08002bf9   Thumb Code  3166  stm32h7xx_hal_rcc_ex.o(i.HAL_RCCEx_PeriphCLKConfig)
    HAL_RCC_ClockConfig                      0x0800385d   Thumb Code  1178  stm32h7xx_hal_rcc.o(i.HAL_RCC_ClockConfig)
    HAL_RCC_GetHCLKFreq                      0x08003d09   Thumb Code    52  stm32h7xx_hal_rcc.o(i.HAL_RCC_GetHCLKFreq)
    HAL_RCC_GetPCLK1Freq                     0x08003d4d   Thumb Code    26  stm32h7xx_hal_rcc.o(i.HAL_RCC_GetPCLK1Freq)
    HAL_RCC_GetPCLK2Freq                     0x08003d71   Thumb Code    26  stm32h7xx_hal_rcc.o(i.HAL_RCC_GetPCLK2Freq)
    HAL_RCC_GetSysClockFreq                  0x08003d95   Thumb Code   278  stm32h7xx_hal_rcc.o(i.HAL_RCC_GetSysClockFreq)
    HAL_RCC_OscConfig                        0x08003ecd   Thumb Code  1792  stm32h7xx_hal_rcc.o(i.HAL_RCC_OscConfig)
    HAL_SPI_ErrorCallback                    0x080045d1   Thumb Code     2  stm32h7xx_hal_spi.o(i.HAL_SPI_ErrorCallback)
    HAL_SPI_IRQHandler                       0x080045d5   Thumb Code   572  stm32h7xx_hal_spi.o(i.HAL_SPI_IRQHandler)
    HAL_SPI_Init                             0x08004815   Thumb Code   814  stm32h7xx_hal_spi.o(i.HAL_SPI_Init)
    HAL_SPI_MspInit                          0x08004b95   Thumb Code   134  spi.o(i.HAL_SPI_MspInit)
    HAL_SPI_RxCpltCallback                   0x08004c29   Thumb Code     2  stm32h7xx_hal_spi.o(i.HAL_SPI_RxCpltCallback)
    HAL_SPI_Transmit                         0x08004c2d   Thumb Code   592  stm32h7xx_hal_spi.o(i.HAL_SPI_Transmit)
    HAL_SPI_TxCpltCallback                   0x08004eb5   Thumb Code     2  stm32h7xx_hal_spi.o(i.HAL_SPI_TxCpltCallback)
    HAL_SPI_TxRxCpltCallback                 0x08004eb7   Thumb Code     2  stm32h7xx_hal_spi.o(i.HAL_SPI_TxRxCpltCallback)
    HAL_SYSTICK_Config                       0x08004eb9   Thumb Code    38  stm32h7xx_hal_cortex.o(i.HAL_SYSTICK_Config)
    HAL_TIMEx_Break2Callback                 0x08004edf   Thumb Code     2  stm32h7xx_hal_tim_ex.o(i.HAL_TIMEx_Break2Callback)
    HAL_TIMEx_BreakCallback                  0x08004ee1   Thumb Code     2  stm32h7xx_hal_tim_ex.o(i.HAL_TIMEx_BreakCallback)
    HAL_TIMEx_CommutCallback                 0x08004ee3   Thumb Code     2  stm32h7xx_hal_tim_ex.o(i.HAL_TIMEx_CommutCallback)
    HAL_TIMEx_MasterConfigSynchronization    0x08004ee5   Thumb Code   380  stm32h7xx_hal_tim_ex.o(i.HAL_TIMEx_MasterConfigSynchronization)
    HAL_TIM_Base_Start_IT                    0x080050bd   Thumb Code   200  stm32h7xx_hal_tim.o(i.HAL_TIM_Base_Start_IT)
    HAL_TIM_IC_CaptureCallback               0x080051f1   Thumb Code   120  bsp_tim.o(i.HAL_TIM_IC_CaptureCallback)
    HAL_TIM_IC_ConfigChannel                 0x08005275   Thumb Code   580  stm32h7xx_hal_tim.o(i.HAL_TIM_IC_ConfigChannel)
    HAL_TIM_IC_Init                          0x0800551d   Thumb Code   268  stm32h7xx_hal_tim.o(i.HAL_TIM_IC_Init)
    HAL_TIM_IC_MspInit                       0x08005695   Thumb Code   104  tim.o(i.HAL_TIM_IC_MspInit)
    HAL_TIM_IC_Start_IT                      0x08005705   Thumb Code   512  stm32h7xx_hal_tim.o(i.HAL_TIM_IC_Start_IT)
    HAL_TIM_IRQHandler                       0x0800596d   Thumb Code   386  stm32h7xx_hal_tim.o(i.HAL_TIM_IRQHandler)
    HAL_TIM_OC_DelayElapsedCallback          0x08005aef   Thumb Code     2  stm32h7xx_hal_tim.o(i.HAL_TIM_OC_DelayElapsedCallback)
    HAL_TIM_PWM_PulseFinishedCallback        0x08005af1   Thumb Code     2  stm32h7xx_hal_tim.o(i.HAL_TIM_PWM_PulseFinishedCallback)
    HAL_TIM_PWM_Start                        0x08005af5   Thumb Code   452  stm32h7xx_hal_tim.o(i.HAL_TIM_PWM_Start)
    HAL_TIM_PeriodElapsedCallback            0x08005d21   Thumb Code     2  bsp_tim.o(i.HAL_TIM_PeriodElapsedCallback)
    HAL_TIM_ReadCapturedValue                0x08005d25   Thumb Code   266  stm32h7xx_hal_tim.o(i.HAL_TIM_ReadCapturedValue)
    HAL_TIM_TriggerCallback                  0x08005e95   Thumb Code     2  stm32h7xx_hal_tim.o(i.HAL_TIM_TriggerCallback)
    HAL_UARTEx_DisableFifoMode               0x08005e99   Thumb Code   126  stm32h7xx_hal_uart_ex.o(i.HAL_UARTEx_DisableFifoMode)
    HAL_UARTEx_RxEventCallback               0x08005f75   Thumb Code     2  stm32h7xx_hal_uart.o(i.HAL_UARTEx_RxEventCallback)
    HAL_UARTEx_RxFifoFullCallback            0x08005f77   Thumb Code     2  stm32h7xx_hal_uart_ex.o(i.HAL_UARTEx_RxFifoFullCallback)
    HAL_UARTEx_SetRxFifoThreshold            0x08005f79   Thumb Code   180  stm32h7xx_hal_uart_ex.o(i.HAL_UARTEx_SetRxFifoThreshold)
    HAL_UARTEx_SetTxFifoThreshold            0x08006089   Thumb Code   180  stm32h7xx_hal_uart_ex.o(i.HAL_UARTEx_SetTxFifoThreshold)
    HAL_UARTEx_TxFifoEmptyCallback           0x08006199   Thumb Code     2  stm32h7xx_hal_uart_ex.o(i.HAL_UARTEx_TxFifoEmptyCallback)
    HAL_UARTEx_WakeupCallback                0x0800619b   Thumb Code     2  stm32h7xx_hal_uart_ex.o(i.HAL_UARTEx_WakeupCallback)
    HAL_UART_ErrorCallback                   0x0800619d   Thumb Code     2  stm32h7xx_hal_uart.o(i.HAL_UART_ErrorCallback)
    HAL_UART_IRQHandler                      0x080061a1   Thumb Code   746  stm32h7xx_hal_uart.o(i.HAL_UART_IRQHandler)
    HAL_UART_Init                            0x080064a5   Thumb Code   228  stm32h7xx_hal_uart.o(i.HAL_UART_Init)
    HAL_UART_MspInit                         0x080065e9   Thumb Code   134  usart.o(i.HAL_UART_MspInit)
    HAL_UART_Receive_IT                      0x0800667d   Thumb Code    70  stm32h7xx_hal_uart.o(i.HAL_UART_Receive_IT)
    HAL_UART_RxCpltCallback                  0x080066c9   Thumb Code    40  bsp_usart.o(i.HAL_UART_RxCpltCallback)
    HAL_UART_Transmit                        0x080066fd   Thumb Code   190  stm32h7xx_hal_uart.o(i.HAL_UART_Transmit)
    HAL_UART_TxCpltCallback                  0x080067bb   Thumb Code     2  stm32h7xx_hal_uart.o(i.HAL_UART_TxCpltCallback)
    HardFault_Handler                        0x080067bd   Thumb Code     2  stm32h7xx_it.o(i.HardFault_Handler)
    I2C1_ER_IRQHandler                       0x080067c1   Thumb Code     6  stm32h7xx_it.o(i.I2C1_ER_IRQHandler)
    I2C1_EV_IRQHandler                       0x080067cd   Thumb Code     6  stm32h7xx_it.o(i.I2C1_EV_IRQHandler)
    IIC_Ack                                  0x08006ded   Thumb Code    60  i2c.o(i.IIC_Ack)
    IIC_GPIO_Init                            0x08006e39   Thumb Code    50  i2c.o(i.IIC_GPIO_Init)
    IIC_NAck                                 0x08006e75   Thumb Code    50  i2c.o(i.IIC_NAck)
    IIC_Read_Byte                            0x08006ead   Thumb Code    84  i2c.o(i.IIC_Read_Byte)
    IIC_Send_Byte                            0x08006f05   Thumb Code    86  i2c.o(i.IIC_Send_Byte)
    IIC_Start                                0x08006f61   Thumb Code    60  i2c.o(i.IIC_Start)
    IIC_Stop                                 0x08006fa1   Thumb Code    42  i2c.o(i.IIC_Stop)
    IIC_Wait_Ack                             0x08006fd1   Thumb Code    66  i2c.o(i.IIC_Wait_Ack)
    LCD_Address_Set                          0x08007019   Thumb Code    66  tftlcd.o(i.LCD_Address_Set)
    LCD_Clear                                0x0800705b   Thumb Code    18  tftlcd.o(i.LCD_Clear)
    LCD_Fill                                 0x0800706d   Thumb Code   118  tftlcd.o(i.LCD_Fill)
    LCD_Init                                 0x080070ed   Thumb Code   444  tftlcd.o(i.LCD_Init)
    LCD_ShowChar                             0x080072c1   Thumb Code   302  tftlcd.o(i.LCD_ShowChar)
    LCD_ShowNum                              0x08007401   Thumb Code   106  tftlcd.o(i.LCD_ShowNum)
    LCD_ShowString                           0x0800746b   Thumb Code    76  tftlcd.o(i.LCD_ShowString)
    LCD_Write_HalfWord                       0x080074f1   Thumb Code    36  tftlcd.o(i.LCD_Write_HalfWord)
    MPU_Init                                 0x08007519   Thumb Code   118  mpu6050.o(i.MPU_Init)
    MPU_Read_Byte                            0x0800758f   Thumb Code    58  mpu6050.o(i.MPU_Read_Byte)
    MPU_Read_Len                             0x080075c9   Thumb Code   108  mpu6050.o(i.MPU_Read_Len)
    MPU_Set_Accel_Fsr                        0x08007635   Thumb Code    10  mpu6050.o(i.MPU_Set_Accel_Fsr)
    MPU_Set_Gyro_Fsr                         0x0800763f   Thumb Code    10  mpu6050.o(i.MPU_Set_Gyro_Fsr)
    MPU_Set_LPF                              0x08007649   Thumb Code    48  mpu6050.o(i.MPU_Set_LPF)
    MPU_Set_Rate                             0x08007679   Thumb Code    46  mpu6050.o(i.MPU_Set_Rate)
    MPU_Write_Byte                           0x080076a7   Thumb Code    60  mpu6050.o(i.MPU_Write_Byte)
    MPU_Write_Len                            0x080076e3   Thumb Code    82  mpu6050.o(i.MPU_Write_Len)
    MX_GPIO_Init                             0x08007735   Thumb Code   338  gpio.o(i.MX_GPIO_Init)
    MX_I2C1_Init                             0x080078a1   Thumb Code    76  i2c.o(i.MX_I2C1_Init)
    MX_SPI6_Init                             0x080078f9   Thumb Code    92  spi.o(i.MX_SPI6_Init)
    MX_TIM2_Init                             0x0800795d   Thumb Code   102  tim.o(i.MX_TIM2_Init)
    MX_USART1_UART_Init                      0x080079cd   Thumb Code   100  usart.o(i.MX_USART1_UART_Init)
    MemManage_Handler                        0x08007a3d   Thumb Code     2  stm32h7xx_it.o(i.MemManage_Handler)
    NMI_Handler                              0x08007a3f   Thumb Code     2  stm32h7xx_it.o(i.NMI_Handler)
    PendSV_Handler                           0x08007a41   Thumb Code     2  stm32h7xx_it.o(i.PendSV_Handler)
    SPI6_IRQHandler                          0x08007e2d   Thumb Code     6  stm32h7xx_it.o(i.SPI6_IRQHandler)
    SPI6_WriteData                           0x08007e39   Thumb Code    14  bsp_spi.o(i.SPI6_WriteData)
    SVC_Handler                              0x08007f65   Thumb Code     2  stm32h7xx_it.o(i.SVC_Handler)
    SysTick_Handler                          0x08007f67   Thumb Code     4  stm32h7xx_it.o(i.SysTick_Handler)
    SystemClock_Config                       0x08007f6d   Thumb Code   156  main.o(i.SystemClock_Config)
    SystemInit                               0x08008011   Thumb Code   188  system_stm32h7xx.o(i.SystemInit)
    TIM2_IRQHandler                          0x080080f5   Thumb Code     6  stm32h7xx_it.o(i.TIM2_IRQHandler)
    TIM_Base_SetConfig                       0x08008101   Thumb Code   162  stm32h7xx_hal_tim.o(i.TIM_Base_SetConfig)
    TIM_CCxChannelCmd                        0x080081c5   Thumb Code   150  stm32h7xx_hal_tim.o(i.TIM_CCxChannelCmd)
    TIM_TI1_SetConfig                        0x080082c1   Thumb Code   100  stm32h7xx_hal_tim.o(i.TIM_TI1_SetConfig)
    UART_AdvFeatureConfig                    0x080083bd   Thumb Code   472  stm32h7xx_hal_uart.o(i.UART_AdvFeatureConfig)
    UART_CheckIdleState                      0x080085f1   Thumb Code    96  stm32h7xx_hal_uart.o(i.UART_CheckIdleState)
    UART_SetConfig                           0x08008a2d   Thumb Code  1310  stm32h7xx_hal_uart.o(i.UART_SetConfig)
    UART_Start_Receive_IT                    0x08008f4d   Thumb Code   198  stm32h7xx_hal_uart.o(i.UART_Start_Receive_IT)
    UART_WaitOnFlagUntilTimeout              0x08009025   Thumb Code   164  stm32h7xx_hal_uart.o(i.UART_WaitOnFlagUntilTimeout)
    USART1_IRQHandler                        0x080090c9   Thumb Code     6  stm32h7xx_it.o(i.USART1_IRQHandler)
    UsageFault_Handler                       0x080090d5   Thumb Code     2  stm32h7xx_it.o(i.UsageFault_Handler)
    __ARM_fpclassify                         0x080090d7   Thumb Code    48  fpclassify.o(i.__ARM_fpclassify)
    __hardfp_asin                            0x08009129   Thumb Code   432  asin.o(i.__hardfp_asin)
    __hardfp_atan                            0x08009331   Thumb Code   402  atan.o(i.__hardfp_atan)
    __hardfp_atan2                           0x08009531   Thumb Code   392  atan2.o(i.__hardfp_atan2)
    __kernel_poly                            0x080096f9   Thumb Code   112  poly.o(i.__kernel_poly)
    __mathlib_dbl_infnan                     0x08009769   Thumb Code     6  dunder.o(i.__mathlib_dbl_infnan)
    __mathlib_dbl_infnan2                    0x0800976f   Thumb Code     6  dunder.o(i.__mathlib_dbl_infnan2)
    __mathlib_dbl_invalid                    0x08009779   Thumb Code    10  dunder.o(i.__mathlib_dbl_invalid)
    __mathlib_dbl_underflow                  0x08009791   Thumb Code    10  dunder.o(i.__mathlib_dbl_underflow)
    _is_digit                                0x080097a9   Thumb Code    14  __printf_wp.o(i._is_digit)
    assert_failed                            0x08009849   Thumb Code     2  main.o(i.assert_failed)
    atan                                     0x0800984b   Thumb Code    16  atan.o(i.atan)
    dmp_enable_6x_lp_quat                    0x0800985b   Thumb Code    58  inv_mpu_dmp_motion_driver.o(i.dmp_enable_6x_lp_quat)
    dmp_enable_feature                       0x08009895   Thumb Code   452  inv_mpu_dmp_motion_driver.o(i.dmp_enable_feature)
    dmp_enable_gyro_cal                      0x08009a61   Thumb Code    34  inv_mpu_dmp_motion_driver.o(i.dmp_enable_gyro_cal)
    dmp_enable_lp_quat                       0x08009a9d   Thumb Code    58  inv_mpu_dmp_motion_driver.o(i.dmp_enable_lp_quat)
    dmp_load_motion_driver_firmware          0x08009ad9   Thumb Code    16  inv_mpu_dmp_motion_driver.o(i.dmp_load_motion_driver_firmware)
    dmp_read_fifo                            0x08009aed   Thumb Code   356  inv_mpu_dmp_motion_driver.o(i.dmp_read_fifo)
    dmp_set_accel_bias                       0x08009c55   Thumb Code   212  inv_mpu_dmp_motion_driver.o(i.dmp_set_accel_bias)
    dmp_set_fifo_rate                        0x08009d2d   Thumb Code    82  inv_mpu_dmp_motion_driver.o(i.dmp_set_fifo_rate)
    dmp_set_gyro_bias                        0x08009d91   Thumb Code   196  inv_mpu_dmp_motion_driver.o(i.dmp_set_gyro_bias)
    dmp_set_orientation                      0x08009e5d   Thumb Code   244  inv_mpu_dmp_motion_driver.o(i.dmp_set_orientation)
    dmp_set_shake_reject_thresh              0x08009f65   Thumb Code    48  inv_mpu_dmp_motion_driver.o(i.dmp_set_shake_reject_thresh)
    dmp_set_shake_reject_time                0x08009f95   Thumb Code    32  inv_mpu_dmp_motion_driver.o(i.dmp_set_shake_reject_time)
    dmp_set_shake_reject_timeout             0x08009fb5   Thumb Code    32  inv_mpu_dmp_motion_driver.o(i.dmp_set_shake_reject_timeout)
    dmp_set_tap_axes                         0x08009fd5   Thumb Code    64  inv_mpu_dmp_motion_driver.o(i.dmp_set_tap_axes)
    dmp_set_tap_count                        0x0800a015   Thumb Code    34  inv_mpu_dmp_motion_driver.o(i.dmp_set_tap_count)
    dmp_set_tap_thresh                       0x0800a039   Thumb Code   272  inv_mpu_dmp_motion_driver.o(i.dmp_set_tap_thresh)
    dmp_set_tap_time                         0x0800a16d   Thumb Code    32  inv_mpu_dmp_motion_driver.o(i.dmp_set_tap_time)
    dmp_set_tap_time_multi                   0x0800a18d   Thumb Code    32  inv_mpu_dmp_motion_driver.o(i.dmp_set_tap_time_multi)
    fabs                                     0x0800a1ad   Thumb Code    24  fabs.o(i.fabs)
    fputc                                    0x0800a1c5   Thumb Code    14  bsp_usart.o(i.fputc)
    inv_orientation_matrix_to_scalar         0x0800a675   Thumb Code    34  inv_mpu.o(i.inv_orientation_matrix_to_scalar)
    inv_row_2_scale                          0x0800a697   Thumb Code    72  inv_mpu.o(i.inv_row_2_scale)
    main                                     0x0800a6e1   Thumb Code   656  main.o(i.main)
    mpu_configure_fifo                       0x0800aa09   Thumb Code    78  inv_mpu.o(i.mpu_configure_fifo)
    mpu_dmp_get_data                         0x0800aa5d   Thumb Code   266  inv_mpu.o(i.mpu_dmp_get_data)
    mpu_dmp_init                             0x0800ab75   Thumb Code   158  inv_mpu.o(i.mpu_dmp_init)
    mpu_get_accel_fsr                        0x0800ac19   Thumb Code    54  inv_mpu.o(i.mpu_get_accel_fsr)
    mpu_get_accel_sens                       0x0800ac55   Thumb Code    62  inv_mpu.o(i.mpu_get_accel_sens)
    mpu_get_gyro_fsr                         0x0800ac99   Thumb Code    48  inv_mpu.o(i.mpu_get_gyro_fsr)
    mpu_get_gyro_sens                        0x0800accd   Thumb Code    54  inv_mpu.o(i.mpu_get_gyro_sens)
    mpu_get_lpf                              0x0800ad19   Thumb Code    52  inv_mpu.o(i.mpu_get_lpf)
    mpu_get_sample_rate                      0x0800ad51   Thumb Code    22  inv_mpu.o(i.mpu_get_sample_rate)
    mpu_init                                 0x0800ad6d   Thumb Code   318  inv_mpu.o(i.mpu_init)
    mpu_load_firmware                        0x0800aefd   Thumb Code   150  inv_mpu.o(i.mpu_load_firmware)
    mpu_lp_accel_mode                        0x0800af99   Thumb Code   182  inv_mpu.o(i.mpu_lp_accel_mode)
    mpu_read_fifo_stream                     0x0800b055   Thumb Code   140  inv_mpu.o(i.mpu_read_fifo_stream)
    mpu_read_mem                             0x0800b0e5   Thumb Code    80  inv_mpu.o(i.mpu_read_mem)
    mpu_reset_fifo                           0x0800b139   Thumb Code   340  inv_mpu.o(i.mpu_reset_fifo)
    mpu_run_self_test                        0x0800b291   Thumb Code   234  inv_mpu.o(i.mpu_run_self_test)
    mpu_set_accel_fsr                        0x0800b381   Thumb Code    96  inv_mpu.o(i.mpu_set_accel_fsr)
    mpu_set_bypass                           0x0800b3e5   Thumb Code   214  inv_mpu.o(i.mpu_set_bypass)
    mpu_set_dmp_state                        0x0800b4c1   Thumb Code   118  inv_mpu.o(i.mpu_set_dmp_state)
    mpu_set_gyro_fsr                         0x0800b53d   Thumb Code   102  inv_mpu.o(i.mpu_set_gyro_fsr)
    mpu_set_int_latched                      0x0800b5a9   Thumb Code    94  inv_mpu.o(i.mpu_set_int_latched)
    mpu_set_lpf                              0x0800b60d   Thumb Code   100  inv_mpu.o(i.mpu_set_lpf)
    mpu_set_sample_rate                      0x0800b675   Thumb Code   124  inv_mpu.o(i.mpu_set_sample_rate)
    mpu_set_sensors                          0x0800b6f5   Thumb Code   178  inv_mpu.o(i.mpu_set_sensors)
    mpu_write_mem                            0x0800b7ad   Thumb Code    80  inv_mpu.o(i.mpu_write_mem)
    run_self_test                            0x0800b801   Thumb Code   136  inv_mpu.o(i.run_self_test)
    sqrt                                     0x0800b8e1   Thumb Code   106  sqrt.o(i.sqrt)
    _get_lc_numeric                          0x0800b94d   Thumb Code    44  lc_numeric_c.o(locale$$code)
    _fp_init                                 0x0800b979   Thumb Code    10  fpinit.o(x$fpl$fpinit)
    __fplib_config_fpu_vfp                   0x0800b981   Thumb Code     0  fpinit.o(x$fpl$fpinit)
    __fplib_config_pureend_doubles           0x0800b981   Thumb Code     0  fpinit.o(x$fpl$fpinit)
    _printf_fp_dec                           0x0800b983   Thumb Code     4  printf1.o(x$fpl$printf1)
    UARTPrescTable                           0x0800b986   Data          24  stm32h7xx_hal_uart.o(.constdata)
    __I$use$fp                               0x0800b986   Number         0  usenofp.o(x$fpl$usenofp)
    D1CorePrescTable                         0x0800b9ae   Data          16  system_stm32h7xx.o(.constdata)
    asc2_1206                                0x0800b9be   Data        1140  tftlcd.o(.constdata)
    asc2_1608                                0x0800be32   Data        1520  tftlcd.o(.constdata)
    asc2_2412                                0x0800c422   Data        4560  tftlcd.o(.constdata)
    asc2_3216                                0x0800d5f2   Data       12160  tftlcd.o(.constdata)
    reg                                      0x08010572   Data          27  inv_mpu.o(.constdata)
    hw                                       0x0801058e   Data          12  inv_mpu.o(.constdata)
    test                                     0x0801059c   Data          40  inv_mpu.o(.constdata)
    __mathlib_zero                           0x080112b8   Data           8  qnan.o(.constdata)
    Region$$Table$$Base                      0x080113a4   Number         0  anon$$obj.o(Region$$Table)
    Region$$Table$$Limit                     0x080113c4   Number         0  anon$$obj.o(Region$$Table)
    uwTickFreq                               0x24000000   Data           1  stm32h7xx_hal.o(.data)
    uwTickPrio                               0x24000004   Data           4  stm32h7xx_hal.o(.data)
    uwTick                                   0x24000008   Data           4  stm32h7xx_hal.o(.data)
    SystemCoreClock                          0x2400000c   Data           4  system_stm32h7xx.o(.data)
    SystemD2Clock                            0x24000010   Data           4  system_stm32h7xx.o(.data)
    __stdout                                 0x24000014   Data           4  bsp_usart.o(.data)
    rx1_buf                                  0x24000018   Data           1  bsp_usart.o(.data)
    POINT_COLOR                              0x24000028   Data           2  tftlcd.o(.data)
    BACK_COLOR                               0x2400002a   Data           2  tftlcd.o(.data)
    hi2c1                                    0x24000064   Data          76  i2c.o(.bss)
    hspi6                                    0x240000b0   Data         136  spi.o(.bss)
    htim2                                    0x24000138   Data          76  tim.o(.bss)
    htim4                                    0x24000184   Data          76  tim.o(.bss)
    huart1                                   0x240001d0   Data         144  usart.o(.bss)
    channel_buf                              0x24000260   Data          18  bsp_tim.o(.bss)
    __libspace_start                         0x24000704   Data          96  libspace.o(.bss)
    __temporary_stack_top$libspace           0x24000764   Data           0  libspace.o(.bss)



==============================================================================

Memory Map of the image

  Image Entry point : 0x08000299

  Load Region LR_IROM1 (Base: 0x08000000, Size: 0x00011444, Max: 0x00200000, ABSOLUTE)

    Execution Region ER_IROM1 (Exec base: 0x08000000, Load base: 0x08000000, Size: 0x000113e0, Max: 0x00200000, ABSOLUTE)

    Exec Addr    Load Addr    Size         Type   Attr      Idx    E Section Name        Object

    0x08000000   0x08000000   0x00000298   Data   RO            3    RESET               startup_stm32h743xx.o
    0x08000298   0x08000298   0x00000008   Code   RO         1020  * !!!main             c_w.l(__main.o)
    0x080002a0   0x080002a0   0x00000034   Code   RO         1231    !!!scatter          c_w.l(__scatter.o)
    0x080002d4   0x080002d4   0x0000001a   Code   RO         1232    !!handler_copy      c_w.l(__scatter_copy.o)
    0x080002ee   0x080002ee   0x00000002   PAD
    0x080002f0   0x080002f0   0x0000001c   Code   RO         1233    !!handler_zi        c_w.l(__scatter_zi.o)
    0x0800030c   0x0800030c   0x00000000   Code   RO         1015    .ARM.Collect$$_printf_percent$$00000000  c_w.l(_printf_percent.o)
    0x0800030c   0x0800030c   0x00000006   Code   RO         1014    .ARM.Collect$$_printf_percent$$00000003  c_w.l(_printf_f.o)
    0x08000312   0x08000312   0x00000006   Code   RO         1013    .ARM.Collect$$_printf_percent$$00000009  c_w.l(_printf_d.o)
    0x08000318   0x08000318   0x00000004   Code   RO         1045    .ARM.Collect$$_printf_percent$$00000017  c_w.l(_printf_percent_end.o)
    0x0800031c   0x0800031c   0x00000002   Code   RO         1128    .ARM.Collect$$libinit$$00000000  c_w.l(libinit.o)
    0x0800031e   0x0800031e   0x00000004   Code   RO         1129    .ARM.Collect$$libinit$$00000001  c_w.l(libinit2.o)
    0x08000322   0x08000322   0x00000000   Code   RO         1132    .ARM.Collect$$libinit$$00000004  c_w.l(libinit2.o)
    0x08000322   0x08000322   0x00000000   Code   RO         1135    .ARM.Collect$$libinit$$0000000A  c_w.l(libinit2.o)
    0x08000322   0x08000322   0x00000000   Code   RO         1137    .ARM.Collect$$libinit$$0000000C  c_w.l(libinit2.o)
    0x08000322   0x08000322   0x00000000   Code   RO         1139    .ARM.Collect$$libinit$$0000000E  c_w.l(libinit2.o)
    0x08000322   0x08000322   0x00000006   Code   RO         1140    .ARM.Collect$$libinit$$0000000F  c_w.l(libinit2.o)
    0x08000328   0x08000328   0x00000000   Code   RO         1142    .ARM.Collect$$libinit$$00000011  c_w.l(libinit2.o)
    0x08000328   0x08000328   0x00000000   Code   RO         1144    .ARM.Collect$$libinit$$00000013  c_w.l(libinit2.o)
    0x08000328   0x08000328   0x00000000   Code   RO         1146    .ARM.Collect$$libinit$$00000015  c_w.l(libinit2.o)
    0x08000328   0x08000328   0x0000000a   Code   RO         1147    .ARM.Collect$$libinit$$00000016  c_w.l(libinit2.o)
    0x08000332   0x08000332   0x00000000   Code   RO         1148    .ARM.Collect$$libinit$$00000017  c_w.l(libinit2.o)
    0x08000332   0x08000332   0x00000000   Code   RO         1150    .ARM.Collect$$libinit$$00000019  c_w.l(libinit2.o)
    0x08000332   0x08000332   0x00000000   Code   RO         1152    .ARM.Collect$$libinit$$0000001B  c_w.l(libinit2.o)
    0x08000332   0x08000332   0x00000000   Code   RO         1154    .ARM.Collect$$libinit$$0000001D  c_w.l(libinit2.o)
    0x08000332   0x08000332   0x00000000   Code   RO         1156    .ARM.Collect$$libinit$$0000001F  c_w.l(libinit2.o)
    0x08000332   0x08000332   0x00000000   Code   RO         1158    .ARM.Collect$$libinit$$00000021  c_w.l(libinit2.o)
    0x08000332   0x08000332   0x00000000   Code   RO         1160    .ARM.Collect$$libinit$$00000023  c_w.l(libinit2.o)
    0x08000332   0x08000332   0x00000000   Code   RO         1162    .ARM.Collect$$libinit$$00000025  c_w.l(libinit2.o)
    0x08000332   0x08000332   0x00000000   Code   RO         1166    .ARM.Collect$$libinit$$0000002C  c_w.l(libinit2.o)
    0x08000332   0x08000332   0x00000000   Code   RO         1168    .ARM.Collect$$libinit$$0000002E  c_w.l(libinit2.o)
    0x08000332   0x08000332   0x00000000   Code   RO         1170    .ARM.Collect$$libinit$$00000030  c_w.l(libinit2.o)
    0x08000332   0x08000332   0x00000000   Code   RO         1172    .ARM.Collect$$libinit$$00000032  c_w.l(libinit2.o)
    0x08000332   0x08000332   0x00000002   Code   RO         1173    .ARM.Collect$$libinit$$00000033  c_w.l(libinit2.o)
    0x08000334   0x08000334   0x00000002   Code   RO         1202    .ARM.Collect$$libshutdown$$00000000  c_w.l(libshutdown.o)
    0x08000336   0x08000336   0x00000000   Code   RO         1212    .ARM.Collect$$libshutdown$$00000002  c_w.l(libshutdown2.o)
    0x08000336   0x08000336   0x00000000   Code   RO         1214    .ARM.Collect$$libshutdown$$00000004  c_w.l(libshutdown2.o)
    0x08000336   0x08000336   0x00000000   Code   RO         1216    .ARM.Collect$$libshutdown$$00000006  c_w.l(libshutdown2.o)
    0x08000336   0x08000336   0x00000000   Code   RO         1219    .ARM.Collect$$libshutdown$$00000009  c_w.l(libshutdown2.o)
    0x08000336   0x08000336   0x00000000   Code   RO         1222    .ARM.Collect$$libshutdown$$0000000C  c_w.l(libshutdown2.o)
    0x08000336   0x08000336   0x00000000   Code   RO         1224    .ARM.Collect$$libshutdown$$0000000E  c_w.l(libshutdown2.o)
    0x08000336   0x08000336   0x00000000   Code   RO         1227    .ARM.Collect$$libshutdown$$00000011  c_w.l(libshutdown2.o)
    0x08000336   0x08000336   0x00000002   Code   RO         1228    .ARM.Collect$$libshutdown$$00000012  c_w.l(libshutdown2.o)
    0x08000338   0x08000338   0x00000000   Code   RO         1036    .ARM.Collect$$rtentry$$00000000  c_w.l(__rtentry.o)
    0x08000338   0x08000338   0x00000000   Code   RO         1076    .ARM.Collect$$rtentry$$00000002  c_w.l(__rtentry2.o)
    0x08000338   0x08000338   0x00000006   Code   RO         1088    .ARM.Collect$$rtentry$$00000004  c_w.l(__rtentry4.o)
    0x0800033e   0x0800033e   0x00000000   Code   RO         1078    .ARM.Collect$$rtentry$$00000009  c_w.l(__rtentry2.o)
    0x0800033e   0x0800033e   0x00000004   Code   RO         1079    .ARM.Collect$$rtentry$$0000000A  c_w.l(__rtentry2.o)
    0x08000342   0x08000342   0x00000000   Code   RO         1081    .ARM.Collect$$rtentry$$0000000C  c_w.l(__rtentry2.o)
    0x08000342   0x08000342   0x00000008   Code   RO         1082    .ARM.Collect$$rtentry$$0000000D  c_w.l(__rtentry2.o)
    0x0800034a   0x0800034a   0x00000002   Code   RO         1174    .ARM.Collect$$rtexit$$00000000  c_w.l(rtexit.o)
    0x0800034c   0x0800034c   0x00000000   Code   RO         1183    .ARM.Collect$$rtexit$$00000002  c_w.l(rtexit2.o)
    0x0800034c   0x0800034c   0x00000004   Code   RO         1184    .ARM.Collect$$rtexit$$00000003  c_w.l(rtexit2.o)
    0x08000350   0x08000350   0x00000006   Code   RO         1185    .ARM.Collect$$rtexit$$00000004  c_w.l(rtexit2.o)
    0x08000356   0x08000356   0x00000002   PAD
    0x08000358   0x08000358   0x00000040   Code   RO            4    .text               startup_stm32h743xx.o
    0x08000398   0x08000398   0x000000ee   Code   RO          976    .text               c_w.l(lludivv7m.o)
    0x08000486   0x08000486   0x00000048   Code   RO          977    .text               c_w.l(llsdiv.o)
    0x080004ce   0x080004ce   0x00000002   PAD
    0x080004d0   0x080004d0   0x00000018   Code   RO          980    .text               c_w.l(noretval__2printf.o)
    0x080004e8   0x080004e8   0x00000028   Code   RO          981    .text               c_w.l(noretval__2sprintf.o)
    0x08000510   0x08000510   0x00000078   Code   RO          984    .text               c_w.l(_printf_dec.o)
    0x08000588   0x08000588   0x00000138   Code   RO         1007    .text               c_w.l(__printf_flags_wp.o)
    0x080006c0   0x080006c0   0x00000058   Code   RO         1016    .text               c_w.l(memcmp.o)
    0x08000718   0x08000718   0x00000010   Code   RO         1017    .text               c_w.l(aeabi_memset.o)
    0x08000728   0x08000728   0x0000004e   Code   RO         1018    .text               c_w.l(rt_memclr_w.o)
    0x08000776   0x08000776   0x00000006   Code   RO         1019    .text               c_w.l(heapauxi.o)
    0x0800077c   0x0800077c   0x00000016   Code   RO         1039    .text               c_w.l(_rserrno.o)
    0x08000792   0x08000792   0x000000b2   Code   RO         1040    .text               c_w.l(_printf_intcommon.o)
    0x08000844   0x08000844   0x0000041e   Code   RO         1041    .text               c_w.l(_printf_fp_dec.o)
    0x08000c62   0x08000c62   0x00000002   PAD
    0x08000c64   0x08000c64   0x00000030   Code   RO         1042    .text               c_w.l(_printf_char_common.o)
    0x08000c94   0x08000c94   0x0000000a   Code   RO         1043    .text               c_w.l(_sputc.o)
    0x08000c9e   0x08000c9e   0x00000002   PAD
    0x08000ca0   0x08000ca0   0x00000024   Code   RO         1044    .text               c_w.l(_printf_char_file.o)
    0x08000cc4   0x08000cc4   0x00000044   Code   RO         1046    .text               c_w.l(rt_memclr.o)
    0x08000d08   0x08000d08   0x00000008   Code   RO         1093    .text               c_w.l(rt_locale_intlibspace.o)
    0x08000d10   0x08000d10   0x00000008   Code   RO         1096    .text               c_w.l(rt_errno_addr_intlibspace.o)
    0x08000d18   0x08000d18   0x0000008a   Code   RO         1097    .text               c_w.l(lludiv10.o)
    0x08000da2   0x08000da2   0x00000002   PAD
    0x08000da4   0x08000da4   0x00000080   Code   RO         1098    .text               c_w.l(_printf_fp_infnan.o)
    0x08000e24   0x08000e24   0x000000e4   Code   RO         1100    .text               c_w.l(bigflt0.o)
    0x08000f08   0x08000f08   0x00000008   Code   RO         1113    .text               c_w.l(ferror.o)
    0x08000f10   0x08000f10   0x00000008   Code   RO         1118    .text               c_w.l(libspace.o)
    0x08000f18   0x08000f18   0x0000004a   Code   RO         1120    .text               c_w.l(sys_stackheap_outer.o)
    0x08000f62   0x08000f62   0x00000012   Code   RO         1121    .text               c_w.l(exit.o)
    0x08000f74   0x08000f74   0x00000068   Code   RO         1124    .text               c_w.l(strcmpv7m_pel.o)
    0x08000fdc   0x08000fdc   0x0000000c   Code   RO         1181    .text               c_w.l(sys_exit.o)
    0x08000fe8   0x08000fe8   0x00000002   Code   RO         1195    .text               c_w.l(use_no_semi.o)
    0x08000fea   0x08000fea   0x00000000   Code   RO         1196    .text               c_w.l(indicate_semi.o)
    0x08000fea   0x08000fea   0x0000003e   Code   RO         1102    CL$$btod_d2e        c_w.l(btod.o)
    0x08001028   0x08001028   0x00000046   Code   RO         1104    CL$$btod_d2e_denorm_low  c_w.l(btod.o)
    0x0800106e   0x0800106e   0x00000060   Code   RO         1103    CL$$btod_d2e_norm_op1  c_w.l(btod.o)
    0x080010ce   0x080010ce   0x00000338   Code   RO         1112    CL$$btod_div_common  c_w.l(btod.o)
    0x08001406   0x08001406   0x000000dc   Code   RO         1109    CL$$btod_e2e        c_w.l(btod.o)
    0x080014e2   0x080014e2   0x0000002a   Code   RO         1106    CL$$btod_ediv       c_w.l(btod.o)
    0x0800150c   0x0800150c   0x0000002a   Code   RO         1105    CL$$btod_emul       c_w.l(btod.o)
    0x08001536   0x08001536   0x00000244   Code   RO         1111    CL$$btod_mult_common  c_w.l(btod.o)
    0x0800177a   0x0800177a   0x00000002   Code   RO           61    i.BusFault_Handler  stm32h7xx_it.o
    0x0800177c   0x0800177c   0x00000002   Code   RO           62    i.DebugMon_Handler  stm32h7xx_it.o
    0x0800177e   0x0800177e   0x00000004   Code   RO            8    i.Error_Handler     main.o
    0x08001782   0x08001782   0x00000002   PAD
    0x08001784   0x08001784   0x00000364   Code   RO          223    i.HAL_DMA_Abort     stm32h7xx_hal_dma.o
    0x08001ae8   0x08001ae8   0x00000284   Code   RO          224    i.HAL_DMA_Abort_IT  stm32h7xx_hal_dma.o
    0x08001d6c   0x08001d6c   0x00000006   Code   RO          227    i.HAL_DMA_GetState  stm32h7xx_hal_dma.o
    0x08001d72   0x08001d72   0x00000002   PAD
    0x08001d74   0x08001d74   0x00000024   Code   RO          345    i.HAL_Delay         stm32h7xx_hal.o
    0x08001d98   0x08001d98   0x00000350   Code   RO          196    i.HAL_GPIO_Init     stm32h7xx_hal_gpio.o
    0x080020e8   0x080020e8   0x00000058   Code   RO          198    i.HAL_GPIO_ReadPin  stm32h7xx_hal_gpio.o
    0x08002140   0x08002140   0x0000006c   Code   RO          200    i.HAL_GPIO_WritePin  stm32h7xx_hal_gpio.o
    0x080021ac   0x080021ac   0x0000000c   Code   RO          356    i.HAL_GetREVID      stm32h7xx_hal.o
    0x080021b8   0x080021b8   0x0000000c   Code   RO          357    i.HAL_GetTick       stm32h7xx_hal.o
    0x080021c4   0x080021c4   0x000000dc   Code   RO          472    i.HAL_I2CEx_ConfigAnalogFilter  stm32h7xx_hal_i2c_ex.o
    0x080022a0   0x080022a0   0x000000d4   Code   RO          473    i.HAL_I2CEx_ConfigDigitalFilter  stm32h7xx_hal_i2c_ex.o
    0x08002374   0x08002374   0x00000002   Code   RO          390    i.HAL_I2C_AbortCpltCallback  stm32h7xx_hal_i2c.o
    0x08002376   0x08002376   0x00000002   Code   RO          391    i.HAL_I2C_AddrCallback  stm32h7xx_hal_i2c.o
    0x08002378   0x08002378   0x00000068   Code   RO          394    i.HAL_I2C_ER_IRQHandler  stm32h7xx_hal_i2c.o
    0x080023e0   0x080023e0   0x00000010   Code   RO          395    i.HAL_I2C_EV_IRQHandler  stm32h7xx_hal_i2c.o
    0x080023f0   0x080023f0   0x00000002   Code   RO          397    i.HAL_I2C_ErrorCallback  stm32h7xx_hal_i2c.o
    0x080023f2   0x080023f2   0x00000002   PAD
    0x080023f4   0x080023f4   0x000001c0   Code   RO          401    i.HAL_I2C_Init      stm32h7xx_hal_i2c.o
    0x080025b4   0x080025b4   0x00000002   Code   RO          403    i.HAL_I2C_ListenCpltCallback  stm32h7xx_hal_i2c.o
    0x080025b6   0x080025b6   0x00000002   PAD
    0x080025b8   0x080025b8   0x000000a0   Code   RO           20    i.HAL_I2C_MspInit   i2c.o
    0x08002658   0x08002658   0x00000002   Code   RO          427    i.HAL_I2C_SlaveRxCpltCallback  stm32h7xx_hal_i2c.o
    0x0800265a   0x0800265a   0x00000002   Code   RO          428    i.HAL_I2C_SlaveTxCpltCallback  stm32h7xx_hal_i2c.o
    0x0800265c   0x0800265c   0x00000010   Code   RO          363    i.HAL_IncTick       stm32h7xx_hal.o
    0x0800266c   0x0800266c   0x0000005c   Code   RO          364    i.HAL_Init          stm32h7xx_hal.o
    0x080026c8   0x080026c8   0x00000040   Code   RO          365    i.HAL_InitTick      stm32h7xx_hal.o
    0x08002708   0x08002708   0x00000020   Code   RO           78    i.HAL_MspInit       stm32h7xx_hal_msp.o
    0x08002728   0x08002728   0x00000064   Code   RO           88    i.HAL_NVIC_EnableIRQ  stm32h7xx_hal_cortex.o
    0x0800278c   0x0800278c   0x0000009c   Code   RO           94    i.HAL_NVIC_SetPriority  stm32h7xx_hal_cortex.o
    0x08002828   0x08002828   0x00000080   Code   RO           95    i.HAL_NVIC_SetPriorityGrouping  stm32h7xx_hal_cortex.o
    0x080028a8   0x080028a8   0x000000a4   Code   RO          300    i.HAL_PWREx_ConfigSupply  stm32h7xx_hal_pwr_ex.o
    0x0800294c   0x0800294c   0x00000024   Code   RO          136    i.HAL_RCCEx_GetD3PCLK1Freq  stm32h7xx_hal_rcc_ex.o
    0x08002970   0x08002970   0x00000144   Code   RO          138    i.HAL_RCCEx_GetPLL2ClockFreq  stm32h7xx_hal_rcc_ex.o
    0x08002ab4   0x08002ab4   0x00000144   Code   RO          139    i.HAL_RCCEx_GetPLL3ClockFreq  stm32h7xx_hal_rcc_ex.o
    0x08002bf8   0x08002bf8   0x00000c64   Code   RO          145    i.HAL_RCCEx_PeriphCLKConfig  stm32h7xx_hal_rcc_ex.o
    0x0800385c   0x0800385c   0x000004ac   Code   RO          106    i.HAL_RCC_ClockConfig  stm32h7xx_hal_rcc.o
    0x08003d08   0x08003d08   0x00000044   Code   RO          111    i.HAL_RCC_GetHCLKFreq  stm32h7xx_hal_rcc.o
    0x08003d4c   0x08003d4c   0x00000024   Code   RO          113    i.HAL_RCC_GetPCLK1Freq  stm32h7xx_hal_rcc.o
    0x08003d70   0x08003d70   0x00000024   Code   RO          114    i.HAL_RCC_GetPCLK2Freq  stm32h7xx_hal_rcc.o
    0x08003d94   0x08003d94   0x00000138   Code   RO          115    i.HAL_RCC_GetSysClockFreq  stm32h7xx_hal_rcc.o
    0x08003ecc   0x08003ecc   0x00000704   Code   RO          118    i.HAL_RCC_OscConfig  stm32h7xx_hal_rcc.o
    0x080045d0   0x080045d0   0x00000002   Code   RO          500    i.HAL_SPI_ErrorCallback  stm32h7xx_hal_spi.o
    0x080045d2   0x080045d2   0x00000002   PAD
    0x080045d4   0x080045d4   0x00000240   Code   RO          503    i.HAL_SPI_IRQHandler  stm32h7xx_hal_spi.o
    0x08004814   0x08004814   0x00000380   Code   RO          504    i.HAL_SPI_Init      stm32h7xx_hal_spi.o
    0x08004b94   0x08004b94   0x00000094   Code   RO           37    i.HAL_SPI_MspInit   spi.o
    0x08004c28   0x08004c28   0x00000002   Code   RO          510    i.HAL_SPI_RxCpltCallback  stm32h7xx_hal_spi.o
    0x08004c2a   0x08004c2a   0x00000002   PAD
    0x08004c2c   0x08004c2c   0x00000288   Code   RO          512    i.HAL_SPI_Transmit  stm32h7xx_hal_spi.o
    0x08004eb4   0x08004eb4   0x00000002   Code   RO          518    i.HAL_SPI_TxCpltCallback  stm32h7xx_hal_spi.o
    0x08004eb6   0x08004eb6   0x00000002   Code   RO          520    i.HAL_SPI_TxRxCpltCallback  stm32h7xx_hal_spi.o
    0x08004eb8   0x08004eb8   0x00000026   Code   RO           99    i.HAL_SYSTICK_Config  stm32h7xx_hal_cortex.o
    0x08004ede   0x08004ede   0x00000002   Code   RO          672    i.HAL_TIMEx_Break2Callback  stm32h7xx_hal_tim_ex.o
    0x08004ee0   0x08004ee0   0x00000002   Code   RO          673    i.HAL_TIMEx_BreakCallback  stm32h7xx_hal_tim_ex.o
    0x08004ee2   0x08004ee2   0x00000002   Code   RO          674    i.HAL_TIMEx_CommutCallback  stm32h7xx_hal_tim_ex.o
    0x08004ee4   0x08004ee4   0x000001d8   Code   RO          694    i.HAL_TIMEx_MasterConfigSynchronization  stm32h7xx_hal_tim_ex.o
    0x080050bc   0x080050bc   0x00000134   Code   RO          557    i.HAL_TIM_Base_Start_IT  stm32h7xx_hal_tim.o
    0x080051f0   0x080051f0   0x00000084   Code   RO          835    i.HAL_TIM_IC_CaptureCallback  bsp_tim.o
    0x08005274   0x08005274   0x000002a8   Code   RO          588    i.HAL_TIM_IC_ConfigChannel  stm32h7xx_hal_tim.o
    0x0800551c   0x0800551c   0x00000178   Code   RO          591    i.HAL_TIM_IC_Init   stm32h7xx_hal_tim.o
    0x08005694   0x08005694   0x00000070   Code   RO           44    i.HAL_TIM_IC_MspInit  tim.o
    0x08005704   0x08005704   0x00000268   Code   RO          596    i.HAL_TIM_IC_Start_IT  stm32h7xx_hal_tim.o
    0x0800596c   0x0800596c   0x00000182   Code   RO          600    i.HAL_TIM_IRQHandler  stm32h7xx_hal_tim.o
    0x08005aee   0x08005aee   0x00000002   Code   RO          603    i.HAL_TIM_OC_DelayElapsedCallback  stm32h7xx_hal_tim.o
    0x08005af0   0x08005af0   0x00000002   Code   RO          630    i.HAL_TIM_PWM_PulseFinishedCallback  stm32h7xx_hal_tim.o
    0x08005af2   0x08005af2   0x00000002   PAD
    0x08005af4   0x08005af4   0x0000022c   Code   RO          632    i.HAL_TIM_PWM_Start  stm32h7xx_hal_tim.o
    0x08005d20   0x08005d20   0x00000002   Code   RO          836    i.HAL_TIM_PeriodElapsedCallback  bsp_tim.o
    0x08005d22   0x08005d22   0x00000002   PAD
    0x08005d24   0x08005d24   0x00000170   Code   RO          640    i.HAL_TIM_ReadCapturedValue  stm32h7xx_hal_tim.o
    0x08005e94   0x08005e94   0x00000002   Code   RO          643    i.HAL_TIM_TriggerCallback  stm32h7xx_hal_tim.o
    0x08005e96   0x08005e96   0x00000002   PAD
    0x08005e98   0x08005e98   0x000000dc   Code   RO          796    i.HAL_UARTEx_DisableFifoMode  stm32h7xx_hal_uart_ex.o
    0x08005f74   0x08005f74   0x00000002   Code   RO          730    i.HAL_UARTEx_RxEventCallback  stm32h7xx_hal_uart.o
    0x08005f76   0x08005f76   0x00000002   Code   RO          803    i.HAL_UARTEx_RxFifoFullCallback  stm32h7xx_hal_uart_ex.o
    0x08005f78   0x08005f78   0x00000110   Code   RO          804    i.HAL_UARTEx_SetRxFifoThreshold  stm32h7xx_hal_uart_ex.o
    0x08006088   0x08006088   0x00000110   Code   RO          805    i.HAL_UARTEx_SetTxFifoThreshold  stm32h7xx_hal_uart_ex.o
    0x08006198   0x08006198   0x00000002   Code   RO          807    i.HAL_UARTEx_TxFifoEmptyCallback  stm32h7xx_hal_uart_ex.o
    0x0800619a   0x0800619a   0x00000002   Code   RO          808    i.HAL_UARTEx_WakeupCallback  stm32h7xx_hal_uart_ex.o
    0x0800619c   0x0800619c   0x00000002   Code   RO          746    i.HAL_UART_ErrorCallback  stm32h7xx_hal_uart.o
    0x0800619e   0x0800619e   0x00000002   PAD
    0x080061a0   0x080061a0   0x00000304   Code   RO          749    i.HAL_UART_IRQHandler  stm32h7xx_hal_uart.o
    0x080064a4   0x080064a4   0x00000144   Code   RO          750    i.HAL_UART_Init     stm32h7xx_hal_uart.o
    0x080065e8   0x080065e8   0x00000094   Code   RO           55    i.HAL_UART_MspInit  usart.o
    0x0800667c   0x0800667c   0x0000004c   Code   RO          755    i.HAL_UART_Receive_IT  stm32h7xx_hal_uart.o
    0x080066c8   0x080066c8   0x00000034   Code   RO          824    i.HAL_UART_RxCpltCallback  bsp_usart.o
    0x080066fc   0x080066fc   0x000000be   Code   RO          759    i.HAL_UART_Transmit  stm32h7xx_hal_uart.o
    0x080067ba   0x080067ba   0x00000002   Code   RO          762    i.HAL_UART_TxCpltCallback  stm32h7xx_hal_uart.o
    0x080067bc   0x080067bc   0x00000002   Code   RO           63    i.HardFault_Handler  stm32h7xx_it.o
    0x080067be   0x080067be   0x00000002   PAD
    0x080067c0   0x080067c0   0x0000000c   Code   RO           64    i.I2C1_ER_IRQHandler  stm32h7xx_it.o
    0x080067cc   0x080067cc   0x0000000c   Code   RO           65    i.I2C1_EV_IRQHandler  stm32h7xx_it.o
    0x080067d8   0x080067d8   0x00000014   Code   RO          440    i.I2C_DMAAbort      stm32h7xx_hal_i2c.o
    0x080067ec   0x080067ec   0x00000060   Code   RO          446    i.I2C_Disable_IRQ   stm32h7xx_hal_i2c.o
    0x0800684c   0x0800684c   0x00000022   Code   RO          448    i.I2C_Flush_TXDR    stm32h7xx_hal_i2c.o
    0x0800686e   0x0800686e   0x00000094   Code   RO          449    i.I2C_ITAddrCplt    stm32h7xx_hal_i2c.o
    0x08006902   0x08006902   0x00000002   PAD
    0x08006904   0x08006904   0x000000f8   Code   RO          450    i.I2C_ITError       stm32h7xx_hal_i2c.o
    0x080069fc   0x080069fc   0x00000064   Code   RO          451    i.I2C_ITListenCplt  stm32h7xx_hal_i2c.o
    0x08006a60   0x08006a60   0x000001cc   Code   RO          454    i.I2C_ITSlaveCplt   stm32h7xx_hal_i2c.o
    0x08006c2c   0x08006c2c   0x00000072   Code   RO          455    i.I2C_ITSlaveSeqCplt  stm32h7xx_hal_i2c.o
    0x08006c9e   0x08006c9e   0x00000002   PAD
    0x08006ca0   0x08006ca0   0x00000120   Code   RO          462    i.I2C_Slave_ISR_IT  stm32h7xx_hal_i2c.o
    0x08006dc0   0x08006dc0   0x0000002a   Code   RO          464    i.I2C_TreatErrorCallback  stm32h7xx_hal_i2c.o
    0x08006dea   0x08006dea   0x00000002   PAD
    0x08006dec   0x08006dec   0x00000040   Code   RO           21    i.IIC_Ack           i2c.o
    0x08006e2c   0x08006e2c   0x0000000c   Code   RO           23    i.IIC_Delay         i2c.o
    0x08006e38   0x08006e38   0x0000003c   Code   RO           24    i.IIC_GPIO_Init     i2c.o
    0x08006e74   0x08006e74   0x00000038   Code   RO           25    i.IIC_NAck          i2c.o
    0x08006eac   0x08006eac   0x00000058   Code   RO           26    i.IIC_Read_Byte     i2c.o
    0x08006f04   0x08006f04   0x0000005c   Code   RO           27    i.IIC_Send_Byte     i2c.o
    0x08006f60   0x08006f60   0x00000040   Code   RO           28    i.IIC_Start         i2c.o
    0x08006fa0   0x08006fa0   0x00000030   Code   RO           29    i.IIC_Stop          i2c.o
    0x08006fd0   0x08006fd0   0x00000048   Code   RO           30    i.IIC_Wait_Ack      i2c.o
    0x08007018   0x08007018   0x00000042   Code   RO          843    i.LCD_Address_Set   tftlcd.o
    0x0800705a   0x0800705a   0x00000012   Code   RO          844    i.LCD_Clear         tftlcd.o
    0x0800706c   0x0800706c   0x00000080   Code   RO          853    i.LCD_Fill          tftlcd.o
    0x080070ec   0x080070ec   0x000001c0   Code   RO          854    i.LCD_Init          tftlcd.o
    0x080072ac   0x080072ac   0x00000010   Code   RO          855    i.LCD_Pow           tftlcd.o
    0x080072bc   0x080072bc   0x00000004   Code   RO          856    i.LCD_SPI_Send      tftlcd.o
    0x080072c0   0x080072c0   0x00000140   Code   RO          857    i.LCD_ShowChar      tftlcd.o
    0x08007400   0x08007400   0x0000006a   Code   RO          858    i.LCD_ShowNum       tftlcd.o
    0x0800746a   0x0800746a   0x0000004c   Code   RO          859    i.LCD_ShowString    tftlcd.o
    0x080074b6   0x080074b6   0x00000002   PAD
    0x080074b8   0x080074b8   0x0000001c   Code   RO          862    i.LCD_Write_Cmd     tftlcd.o
    0x080074d4   0x080074d4   0x0000001c   Code   RO          863    i.LCD_Write_Data    tftlcd.o
    0x080074f0   0x080074f0   0x00000028   Code   RO          864    i.LCD_Write_HalfWord  tftlcd.o
    0x08007518   0x08007518   0x00000076   Code   RO          965    i.MPU_Init          mpu6050.o
    0x0800758e   0x0800758e   0x0000003a   Code   RO          966    i.MPU_Read_Byte     mpu6050.o
    0x080075c8   0x080075c8   0x0000006c   Code   RO          967    i.MPU_Read_Len      mpu6050.o
    0x08007634   0x08007634   0x0000000a   Code   RO          968    i.MPU_Set_Accel_Fsr  mpu6050.o
    0x0800763e   0x0800763e   0x0000000a   Code   RO          969    i.MPU_Set_Gyro_Fsr  mpu6050.o
    0x08007648   0x08007648   0x00000030   Code   RO          970    i.MPU_Set_LPF       mpu6050.o
    0x08007678   0x08007678   0x0000002e   Code   RO          971    i.MPU_Set_Rate      mpu6050.o
    0x080076a6   0x080076a6   0x0000003c   Code   RO          972    i.MPU_Write_Byte    mpu6050.o
    0x080076e2   0x080076e2   0x00000052   Code   RO          973    i.MPU_Write_Len     mpu6050.o
    0x08007734   0x08007734   0x0000016c   Code   RO           15    i.MX_GPIO_Init      gpio.o
    0x080078a0   0x080078a0   0x00000058   Code   RO           31    i.MX_I2C1_Init      i2c.o
    0x080078f8   0x080078f8   0x00000064   Code   RO           38    i.MX_SPI6_Init      spi.o
    0x0800795c   0x0800795c   0x00000070   Code   RO           48    i.MX_TIM2_Init      tim.o
    0x080079cc   0x080079cc   0x00000070   Code   RO           56    i.MX_USART1_UART_Init  usart.o
    0x08007a3c   0x08007a3c   0x00000002   Code   RO           66    i.MemManage_Handler  stm32h7xx_it.o
    0x08007a3e   0x08007a3e   0x00000002   Code   RO           67    i.NMI_Handler       stm32h7xx_it.o
    0x08007a40   0x08007a40   0x00000002   Code   RO           68    i.PendSV_Handler    stm32h7xx_it.o
    0x08007a42   0x08007a42   0x00000002   PAD
    0x08007a44   0x08007a44   0x000001f0   Code   RO          148    i.RCCEx_PLL2_Config  stm32h7xx_hal_rcc_ex.o
    0x08007c34   0x08007c34   0x000001f8   Code   RO          149    i.RCCEx_PLL3_Config  stm32h7xx_hal_rcc_ex.o
    0x08007e2c   0x08007e2c   0x0000000c   Code   RO           69    i.SPI6_IRQHandler   stm32h7xx_it.o
    0x08007e38   0x08007e38   0x00000014   Code   RO          831    i.SPI6_WriteData    bsp_spi.o
    0x08007e4c   0x08007e4c   0x000000bc   Code   RO          523    i.SPI_CloseTransfer  stm32h7xx_hal_spi.o
    0x08007f08   0x08007f08   0x0000001a   Code   RO          524    i.SPI_DMAAbortOnError  stm32h7xx_hal_spi.o
    0x08007f22   0x08007f22   0x00000042   Code   RO          540    i.SPI_WaitOnFlagUntilTimeout  stm32h7xx_hal_spi.o
    0x08007f64   0x08007f64   0x00000002   Code   RO           70    i.SVC_Handler       stm32h7xx_it.o
    0x08007f66   0x08007f66   0x00000004   Code   RO           71    i.SysTick_Handler   stm32h7xx_it.o
    0x08007f6a   0x08007f6a   0x00000002   PAD
    0x08007f6c   0x08007f6c   0x000000a4   Code   RO            9    i.SystemClock_Config  main.o
    0x08008010   0x08008010   0x000000e4   Code   RO          815    i.SystemInit        system_stm32h7xx.o
    0x080080f4   0x080080f4   0x0000000c   Code   RO           72    i.TIM2_IRQHandler   stm32h7xx_it.o
    0x08008100   0x08008100   0x000000c4   Code   RO          645    i.TIM_Base_SetConfig  stm32h7xx_hal_tim.o
    0x080081c4   0x080081c4   0x000000fc   Code   RO          646    i.TIM_CCxChannelCmd  stm32h7xx_hal_tim.o
    0x080082c0   0x080082c0   0x00000080   Code   RO          666    i.TIM_TI1_SetConfig  stm32h7xx_hal_tim.o
    0x08008340   0x08008340   0x00000036   Code   RO          668    i.TIM_TI2_SetConfig  stm32h7xx_hal_tim.o
    0x08008376   0x08008376   0x00000002   PAD
    0x08008378   0x08008378   0x00000044   Code   RO          809    i.UARTEx_SetNbDataToProcess  stm32h7xx_hal_uart_ex.o
    0x080083bc   0x080083bc   0x00000234   Code   RO          764    i.UART_AdvFeatureConfig  stm32h7xx_hal_uart.o
    0x080085f0   0x080085f0   0x00000060   Code   RO          765    i.UART_CheckIdleState  stm32h7xx_hal_uart.o
    0x08008650   0x08008650   0x00000014   Code   RO          766    i.UART_DMAAbortOnError  stm32h7xx_hal_uart.o
    0x08008664   0x08008664   0x00000038   Code   RO          776    i.UART_EndRxTransfer  stm32h7xx_hal_uart.o
    0x0800869c   0x0800869c   0x00000080   Code   RO          778    i.UART_RxISR_16BIT  stm32h7xx_hal_uart.o
    0x0800871c   0x0800871c   0x00000148   Code   RO          779    i.UART_RxISR_16BIT_FIFOEN  stm32h7xx_hal_uart.o
    0x08008864   0x08008864   0x00000080   Code   RO          780    i.UART_RxISR_8BIT   stm32h7xx_hal_uart.o
    0x080088e4   0x080088e4   0x00000148   Code   RO          781    i.UART_RxISR_8BIT_FIFOEN  stm32h7xx_hal_uart.o
    0x08008a2c   0x08008a2c   0x0000051e   Code   RO          782    i.UART_SetConfig    stm32h7xx_hal_uart.o
    0x08008f4a   0x08008f4a   0x00000002   PAD
    0x08008f4c   0x08008f4c   0x000000d8   Code   RO          784    i.UART_Start_Receive_IT  stm32h7xx_hal_uart.o
    0x08009024   0x08009024   0x000000a4   Code   RO          789    i.UART_WaitOnFlagUntilTimeout  stm32h7xx_hal_uart.o
    0x080090c8   0x080090c8   0x0000000c   Code   RO           73    i.USART1_IRQHandler  stm32h7xx_it.o
    0x080090d4   0x080090d4   0x00000002   Code   RO           74    i.UsageFault_Handler  stm32h7xx_it.o
    0x080090d6   0x080090d6   0x00000030   Code   RO         1066    i.__ARM_fpclassify  m_wv.l(fpclassify.o)
    0x08009106   0x08009106   0x00000022   Code   RO          101    i.__NVIC_SetPriority  stm32h7xx_hal_cortex.o
    0x08009128   0x08009128   0x00000208   Code   RO         1022    i.__hardfp_asin     m_wv.l(asin.o)
    0x08009330   0x08009330   0x00000200   Code   RO         1048    i.__hardfp_atan     m_wv.l(atan.o)
    0x08009530   0x08009530   0x000001c8   Code   RO         1030    i.__hardfp_atan2    m_wv.l(atan2.o)
    0x080096f8   0x080096f8   0x00000070   Code   RO         1067    i.__kernel_poly     m_wv.l(poly.o)
    0x08009768   0x08009768   0x00000006   Code   RO         1057    i.__mathlib_dbl_infnan  m_wv.l(dunder.o)
    0x0800976e   0x0800976e   0x00000006   Code   RO         1058    i.__mathlib_dbl_infnan2  m_wv.l(dunder.o)
    0x08009774   0x08009774   0x00000004   PAD
    0x08009778   0x08009778   0x00000018   Code   RO         1059    i.__mathlib_dbl_invalid  m_wv.l(dunder.o)
    0x08009790   0x08009790   0x00000018   Code   RO         1062    i.__mathlib_dbl_underflow  m_wv.l(dunder.o)
    0x080097a8   0x080097a8   0x0000000e   Code   RO         1006    i._is_digit         c_w.l(__printf_wp.o)
    0x080097b6   0x080097b6   0x00000002   PAD
    0x080097b8   0x080097b8   0x00000090   Code   RO          871    i.accel_self_test   inv_mpu.o
    0x08009848   0x08009848   0x00000002   Code   RO           10    i.assert_failed     main.o
    0x0800984a   0x0800984a   0x00000010   Code   RO         1050    i.atan              m_wv.l(atan.o)
    0x0800985a   0x0800985a   0x0000003a   Code   RO          930    i.dmp_enable_6x_lp_quat  inv_mpu_dmp_motion_driver.o
    0x08009894   0x08009894   0x000001cc   Code   RO          931    i.dmp_enable_feature  inv_mpu_dmp_motion_driver.o
    0x08009a60   0x08009a60   0x0000003c   Code   RO          932    i.dmp_enable_gyro_cal  inv_mpu_dmp_motion_driver.o
    0x08009a9c   0x08009a9c   0x0000003a   Code   RO          933    i.dmp_enable_lp_quat  inv_mpu_dmp_motion_driver.o
    0x08009ad6   0x08009ad6   0x00000002   PAD
    0x08009ad8   0x08009ad8   0x00000014   Code   RO          938    i.dmp_load_motion_driver_firmware  inv_mpu_dmp_motion_driver.o
    0x08009aec   0x08009aec   0x00000168   Code   RO          939    i.dmp_read_fifo     inv_mpu_dmp_motion_driver.o
    0x08009c54   0x08009c54   0x000000d8   Code   RO          942    i.dmp_set_accel_bias  inv_mpu_dmp_motion_driver.o
    0x08009d2c   0x08009d2c   0x00000064   Code   RO          943    i.dmp_set_fifo_rate  inv_mpu_dmp_motion_driver.o
    0x08009d90   0x08009d90   0x000000cc   Code   RO          944    i.dmp_set_gyro_bias  inv_mpu_dmp_motion_driver.o
    0x08009e5c   0x08009e5c   0x00000108   Code   RO          946    i.dmp_set_orientation  inv_mpu_dmp_motion_driver.o
    0x08009f64   0x08009f64   0x00000030   Code   RO          949    i.dmp_set_shake_reject_thresh  inv_mpu_dmp_motion_driver.o
    0x08009f94   0x08009f94   0x00000020   Code   RO          950    i.dmp_set_shake_reject_time  inv_mpu_dmp_motion_driver.o
    0x08009fb4   0x08009fb4   0x00000020   Code   RO          951    i.dmp_set_shake_reject_timeout  inv_mpu_dmp_motion_driver.o
    0x08009fd4   0x08009fd4   0x00000040   Code   RO          952    i.dmp_set_tap_axes  inv_mpu_dmp_motion_driver.o
    0x0800a014   0x0800a014   0x00000022   Code   RO          953    i.dmp_set_tap_count  inv_mpu_dmp_motion_driver.o
    0x0800a036   0x0800a036   0x00000002   PAD
    0x0800a038   0x0800a038   0x00000134   Code   RO          954    i.dmp_set_tap_thresh  inv_mpu_dmp_motion_driver.o
    0x0800a16c   0x0800a16c   0x00000020   Code   RO          955    i.dmp_set_tap_time  inv_mpu_dmp_motion_driver.o
    0x0800a18c   0x0800a18c   0x00000020   Code   RO          956    i.dmp_set_tap_time_multi  inv_mpu_dmp_motion_driver.o
    0x0800a1ac   0x0800a1ac   0x00000018   Code   RO         1065    i.fabs              m_wv.l(fabs.o)
    0x0800a1c4   0x0800a1c4   0x00000014   Code   RO          825    i.fputc             bsp_usart.o
    0x0800a1d8   0x0800a1d8   0x000000b4   Code   RO          872    i.get_accel_prod_shift  inv_mpu.o
    0x0800a28c   0x0800a28c   0x00000314   Code   RO          873    i.get_st_biases     inv_mpu.o
    0x0800a5a0   0x0800a5a0   0x000000d4   Code   RO          874    i.gyro_self_test    inv_mpu.o
    0x0800a674   0x0800a674   0x00000022   Code   RO          875    i.inv_orientation_matrix_to_scalar  inv_mpu.o
    0x0800a696   0x0800a696   0x00000048   Code   RO          876    i.inv_row_2_scale   inv_mpu.o
    0x0800a6de   0x0800a6de   0x00000002   PAD
    0x0800a6e0   0x0800a6e0   0x00000328   Code   RO           11    i.main              main.o
    0x0800aa08   0x0800aa08   0x00000054   Code   RO          877    i.mpu_configure_fifo  inv_mpu.o
    0x0800aa5c   0x0800aa5c   0x00000118   Code   RO          878    i.mpu_dmp_get_data  inv_mpu.o
    0x0800ab74   0x0800ab74   0x000000a4   Code   RO          879    i.mpu_dmp_init      inv_mpu.o
    0x0800ac18   0x0800ac18   0x0000003c   Code   RO          880    i.mpu_get_accel_fsr  inv_mpu.o
    0x0800ac54   0x0800ac54   0x00000044   Code   RO          882    i.mpu_get_accel_sens  inv_mpu.o
    0x0800ac98   0x0800ac98   0x00000034   Code   RO          888    i.mpu_get_gyro_fsr  inv_mpu.o
    0x0800accc   0x0800accc   0x0000004c   Code   RO          890    i.mpu_get_gyro_sens  inv_mpu.o
    0x0800ad18   0x0800ad18   0x00000038   Code   RO          892    i.mpu_get_lpf       inv_mpu.o
    0x0800ad50   0x0800ad50   0x0000001c   Code   RO          894    i.mpu_get_sample_rate  inv_mpu.o
    0x0800ad6c   0x0800ad6c   0x00000190   Code   RO          896    i.mpu_init          inv_mpu.o
    0x0800aefc   0x0800aefc   0x0000009c   Code   RO          897    i.mpu_load_firmware  inv_mpu.o
    0x0800af98   0x0800af98   0x000000bc   Code   RO          898    i.mpu_lp_accel_mode  inv_mpu.o
    0x0800b054   0x0800b054   0x00000090   Code   RO          901    i.mpu_read_fifo_stream  inv_mpu.o
    0x0800b0e4   0x0800b0e4   0x00000054   Code   RO          902    i.mpu_read_mem      inv_mpu.o
    0x0800b138   0x0800b138   0x00000158   Code   RO          905    i.mpu_reset_fifo    inv_mpu.o
    0x0800b290   0x0800b290   0x000000f0   Code   RO          906    i.mpu_run_self_test  inv_mpu.o
    0x0800b380   0x0800b380   0x00000064   Code   RO          908    i.mpu_set_accel_fsr  inv_mpu.o
    0x0800b3e4   0x0800b3e4   0x000000dc   Code   RO          909    i.mpu_set_bypass    inv_mpu.o
    0x0800b4c0   0x0800b4c0   0x0000007c   Code   RO          911    i.mpu_set_dmp_state  inv_mpu.o
    0x0800b53c   0x0800b53c   0x0000006c   Code   RO          912    i.mpu_set_gyro_fsr  inv_mpu.o
    0x0800b5a8   0x0800b5a8   0x00000064   Code   RO          913    i.mpu_set_int_latched  inv_mpu.o
    0x0800b60c   0x0800b60c   0x00000068   Code   RO          915    i.mpu_set_lpf       inv_mpu.o
    0x0800b674   0x0800b674   0x00000080   Code   RO          916    i.mpu_set_sample_rate  inv_mpu.o
    0x0800b6f4   0x0800b6f4   0x000000b8   Code   RO          917    i.mpu_set_sensors   inv_mpu.o
    0x0800b7ac   0x0800b7ac   0x00000054   Code   RO          918    i.mpu_write_mem     inv_mpu.o
    0x0800b800   0x0800b800   0x00000088   Code   RO          919    i.run_self_test     inv_mpu.o
    0x0800b888   0x0800b888   0x00000058   Code   RO          920    i.set_int_enable    inv_mpu.o
    0x0800b8e0   0x0800b8e0   0x0000006a   Code   RO         1071    i.sqrt              m_wv.l(sqrt.o)
    0x0800b94a   0x0800b94a   0x00000002   PAD
    0x0800b94c   0x0800b94c   0x0000002c   Code   RO         1116    locale$$code        c_w.l(lc_numeric_c.o)
    0x0800b978   0x0800b978   0x0000000a   Code   RO         1180    x$fpl$fpinit        fz_wv.l(fpinit.o)
    0x0800b982   0x0800b982   0x00000004   Code   RO         1021    x$fpl$printf1       fz_wv.l(printf1.o)
    0x0800b986   0x0800b986   0x00000000   Code   RO         1047    x$fpl$usenofp       fz_wv.l(usenofp.o)
    0x0800b986   0x0800b986   0x00000018   Data   RO          790    .constdata          stm32h7xx_hal_uart.o
    0x0800b99e   0x0800b99e   0x00000010   Data   RO          810    .constdata          stm32h7xx_hal_uart_ex.o
    0x0800b9ae   0x0800b9ae   0x00000010   Data   RO          816    .constdata          system_stm32h7xx.o
    0x0800b9be   0x0800b9be   0x00004bb4   Data   RO          866    .constdata          tftlcd.o
    0x08010572   0x08010572   0x0000001b   Data   RO          922    .constdata          inv_mpu.o
    0x0801058d   0x0801058d   0x00000001   PAD
    0x0801058e   0x0801058e   0x0000000c   Data   RO          923    .constdata          inv_mpu.o
    0x0801059a   0x0801059a   0x00000002   PAD
    0x0801059c   0x0801059c   0x00000028   Data   RO          924    .constdata          inv_mpu.o
    0x080105c4   0x080105c4   0x00000bf6   Data   RO          958    .constdata          inv_mpu_dmp_motion_driver.o
    0x080111ba   0x080111ba   0x00000011   Data   RO         1008    .constdata          c_w.l(__printf_flags_wp.o)
    0x080111cb   0x080111cb   0x00000005   PAD
    0x080111d0   0x080111d0   0x00000050   Data   RO         1025    .constdata          m_wv.l(asin.o)
    0x08011220   0x08011220   0x00000098   Data   RO         1051    .constdata          m_wv.l(atan.o)
    0x080112b8   0x080112b8   0x00000008   Data   RO         1068    .constdata          m_wv.l(qnan.o)
    0x080112c0   0x080112c0   0x00000094   Data   RO         1101    .constdata          c_w.l(bigflt0.o)
    0x08011354   0x08011354   0x0000004d   Data   RO          925    .conststring        inv_mpu.o
    0x080113a1   0x080113a1   0x00000003   PAD
    0x080113a4   0x080113a4   0x00000020   Data   RO         1229    Region$$Table       anon$$obj.o
    0x080113c4   0x080113c4   0x0000001c   Data   RO         1115    locale$$data        c_w.l(lc_numeric_c.o)


    Execution Region RW_IRAM1 (Exec base: 0x20000000, Load base: 0x080113e0, Size: 0x00000000, Max: 0x00020000, ABSOLUTE)

    **** No section assigned to this execution region ****


    Execution Region RW_IRAM2 (Exec base: 0x24000000, Load base: 0x080113e0, Size: 0x00001768, Max: 0x00080000, ABSOLUTE)

    Exec Addr    Load Addr    Size         Type   Attr      Idx    E Section Name        Object

    0x24000000   0x080113e0   0x0000000c   Data   RW          386    .data               stm32h7xx_hal.o
    0x2400000c   0x080113ec   0x00000008   Data   RW          817    .data               system_stm32h7xx.o
    0x24000014   0x080113f4   0x00000004   Data   RW          826    .data               bsp_usart.o
    0x24000018   0x080113f8   0x00000001   Data   RW          827    .data               bsp_usart.o
    0x24000019   0x080113f9   0x00000003   PAD
    0x2400001c   0x080113fc   0x0000000c   Data   RW          838    .data               bsp_tim.o
    0x24000028   0x08011408   0x00000004   Data   RW          867    .data               tftlcd.o
    0x2400002c   0x0801140c   0x00000035   Data   RW          926    .data               inv_mpu.o
    0x24000061   0x08011441   0x00000003   PAD
    0x24000064        -       0x0000004c   Zero   RW           32    .bss                i2c.o
    0x240000b0        -       0x00000088   Zero   RW           39    .bss                spi.o
    0x24000138        -       0x00000098   Zero   RW           50    .bss                tim.o
    0x240001d0        -       0x00000090   Zero   RW           57    .bss                usart.o
    0x24000260        -       0x00000012   Zero   RW          837    .bss                bsp_tim.o
    0x24000272        -       0x00000480   Zero   RW          865    .bss                tftlcd.o
    0x240006f2   0x08011441   0x00000002   PAD
    0x240006f4        -       0x00000010   Zero   RW          957    .bss                inv_mpu_dmp_motion_driver.o
    0x24000704        -       0x00000060   Zero   RW         1119    .bss                c_w.l(libspace.o)
    0x24000764   0x08011441   0x00000004   PAD
    0x24000768        -       0x00000800   Zero   RW            2    HEAP                startup_stm32h743xx.o
    0x24000f68        -       0x00000800   Zero   RW            1    STACK               startup_stm32h743xx.o


==============================================================================

Image component sizes


      Code (inc. data)   RO Data    RW Data    ZI Data      Debug   Object Name

        20          6          0          0          0          0   bsp_spi.o
       134         12          0         12         18          0   bsp_tim.o
        72         18          0          5          0          0   bsp_usart.o
       364         26          0          0          0          0   gpio.o
       804         70          0          0         76          0   i2c.o
      5230        304        156         53          0          0   inv_mpu.o
      2382        128       3062          0         16          0   inv_mpu_dmp_motion_driver.o
       978        160          0          0          0          0   main.o
       540          0          0          0          0          0   mpu6050.o
       248         22          0          0        136          0   spi.o
        64         26        664          0       4096          0   startup_stm32h743xx.o
       232         44          0         12          0          0   stm32h7xx_hal.o
       456        194          0          0          0          0   stm32h7xx_hal_cortex.o
      1518         70          0          0          0          0   stm32h7xx_hal_dma.o
      1044        260          0          0          0          0   stm32h7xx_hal_gpio.o
      2130        144          0          0          0          0   stm32h7xx_hal_i2c.o
       432        156          0          0          0          0   stm32h7xx_hal_i2c_ex.o
        32          4          0          0          0          0   stm32h7xx_hal_msp.o
       164         66          0          0          0          0   stm32h7xx_hal_pwr_ex.o
      3444        222          0          0          0          0   stm32h7xx_hal_rcc.o
      4856        490          0          0          0          0   stm32h7xx_hal_rcc_ex.o
      2408        142          0          0          0          0   stm32h7xx_hal_spi.o
      3926        790          0          0          0          0   stm32h7xx_hal_tim.o
       478         92          0          0          0          0   stm32h7xx_hal_tim_ex.o
      4706        434         24          0          0          0   stm32h7xx_hal_uart.o
       838        284         16          0          0          0   stm32h7xx_hal_uart_ex.o
        80         30          0          0          0          0   stm32h7xx_it.o
       228         40         16          8          0          0   system_stm32h7xx.o
      1278         48      19380          4       1152          0   tftlcd.o
       224         18          0          0        152          0   tim.o
       260         26          0          0        144          0   usart.o

    ----------------------------------------------------------------------
     39614       4326      23356        100       5792          0   Object Totals
         0          0         32          0          0          0   (incl. Generated)
        44          0          6          6          2          0   (incl. Padding)

    ----------------------------------------------------------------------

      Code (inc. data)   RO Data    RW Data    ZI Data      Debug   Library Member Name

         8          0          0          0          0          0   __main.o
       312          4         17          0          0          0   __printf_flags_wp.o
        14          0          0          0          0          0   __printf_wp.o
         0          0          0          0          0          0   __rtentry.o
        12          0          0          0          0          0   __rtentry2.o
         6          0          0          0          0          0   __rtentry4.o
        52          8          0          0          0          0   __scatter.o
        26          0          0          0          0          0   __scatter_copy.o
        28          0          0          0          0          0   __scatter_zi.o
        48          6          0          0          0          0   _printf_char_common.o
        36          4          0          0          0          0   _printf_char_file.o
         6          0          0          0          0          0   _printf_d.o
       120         16          0          0          0          0   _printf_dec.o
         6          0          0          0          0          0   _printf_f.o
      1054          0          0          0          0          0   _printf_fp_dec.o
       128         16          0          0          0          0   _printf_fp_infnan.o
       178          0          0          0          0          0   _printf_intcommon.o
         0          0          0          0          0          0   _printf_percent.o
         4          0          0          0          0          0   _printf_percent_end.o
        22          0          0          0          0          0   _rserrno.o
        10          0          0          0          0          0   _sputc.o
        16          0          0          0          0          0   aeabi_memset.o
       228          4        148          0          0          0   bigflt0.o
      1936        128          0          0          0          0   btod.o
        18          0          0          0          0          0   exit.o
         8          0          0          0          0          0   ferror.o
         6          0          0          0          0          0   heapauxi.o
         0          0          0          0          0          0   indicate_semi.o
        44         10         28          0          0          0   lc_numeric_c.o
         2          0          0          0          0          0   libinit.o
        22          0          0          0          0          0   libinit2.o
         2          0          0          0          0          0   libshutdown.o
         2          0          0          0          0          0   libshutdown2.o
         8          4          0          0         96          0   libspace.o
        72          0          0          0          0          0   llsdiv.o
       138          0          0          0          0          0   lludiv10.o
       238          0          0          0          0          0   lludivv7m.o
        88          0          0          0          0          0   memcmp.o
        24          4          0          0          0          0   noretval__2printf.o
        40          6          0          0          0          0   noretval__2sprintf.o
         8          4          0          0          0          0   rt_errno_addr_intlibspace.o
         8          4          0          0          0          0   rt_locale_intlibspace.o
        68          0          0          0          0          0   rt_memclr.o
        78          0          0          0          0          0   rt_memclr_w.o
         2          0          0          0          0          0   rtexit.o
        10          0          0          0          0          0   rtexit2.o
       104          0          0          0          0          0   strcmpv7m_pel.o
        12          4          0          0          0          0   sys_exit.o
        74          0          0          0          0          0   sys_stackheap_outer.o
         2          0          0          0          0          0   use_no_semi.o
        10          0          0          0          0          0   fpinit.o
         4          0          0          0          0          0   printf1.o
         0          0          0          0          0          0   usenofp.o
       520         88         80          0          0          0   asin.o
       528        110        152          0          0          0   atan.o
       456         64          0          0          0          0   atan2.o
        60         28          0          0          0          0   dunder.o
        24          0          0          0          0          0   fabs.o
        48          0          0          0          0          0   fpclassify.o
       112          0          0          0          0          0   poly.o
         0          0          8          0          0          0   qnan.o
       106          0          0          0          0          0   sqrt.o

    ----------------------------------------------------------------------
      7216        512        438          0        100          0   Library Totals
        20          0          5          0          4          0   (incl. Padding)

    ----------------------------------------------------------------------

      Code (inc. data)   RO Data    RW Data    ZI Data      Debug   Library Name

      5328        222        193          0         96          0   c_w.l
        14          0          0          0          0          0   fz_wv.l
      1854        290        240          0          0          0   m_wv.l

    ----------------------------------------------------------------------
      7216        512        438          0        100          0   Library Totals

    ----------------------------------------------------------------------

==============================================================================


      Code (inc. data)   RO Data    RW Data    ZI Data      Debug   

     46830       4838      23794        100       5892          0   Grand Totals
     46830       4838      23794        100       5892          0   ELF Image Totals
     46830       4838      23794        100          0          0   ROM Totals

==============================================================================

    Total RO  Size (Code + RO Data)                70624 (  68.97kB)
    Total RW  Size (RW Data + ZI Data)              5992 (   5.85kB)
    Total ROM Size (Code + RO Data + RW Data)      70724 (  69.07kB)

==============================================================================

