Component: ARM Compiler 5.06 update 6 (build 750) Tool: armlink [4d35ed]

==============================================================================

Section Cross References

    startup_stm32f10x_hd.o(STACK) refers (Special) to heapauxi.o(.text) for __use_two_region_memory
    startup_stm32f10x_hd.o(HEAP) refers (Special) to heapauxi.o(.text) for __use_two_region_memory
    startup_stm32f10x_hd.o(RESET) refers (Special) to heapauxi.o(.text) for __use_two_region_memory
    startup_stm32f10x_hd.o(RESET) refers to startup_stm32f10x_hd.o(STACK) for __initial_sp
    startup_stm32f10x_hd.o(RESET) refers to startup_stm32f10x_hd.o(.text) for Reset_Handler
    startup_stm32f10x_hd.o(RESET) refers to usart.o(.text) for USART2_IRQHandler
    startup_stm32f10x_hd.o(RESET) refers to usartx.o(.text) for USART3_IRQHandler
    startup_stm32f10x_hd.o(RESET) refers to control.o(.text) for EXTI15_10_IRQHandler
    startup_stm32f10x_hd.o(.text) refers (Special) to heapauxi.o(.text) for __use_two_region_memory
    startup_stm32f10x_hd.o(.text) refers to __main.o(!!!main) for __main
    startup_stm32f10x_hd.o(.text) refers to startup_stm32f10x_hd.o(HEAP) for Heap_Mem
    startup_stm32f10x_hd.o(.text) refers to startup_stm32f10x_hd.o(STACK) for Stack_Mem
    minibalance.o(.text) refers to sys.o(.text) for Stm32_Clock_Init
    minibalance.o(.text) refers to delay.o(.text) for delay_init
    minibalance.o(.text) refers to led.o(.text) for LED_Init
    minibalance.o(.text) refers to key.o(.text) for KEY_Init
    minibalance.o(.text) refers to oled.o(.text) for OLED_Init
    minibalance.o(.text) refers to usart.o(.text) for uart_init
    minibalance.o(.text) refers to usartx.o(.text) for uart3_init
    minibalance.o(.text) refers to adc.o(.text) for Adc_Init
    minibalance.o(.text) refers to ioi2c.o(.text) for IIC_Init
    minibalance.o(.text) refers to mpu6050.o(.text) for MPU6050_initialize
    minibalance.o(.text) refers to exti.o(.text) for EXTI_Init
    minibalance.o(.text) refers to motor.o(.text) for MiniBalance_PWM_Init
    minibalance.o(.text) refers to show.o(.text) for oled_show
    minibalance.o(.text) refers to minibalance.o(.data) for Run_Flag
    delay.o(.text) refers to delay.o(.data) for fac_us
    sys.o(.text) refers to sys.o(.emb_text) for WFI_SET
    usart.o(.text) refers (Special) to use_no_semi_2.o(.text) for __use_no_semihosting
    usart.o(.text) refers to fflt_clz.o(x$fpl$ffltu) for __aeabi_ui2f
    usart.o(.text) refers to fdiv.o(x$fpl$fdiv) for __aeabi_fdiv
    usart.o(.text) refers to ffixu.o(x$fpl$ffixu) for __aeabi_f2uiz
    usart.o(.text) refers to faddsub_clz.o(x$fpl$frsb) for __aeabi_frsub
    usart.o(.text) refers to fmul.o(x$fpl$fmul) for __aeabi_fmul
    usart.o(.text) refers to sys.o(.text) for MY_NVIC_Init
    usart.o(.text) refers to dflt_clz.o(x$fpl$dflt) for __aeabi_i2d
    usart.o(.text) refers to pow.o(i.pow) for pow
    usart.o(.text) refers to dmul.o(x$fpl$dmul) for __aeabi_dmul
    usart.o(.text) refers to f2d.o(x$fpl$f2d) for __aeabi_f2d
    usart.o(.text) refers to daddsub_clz.o(x$fpl$dadd) for __aeabi_dadd
    usart.o(.text) refers to d2f.o(x$fpl$d2f) for __aeabi_d2f
    usart.o(.text) refers to usart.o(.data) for Usart_Receive
    usart.o(.text) refers to control.o(.data) for Position_Move_Line_stop_flag
    usart.o(.text) refers to minibalance.o(.data) for Run_Flag
    usart.o(.text) refers to usart.o(.bss) for Receive
    usart.o(.text) refers to ffix.o(x$fpl$ffix) for __aeabi_f2iz
    usart.o(.text) refers to rt_memclr.o(.text) for __aeabi_memclr
    usart.o(.bss) refers (Special) to use_no_semi_2.o(.text) for __use_no_semihosting
    usart.o(.data) refers (Special) to use_no_semi_2.o(.text) for __use_no_semihosting
    led.o(.text) refers to led.o(.data) for temp
    key.o(.text) refers to key.o(.data) for Forever_count
    oled.o(.text) refers to delay.o(.text) for delay_ms
    oled.o(.text) refers to oled.o(.bss) for OLED_GRAM
    oled.o(.text) refers to oled.o(.constdata) for oled_asc2_1206
    adc.o(.text) refers to dflt_clz.o(x$fpl$dfltu) for __aeabi_ui2d
    adc.o(.text) refers to dmul.o(x$fpl$dmul) for __aeabi_dmul
    adc.o(.text) refers to ddiv.o(x$fpl$ddiv) for __aeabi_ddiv
    adc.o(.text) refers to dfix.o(x$fpl$dfix) for __aeabi_d2iz
    ioi2c.o(.text) refers to delay.o(.text) for delay_us
    exti.o(.text) refers to sys.o(.text) for Ex_NVIC_Config
    stmflash.o(.text) refers to delay.o(.text) for delay_us
    stmflash.o(.text) refers to fflt_clz.o(x$fpl$ffltu) for __aeabi_ui2f
    stmflash.o(.text) refers to ffixu.o(x$fpl$ffixu) for __aeabi_f2uiz
    stmflash.o(.text) refers to stmflash.o(.bss) for STMFLASH_BUF
    stmflash.o(.text) refers to minibalance.o(.bss) for PID_Parameter
    stmflash.o(.text) refers to minibalance.o(.data) for RC_Velocity
    usartx.o(.text) refers to _printf_percent.o(.ARM.Collect$$_printf_percent$$00000000) for _printf_percent
[...]
    x$fpl$fflt                               0x08009c84   Section       48  fflt_clz.o(x$fpl$fflt)
    x$fpl$ffltu                              0x08009cb4   Section       38  fflt_clz.o(x$fpl$ffltu)
    x$fpl$fleqf                              0x08009cdc   Section      104  fleqf.o(x$fpl$fleqf)
    x$fpl$fmul                               0x08009d44   Section      258  fmul.o(x$fpl$fmul)
    x$fpl$fnaninf                            0x08009e46   Section      140  fnaninf.o(x$fpl$fnaninf)
    x$fpl$fretinf                            0x08009ed2   Section       10  fretinf.o(x$fpl$fretinf)
    x$fpl$frleqf                             0x08009edc   Section       98  frleqf.o(x$fpl$frleqf)
    x$fpl$frsb                               0x08009f3e   Section       20  faddsub_clz.o(x$fpl$frsb)
    x$fpl$fsub                               0x08009f54   Section      234  faddsub_clz.o(x$fpl$fsub)
    _fsub1                                   0x08009f63   Thumb Code     0  faddsub_clz.o(x$fpl$fsub)
    x$fpl$retnan                             0x0800a03e   Section      100  retnan.o(x$fpl$retnan)
    x$fpl$scalbn                             0x0800a0a2   Section       92  scalbn.o(x$fpl$scalbn)
    x$fpl$trapveneer                         0x0800a0fe   Section       48  trapv.o(x$fpl$trapveneer)
    .constdata                               0x0800a12e   Section     2660  oled.o(.constdata)
    x$fpl$usenofp                            0x0800a12e   Section        0  usenofp.o(x$fpl$usenofp)
    .constdata                               0x0800ab94   Section       80  inv_mpu.o(.constdata)
    .constdata                               0x0800abe4   Section     3062  inv_mpu_dmp_motion_driver.o(.constdata)
    dmp_memory                               0x0800abe4   Data        3062  inv_mpu_dmp_motion_driver.o(.constdata)
    .constdata                               0x0800b7e0   Section       80  asin.o(.constdata)
    pS                                       0x0800b7e0   Data          48  asin.o(.constdata)
    qS                                       0x0800b810   Data          32  asin.o(.constdata)
    .constdata                               0x0800b830   Section      136  pow.o(.constdata)
    bp                                       0x0800b830   Data          16  pow.o(.constdata)
    dp_h                                     0x0800b840   Data          16  pow.o(.constdata)
    dp_l                                     0x0800b850   Data          16  pow.o(.constdata)
    L                                        0x0800b860   Data          48  pow.o(.constdata)
    P                                        0x0800b890   Data          40  pow.o(.constdata)
    .constdata                               0x0800b8b8   Section      152  atan.o(.constdata)
    atanhi                                   0x0800b8b8   Data          32  atan.o(.constdata)
    atanlo                                   0x0800b8d8   Data          32  atan.o(.constdata)
    aTodd                                    0x0800b8f8   Data          40  atan.o(.constdata)
    aTeven                                   0x0800b920   Data          48  atan.o(.constdata)
    .constdata                               0x0800b950   Section        8  qnan.o(.constdata)
    .conststring                             0x0800b958   Section       78  inv_mpu.o(.conststring)
    .data                                    0x20000000   Section      168  minibalance.o(.data)
    .data                                    0x200000a8   Section        4  delay.o(.data)
    fac_us                                   0x200000a8   Data           1  delay.o(.data)
    fac_ms                                   0x200000aa   Data           2  delay.o(.data)
    .data                                    0x200000ac   Section       45  usart.o(.data)
    Flag_PID                                 0x200000d0   Data           1  usart.o(.data)
    i                                        0x200000d1   Data           1  usart.o(.data)
    j                                        0x200000d2   Data           1  usart.o(.data)
    Data                                     0x200000d4   Data           4  usart.o(.data)
    flag_key                                 0x200000d8   Data           1  usart.o(.data)
    .data                                    0x200000dc   Section        4  led.o(.data)
    temp                                     0x200000dc   Data           4  led.o(.data)
    .data                                    0x200000e0   Section       14  key.o(.data)
    flag_key                                 0x200000e0   Data           1  key.o(.data)
    count_key                                0x200000e1   Data           1  key.o(.data)
    double_key                               0x200000e2   Data           1  key.o(.data)
    count_single                             0x200000e4   Data           2  key.o(.data)
    Forever_count                            0x200000e6   Data           2  key.o(.data)
    flag_key                                 0x200000e8   Data           1  key.o(.data)
    Long_Press_count                         0x200000ea   Data           2  key.o(.data)
    Long_Press                               0x200000ec   Data           2  key.o(.data)
    .data                                    0x200000f0   Section       45  usartx.o(.data)
    count                                    0x2000011c   Data           1  usartx.o(.data)
    .data                                    0x20000120   Section      136  control.o(.data)
    Last_Target_A                            0x20000140   Data           4  control.o(.data)
    Last_Target_B                            0x20000144   Data           4  control.o(.data)
    Last_Target_C                            0x20000148   Data           4  control.o(.data)
    flag                                     0x2000014c   Data           4  control.o(.data)
    count                                    0x20000150   Data           4  control.o(.data)
    Bias                                     0x20000154   Data           4  control.o(.data)
    Pwm                                      0x20000158   Data           4  control.o(.data)
    Integral_bias                            0x2000015c   Data           4  control.o(.data)
    Last_Bias                                0x20000160   Data           4  control.o(.data)
    Bias                                     0x20000164   Data           4  control.o(.data)
    Pwm                                      0x20000168   Data           4  control.o(.data)
    Integral_bias                            0x2000016c   Data           4  control.o(.data)
    Last_Bias                                0x20000170   Data           4  control.o(.data)
    Bias                                     0x20000174   Data           4  control.o(.data)
    Pwm                                      0x20000178   Data           4  control.o(.data)
    Integral_bias                            0x2000017c   Data           4  control.o(.data)
    Last_Bias                                0x20000180   Data           4  control.o(.data)
    Last_Target_X                            0x20000188   Data           8  control.o(.data)
    Last_Target_Y                            0x20000190   Data           8  control.o(.data)
    Last_Target_Z                            0x20000198   Data           8  control.o(.data)
    Divider                                  0x200001a0   Data           8  control.o(.data)
    .data                                    0x200001a8   Section       44  inv_mpu.o(.data)
    st                                       0x200001a8   Data          44  inv_mpu.o(.data)
    .data                                    0x200001d4   Section       48  mpu6050.o(.data)
    gyro_orientation                         0x200001f4   Data           9  mpu6050.o(.data)
    .data                                    0x20000204   Section        9  show.o(.data)
    flag                                     0x2000020c   Data           1  show.o(.data)
    .bss                                     0x20000210   Section       50  usart.o(.bss)
    Receive                                  0x20000210   Data          50  usart.o(.bss)
    .bss                                     0x20000242   Section     1024  oled.o(.bss)
    .bss                                     0x20000642   Section       10  usartx.o(.bss)
    .bss                                     0x2000064c   Section       16  inv_mpu_dmp_motion_driver.o(.bss)
    dmp                                      0x2000064c   Data          16  inv_mpu_dmp_motion_driver.o(.bss)
    .bss                                     0x2000065c   Section      146  mpu6050.o(.bss)
    .bss                                     0x200006ee   Section       42  datascope_dp.o(.bss)
    .bss                                     0x20000718   Section       96  libspace.o(.bss)
    HEAP                                     0x20000778   Section      512  startup_stm32f10x_hd.o(HEAP)
    Heap_Mem                                 0x20000778   Data         512  startup_stm32f10x_hd.o(HEAP)
    STACK                                    0x20000978   Section     1024  startup_stm32f10x_hd.o(STACK)
    Stack_Mem                                0x20000978   Data        1024  startup_stm32f10x_hd.o(STACK)
    __initial_sp                             0x20000d78   Data           0  startup_stm32f10x_hd.o(STACK)

    Global Symbols

    Symbol Name                              Value     Ov Type        Size  Object(Section)

    BuildAttributes$$THM_ISAv4$P$D$K$B$S$PE$A:L22UL41UL21$X:L11$S22US41US21$IEEE1$IW$USESV6$~STKCKD$USESV7$~SHL$OTIME$ROPI$IEEEX$EBA8$UX$STANDARDLIB$REQ8$PRES8$EABIv2 0x00000000   Number         0  anon$$obj.o ABSOLUTE
    __ARM_use_no_argv                        0x00000000   Number         0  minibalance.o ABSOLUTE
    __ARM_exceptions_init                     - Undefined Weak Reference
    __alloca_initialize                       - Undefined Weak Reference
    __arm_preinit_                            - Undefined Weak Reference
    __cpp_initialize__aeabi_                  - Undefined Weak Reference
    __cxa_finalize                            - Undefined Weak Reference
    __rt_locale                               - Undefined Weak Reference
    __sigvec_lookup                           - Undefined Weak Reference
    _atexit_init                              - Undefined Weak Reference
    _call_atexit_fns                          - Undefined Weak Reference
    _clock_init                               - Undefined Weak Reference
    _fp_trap_init                             - Undefined Weak Reference
    _fp_trap_shutdown                         - Undefined Weak Reference
    _get_lc_collate                           - Undefined Weak Reference
    _get_lc_ctype                             - Undefined Weak Reference
    _get_lc_monetary                          - Undefined Weak Reference
    _get_lc_numeric                           - Undefined Weak Reference
    _get_lc_time                              - Undefined Weak Reference
    _getenv_init                              - Undefined Weak Reference
    _handle_redirection                       - Undefined Weak Reference
    _init_alloc                               - Undefined Weak Reference
    _init_user_alloc                          - Undefined Weak Reference
    _initio                                   - Undefined Weak Reference
    _mutex_acquire                            - Undefined Weak Reference
    _mutex_release                            - Undefined Weak Reference
    _printf_post_padding                      - Undefined Weak Reference
    _printf_pre_padding                       - Undefined Weak Reference
    _printf_truncate_signed                   - Undefined Weak Reference
    _printf_truncate_unsigned                 - Undefined Weak Reference
    _rand_init                                - Undefined Weak Reference
    _signal_finish                            - Undefined Weak Reference
    _signal_init                              - Undefined Weak Reference
    _terminate_alloc                          - Undefined Weak Reference
    _terminate_user_alloc                     - Undefined Weak Reference
    _terminateio                              - Undefined Weak Reference
    __Vectors_Size                           0x00000130   Number         0  startup_stm32f10x_hd.o ABSOLUTE
    __Vectors                                0x08000000   Data           4  startup_stm32f10x_hd.o(RESET)
    __Vectors_End                            0x08000130   Data           0  startup_stm32f10x_hd.o(RESET)
    __main                                   0x08000131   Thumb Code     8  __main.o(!!!main)
    __scatterload                            0x08000139   Thumb Code     0  __scatter.o(!!!scatter)
    __scatterload_rt2                        0x08000139   Thumb Code    44  __scatter.o(!!!scatter)
    __scatterload_rt2_thumb_only             0x08000139   Thumb Code     0  __scatter.o(!!!scatter)
    __scatterload_null                       0x08000147   Thumb Code     0  __scatter.o(!!!scatter)
    __decompress                             0x0800016d   Thumb Code    90  __dczerorl2.o(!!dczerorl2)
    __decompress1                            0x0800016d   Thumb Code     0  __dczerorl2.o(!!dczerorl2)
    __scatterload_zeroinit                   0x080001c9   Thumb Code    28  __scatter_zi.o(!!handler_zi)
    _printf_d                                0x080001e5   Thumb Code     0  _printf_d.o(.ARM.Collect$$_printf_percent$$00000009)
    _printf_percent                          0x080001e5   Thumb Code     0  _printf_percent.o(.ARM.Collect$$_printf_percent$$00000000)
    _printf_percent_end                      0x080001eb   Thumb Code     0  _printf_percent_end.o(.ARM.Collect$$_printf_percent$$00000017)
    __rt_lib_init                            0x080001ef   Thumb Code     0  libinit.o(.ARM.Collect$$libinit$$00000000)
    __rt_lib_init_alloca_1                   0x080001f1   Thumb Code     0  libinit2.o(.ARM.Collect$$libinit$$0000002E)
    __rt_lib_init_argv_1                     0x080001f1   Thumb Code     0  libinit2.o(.ARM.Collect$$libinit$$0000002C)
    __rt_lib_init_atexit_1                   0x080001f1   Thumb Code     0  libinit2.o(.ARM.Collect$$libinit$$0000001B)
    __rt_lib_init_clock_1                    0x080001f1   Thumb Code     0  libinit2.o(.ARM.Collect$$libinit$$00000021)
    __rt_lib_init_cpp_1                      0x080001f1   Thumb Code     0  libinit2.o(.ARM.Collect$$libinit$$00000032)
    __rt_lib_init_exceptions_1               0x080001f1   Thumb Code     0  libinit2.o(.ARM.Collect$$libinit$$00000030)
    __rt_lib_init_fp_1                       0x080001f1   Thumb Code     0  libinit2.o(.ARM.Collect$$libinit$$00000002)
    __rt_lib_init_fp_trap_1                  0x080001f1   Thumb Code     0  libinit2.o(.ARM.Collect$$libinit$$0000001F)
    __rt_lib_init_getenv_1                   0x080001f1   Thumb Code     0  libinit2.o(.ARM.Collect$$libinit$$00000023)
    __rt_lib_init_heap_1                     0x080001f1   Thumb Code     0  libinit2.o(.ARM.Collect$$libinit$$0000000A)
    __rt_lib_init_lc_collate_1               0x080001f1   Thumb Code     0  libinit2.o(.ARM.Collect$$libinit$$00000011)
    __rt_lib_init_lc_ctype_1                 0x080001f1   Thumb Code     0  libinit2.o(.ARM.Collect$$libinit$$00000013)
    __rt_lib_init_lc_monetary_1              0x080001f1   Thumb Code     0  libinit2.o(.ARM.Collect$$libinit$$00000015)
    __rt_lib_init_lc_numeric_1               0x080001f1   Thumb Code     0  libinit2.o(.ARM.Collect$$libinit$$00000017)
    __rt_lib_init_lc_time_1                  0x080001f1   Thumb Code     0  libinit2.o(.ARM.Collect$$libinit$$00000019)
    __rt_lib_init_preinit_1                  0x080001f1   Thumb Code     0  libinit2.o(.ARM.Collect$$libinit$$00000004)
    __rt_lib_init_rand_1                     0x080001f1   Thumb Code     0  libinit2.o(.ARM.Collect$$libinit$$0000000E)
    __rt_lib_init_return                     0x080001f1   Thumb Code     0  libinit2.o(.ARM.Collect$$libinit$$00000033)
    __rt_lib_init_signal_1                   0x080001f1   Thumb Code     0  libinit2.o(.ARM.Collect$$libinit$$0000001D)
    __rt_lib_init_stdio_1                    0x080001f1   Thumb Code     0  libinit2.o(.ARM.Collect$$libinit$$00000025)
    __rt_lib_init_user_alloc_1               0x080001f1   Thumb Code     0  libinit2.o(.ARM.Collect$$libinit$$0000000C)
    __rt_lib_shutdown                        0x080001f3   Thumb Code     0  libshutdown.o(.ARM.Collect$$libshutdown$$00000000)
    __rt_lib_shutdown_cpp_1                  0x080001f5   Thumb Code     0  libshutdown2.o(.ARM.Collect$$libshutdown$$00000002)
    __rt_lib_shutdown_fp_trap_1              0x080001f5   Thumb Code     0  libshutdown2.o(.ARM.Collect$$libshutdown$$00000007)
    __rt_lib_shutdown_heap_1                 0x080001f5   Thumb Code     0  libshutdown2.o(.ARM.Collect$$libshutdown$$0000000F)
    __rt_lib_shutdown_return                 0x080001f5   Thumb Code     0  libshutdown2.o(.ARM.Collect$$libshutdown$$00000010)
    __rt_lib_shutdown_signal_1               0x080001f5   Thumb Code     0  libshutdown2.o(.ARM.Collect$$libshutdown$$0000000A)
    __rt_lib_shutdown_stdio_1                0x080001f5   Thumb Code     0  libshutdown2.o(.ARM.Collect$$libshutdown$$00000004)
    __rt_lib_shutdown_user_alloc_1           0x080001f5   Thumb Code     0  libshutdown2.o(.ARM.Collect$$libshutdown$$0000000C)
    __rt_entry                               0x080001f7   Thumb Code     0  __rtentry.o(.ARM.Collect$$rtentry$$00000000)
    __rt_entry_presh_1                       0x080001f7   Thumb Code     0  __rtentry2.o(.ARM.Collect$$rtentry$$00000002)
    __rt_entry_sh                            0x080001f7   Thumb Code     0  __rtentry4.o(.ARM.Collect$$rtentry$$00000004)
    __rt_entry_li                            0x080001fd   Thumb Code     0  __rtentry2.o(.ARM.Collect$$rtentry$$0000000A)
    __rt_entry_postsh_1                      0x080001fd   Thumb Code     0  __rtentry2.o(.ARM.Collect$$rtentry$$00000009)
    __rt_entry_main                          0x08000201   Thumb Code     0  __rtentry2.o(.ARM.Collect$$rtentry$$0000000D)
    __rt_entry_postli_1                      0x08000201   Thumb Code     0  __rtentry2.o(.ARM.Collect$$rtentry$$0000000C)
    __rt_exit                                0x08000209   Thumb Code     0  rtexit.o(.ARM.Collect$$rtexit$$00000000)
    __rt_exit_ls                             0x0800020b   Thumb Code     0  rtexit2.o(.ARM.Collect$$rtexit$$00000003)
    __rt_exit_prels_1                        0x0800020b   Thumb Code     0  rtexit2.o(.ARM.Collect$$rtexit$$00000002)
    __rt_exit_exit                           0x0800020f   Thumb Code     0  rtexit2.o(.ARM.Collect$$rtexit$$00000004)
    WFI_SET                                  0x08000215   Thumb Code     2  sys.o(.emb_text)
    INTX_DISABLE                             0x08000217   Thumb Code     2  sys.o(.emb_text)
    INTX_ENABLE                              0x08000219   Thumb Code     2  sys.o(.emb_text)
    MSR_MSP                                  0x0800021b   Thumb Code     6  sys.o(.emb_text)
    Reset_Handler                            0x08000221   Thumb Code     4  startup_stm32f10x_hd.o(.text)
    NMI_Handler                              0x08000225   Thumb Code     2  startup_stm32f10x_hd.o(.text)
    HardFault_Handler                        0x08000227   Thumb Code     2  startup_stm32f10x_hd.o(.text)
    MemManage_Handler                        0x08000229   Thumb Code     2  startup_stm32f10x_hd.o(.text)
    BusFault_Handler                         0x0800022b   Thumb Code     2  startup_stm32f10x_hd.o(.text)
    UsageFault_Handler                       0x0800022d   Thumb Code     2  startup_stm32f10x_hd.o(.text)
    SVC_Handler                              0x0800022f   Thumb Code     2  startup_stm32f10x_hd.o(.text)
    DebugMon_Handler                         0x08000231   Thumb Code     2  startup_stm32f10x_hd.o(.text)
    PendSV_Handler                           0x08000233   Thumb Code     2  startup_stm32f10x_hd.o(.text)
    SysTick_Handler                          0x08000235   Thumb Code     2  startup_stm32f10x_hd.o(.text)
    ADC1_2_IRQHandler                        0x08000237   Thumb Code     0  startup_stm32f10x_hd.o(.text)
    ADC3_IRQHandler                          0x08000237   Thumb Code     0  startup_stm32f10x_hd.o(.text)
    CAN1_RX1_IRQHandler                      0x08000237   Thumb Code     0  startup_stm32f10x_hd.o(.text)
    CAN1_SCE_IRQHandler                      0x08000237   Thumb Code     0  startup_stm32f10x_hd.o(.text)
    DMA1_Channel1_IRQHandler                 0x08000237   Thumb Code     0  startup_stm32f10x_hd.o(.text)
    DMA1_Channel2_IRQHandler                 0x08000237   Thumb Code     0  startup_stm32f10x_hd.o(.text)
    DMA1_Channel3_IRQHandler                 0x08000237   Thumb Code     0  startup_stm32f10x_hd.o(.text)
    DMA1_Channel4_IRQHandler                 0x08000237   Thumb Code     0  startup_stm32f10x_hd.o(.text)
    DMA1_Channel5_IRQHandler                 0x08000237   Thumb Code     0  startup_stm32f10x_hd.o(.text)
    DMA1_Channel6_IRQHandler                 0x08000237   Thumb Code     0  startup_stm32f10x_hd.o(.text)
    DMA1_Channel7_IRQHandler                 0x08000237   Thumb Code     0  startup_stm32f10x_hd.o(.text)
    DMA2_Channel1_IRQHandler                 0x08000237   Thumb Code     0  startup_stm32f10x_hd.o(.text)
    DMA2_Channel2_IRQHandler                 0x08000237   Thumb Code     0  startup_stm32f10x_hd.o(.text)
    DMA2_Channel3_IRQHandler                 0x08000237   Thumb Code     0  startup_stm32f10x_hd.o(.text)
    DMA2_Channel4_5_IRQHandler               0x08000237   Thumb Code     0  startup_stm32f10x_hd.o(.text)
    EXTI0_IRQHandler                         0x08000237   Thumb Code     0  startup_stm32f10x_hd.o(.text)
    EXTI1_IRQHandler                         0x08000237   Thumb Code     0  startup_stm32f10x_hd.o(.text)
    EXTI2_IRQHandler                         0x08000237   Thumb Code     0  startup_stm32f10x_hd.o(.text)
    EXTI3_IRQHandler                         0x08000237   Thumb Code     0  startup_stm32f10x_hd.o(.text)
    EXTI4_IRQHandler                         0x08000237   Thumb Code     0  startup_stm32f10x_hd.o(.text)
    EXTI9_5_IRQHandler                       0x08000237   Thumb Code     0  startup_stm32f10x_hd.o(.text)
    FLASH_IRQHandler                         0x08000237   Thumb Code     0  startup_stm32f10x_hd.o(.text)
    FSMC_IRQHandler                          0x08000237   Thumb Code     0  startup_stm32f10x_hd.o(.text)
    I2C1_ER_IRQHandler                       0x08000237   Thumb Code     0  startup_stm32f10x_hd.o(.text)
    I2C1_EV_IRQHandler                       0x08000237   Thumb Code     0  startup_stm32f10x_hd.o(.text)
    I2C2_ER_IRQHandler                       0x08000237   Thumb Code     0  startup_stm32f10x_hd.o(.text)
    I2C2_EV_IRQHandler                       0x08000237   Thumb Code     0  startup_stm32f10x_hd.o(.text)
    PVD_IRQHandler                           0x08000237   Thumb Code     0  startup_stm32f10x_hd.o(.text)
    RCC_IRQHandler                           0x08000237   Thumb Code     0  startup_stm32f10x_hd.o(.text)
    RTCAlarm_IRQHandler                      0x08000237   Thumb Code     0  startup_stm32f10x_hd.o(.text)
    RTC_IRQHandler                           0x08000237   Thumb Code     0  startup_stm32f10x_hd.o(.text)
    SDIO_IRQHandler                          0x08000237   Thumb Code     0  startup_stm32f10x_hd.o(.text)
    SPI1_IRQHandler                          0x08000237   Thumb Code     0  startup_stm32f10x_hd.o(.text)
    SPI2_IRQHandler                          0x08000237   Thumb Code     0  startup_stm32f10x_hd.o(.text)
    SPI3_IRQHandler                          0x08000237   Thumb Code     0  startup_stm32f10x_hd.o(.text)
    TAMPER_IRQHandler                        0x08000237   Thumb Code     0  startup_stm32f10x_hd.o(.text)
    TIM1_BRK_IRQHandler                      0x08000237   Thumb Code     0  startup_stm32f10x_hd.o(.text)
    TIM1_CC_IRQHandler                       0x08000237   Thumb Code     0  startup_stm32f10x_hd.o(.text)
    TIM1_TRG_COM_IRQHandler                  0x08000237   Thumb Code     0  startup_stm32f10x_hd.o(.text)
    TIM1_UP_IRQHandler                       0x08000237   Thumb Code     0  startup_stm32f10x_hd.o(.text)
    TIM2_IRQHandler                          0x08000237   Thumb Code     0  startup_stm32f10x_hd.o(.text)
    TIM3_IRQHandler                          0x08000237   Thumb Code     0  startup_stm32f10x_hd.o(.text)
    TIM4_IRQHandler                          0x08000237   Thumb Code     0  startup_stm32f10x_hd.o(.text)
    TIM5_IRQHandler                          0x08000237   Thumb Code     0  startup_stm32f10x_hd.o(.text)
    TIM6_IRQHandler                          0x08000237   Thumb Code     0  startup_stm32f10x_hd.o(.text)
    TIM7_IRQHandler                          0x08000237   Thumb Code     0  startup_stm32f10x_hd.o(.text)
    TIM8_BRK_IRQHandler                      0x08000237   Thumb Code     0  startup_stm32f10x_hd.o(.text)
    TIM8_CC_IRQHandler                       0x08000237   Thumb Code     0  startup_stm32f10x_hd.o(.text)
    TIM8_TRG_COM_IRQHandler                  0x08000237   Thumb Code     0  startup_stm32f10x_hd.o(.text)
    TIM8_UP_IRQHandler                       0x08000237   Thumb Code     0  startup_stm32f10x_hd.o(.text)
    UART4_IRQHandler                         0x08000237   Thumb Code     0  startup_stm32f10x_hd.o(.text)
    UART5_IRQHandler                         0x08000237   Thumb Code     0  startup_stm32f10x_hd.o(.text)
    USART1_IRQHandler                        0x08000237   Thumb Code     0  startup_stm32f10x_hd.o(.text)
    USBWakeUp_IRQHandler                     0x08000237   Thumb Code     0  startup_stm32f10x_hd.o(.text)
    USB_HP_CAN1_TX_IRQHandler                0x08000237   Thumb Code     0  startup_stm32f10x_hd.o(.text)
    USB_LP_CAN1_RX0_IRQHandler               0x08000237   Thumb Code     0  startup_stm32f10x_hd.o(.text)
    WWDG_IRQHandler                          0x08000237   Thumb Code     0  startup_stm32f10x_hd.o(.text)
    __user_initial_stackheap                 0x08000239   Thumb Code     0  startup_stm32f10x_hd.o(.text)
    main                                     0x08000259   Thumb Code   182  minibalance.o(.text)
    delay_init                               0x08000321   Thumb Code    56  delay.o(.text)
    delay_us                                 0x08000359   Thumb Code    56  delay.o(.text)
    delay_ms                                 0x08000391   Thumb Code    56  delay.o(.text)
    MY_NVIC_SetVectorTable                   0x080003d1   Thumb Code    12  sys.o(.text)
    MY_NVIC_PriorityGroupConfig              0x080003dd   Thumb Code    36  sys.o(.text)
    MY_NVIC_Init                             0x08000401   Thumb Code   116  sys.o(.text)
    Ex_NVIC_Config                           0x08000475   Thumb Code   146  sys.o(.text)
    MYRCC_DeInit                             0x08000507   Thumb Code    90  sys.o(.text)
    Sys_Standby                              0x08000561   Thumb Code    68  sys.o(.text)
    Sys_Soft_Reset                           0x080005a5   Thumb Code    12  sys.o(.text)
    JTAG_Set                                 0x080005b1   Thumb Code    42  sys.o(.text)
    Stm32_Clock_Init                         0x080005db   Thumb Code   134  sys.o(.text)
    _sys_exit                                0x0800068d   Thumb Code     6  usart.o(.text)
    fputc                                    0x08000693   Thumb Code    24  usart.o(.text)
    usart1_send                              0x080006ab   Thumb Code    22  usart.o(.text)
    uart_init                                0x080006c1   Thumb Code   182  usart.o(.text)
    usart2_send                              0x08000777   Thumb Code    22  usart.o(.text)
    uart2_init                               0x0800078d   Thumb Code   234  usart.o(.text)
    USART2_IRQHandler                        0x08000877   Thumb Code   750  usart.o(.text)
    click_RC                                 0x08000b65   Thumb Code    92  usart.o(.text)
    LED_Init                                 0x08000bf1   Thumb Code    52  led.o(.text)
    Led_Flash                                0x08000c25   Thumb Code    44  led.o(.text)
    KEY_Init                                 0x08000c65   Thumb Code    64  key.o(.text)
    click_N_Double                           0x08000ca5   Thumb Code   184  key.o(.text)
    click                                    0x08000d5d   Thumb Code    38  key.o(.text)
    Long_Press                               0x08000d83   Thumb Code    72  key.o(.text)
    OLED_WR_Byte                             0x08000e01   Thumb Code    82  oled.o(.text)
    OLED_Refresh_Gram                        0x08000e53   Thumb Code    70  oled.o(.text)
    OLED_Display_On                          0x08000e99   Thumb Code    28  oled.o(.text)
    OLED_Display_Off                         0x08000eb5   Thumb Code    28  oled.o(.text)
    OLED_Clear                               0x08000ed1   Thumb Code    42  oled.o(.text)
    OLED_DrawPoint                           0x08000efb   Thumb Code   100  oled.o(.text)
    OLED_ShowChar                            0x08000f5f   Thumb Code   158  oled.o(.text)
    oled_pow                                 0x08000ffd   Thumb Code    22  oled.o(.text)
    OLED_ShowNumber                          0x08001013   Thumb Code   148  oled.o(.text)
    OLED_ShowString                          0x080010a7   Thumb Code    68  oled.o(.text)
    OLED_Init                                0x080010eb   Thumb Code   388  oled.o(.text)
    Adc_Init                                 0x08001271   Thumb Code   282  adc.o(.text)
    Get_Adc                                  0x0800138b   Thumb Code    68  adc.o(.text)
    Get_battery_volt                         0x080013cf   Thumb Code    90  adc.o(.text)
    MiniBalance_Motor_Init                   0x0800144d   Thumb Code   112  motor.o(.text)
    MiniBalance_PWM_Init                     0x080014bd   Thumb Code   366  motor.o(.text)
    Set_PWM_Final                            0x0800162b   Thumb Code   190  motor.o(.text)
    IIC_Init                                 0x08001711   Thumb Code    36  ioi2c.o(.text)
    IIC_Start                                0x08001735   Thumb Code    92  ioi2c.o(.text)
    IIC_Stop                                 0x08001791   Thumb Code    64  ioi2c.o(.text)
    IIC_Wait_Ack                             0x080017d1   Thumb Code    92  ioi2c.o(.text)
    IIC_Ack                                  0x0800182d   Thumb Code    68  ioi2c.o(.text)
    IIC_NAck                                 0x08001871   Thumb Code    66  ioi2c.o(.text)
    IIC_Send_Byte                            0x080018b3   Thumb Code    90  ioi2c.o(.text)
    i2cWrite                                 0x0800190d   Thumb Code    96  ioi2c.o(.text)
    IIC_Read_Byte                            0x0800196d   Thumb Code   100  ioi2c.o(.text)
    i2cRead                                  0x080019d1   Thumb Code   118  ioi2c.o(.text)
    I2C_ReadOneByte                          0x08001a47   Thumb Code    70  ioi2c.o(.text)
    IICreadBytes                             0x08001a8d   Thumb Code   116  ioi2c.o(.text)
    IICwriteBytes                            0x08001b01   Thumb Code    70  ioi2c.o(.text)
    IICreadByte                              0x08001b47   Thumb Code    22  ioi2c.o(.text)
    IICwriteByte                             0x08001b5d   Thumb Code    20  ioi2c.o(.text)
    IICwriteBits                             0x08001b71   Thumb Code   106  ioi2c.o(.text)
    IICwriteBit                              0x08001bdb   Thumb Code    64  ioi2c.o(.text)
    EXTI_Init                                0x08001c1d   Thumb Code    76  exti.o(.text)
    usart3_send                              0x08001c71   Thumb Code    22  usartx.o(.text)
    uart3_init                               0x08001c87   Thumb Code   246  usartx.o(.text)
    USART3_IRQHandler                        0x08001d7d   Thumb Code   180  usartx.o(.text)
    UART2_DM_ReportData                      0x08001e31   Thumb Code    38  usartx.o(.text)
    UART_DM_ReportData                       0x08001e57   Thumb Code    38  usartx.o(.text)
    Kinematic_Analysis                       0x08001eb9   Thumb Code   400  control.o(.text)
    Kinematic_Analysis2                      0x08002049   Thumb Code   276  control.o(.text)
    myabs                                    0x0800215d   Thumb Code    14  control.o(.text)
    Linear_Conversion                        0x0800216b   Thumb Code    34  control.o(.text)
    Set_Pwm                                  0x0800218d   Thumb Code   492  control.o(.text)
    Xianfu_Pwm                               0x08002379   Thumb Code    86  control.o(.text)
    Xianfu_Velocity                          0x080023cf   Thumb Code    88  control.o(.text)
    Count_Velocity                           0x08002427   Thumb Code   472  control.o(.text)
    Position_PID_C                           0x080025ff   Thumb Code   126  control.o(.text)
    Position_PID_B                           0x0800267d   Thumb Code   256  control.o(.text)
    Position_PID_A                           0x0800277d   Thumb Code   126  control.o(.text)
    Position_Move_Line                       0x080027fb   Thumb Code  1614  control.o(.text)
    Openmv_Control                           0x08002e49   Thumb Code   124  control.o(.text)
    Get_RC                                   0x08002ec5   Thumb Code  1196  control.o(.text)
    Turn_Off                                 0x08003371   Thumb Code    54  control.o(.text)
    EXTI15_10_IRQHandler                     0x080033a7   Thumb Code   814  control.o(.text)
    Key                                      0x080036d5   Thumb Code    32  control.o(.text)
    mpu_reg_dump                             0x080037e3   Thumb Code    72  inv_mpu.o(.text)
    mpu_read_reg                             0x0800382b   Thumb Code    66  inv_mpu.o(.text)
    mpu_set_int_latched                      0x0800386d   Thumb Code   102  inv_mpu.o(.text)
    mpu_set_sensors                          0x080038d3   Thumb Code   202  inv_mpu.o(.text)
    mpu_set_bypass                           0x0800399d   Thumb Code   328  inv_mpu.o(.text)
    mpu_reset_fifo                           0x08003ae5   Thumb Code   444  inv_mpu.o(.text)
    mpu_configure_fifo                       0x08003ca1   Thumb Code   106  inv_mpu.o(.text)
    mpu_set_lpf                              0x08003d0b   Thumb Code   126  inv_mpu.o(.text)
    mpu_lp_accel_mode                        0x08003d89   Thumb Code   218  inv_mpu.o(.text)
    mpu_set_sample_rate                      0x08003e63   Thumb Code   152  inv_mpu.o(.text)
    mpu_set_accel_fsr                        0x08003efb   Thumb Code   132  inv_mpu.o(.text)
    mpu_set_gyro_fsr                         0x08003f7f   Thumb Code   132  inv_mpu.o(.text)
    mpu_init                                 0x08004003   Thumb Code   416  inv_mpu.o(.text)
    myget_ms                                 0x080041a3   Thumb Code     2  inv_mpu.o(.text)
    mpu_get_gyro_reg                         0x080041a5   Thumb Code   110  inv_mpu.o(.text)
    mpu_get_accel_reg                        0x08004213   Thumb Code   110  inv_mpu.o(.text)
    mpu_get_temperature                      0x08004281   Thumb Code   150  inv_mpu.o(.text)
    mpu_set_accel_bias                       0x08004317   Thumb Code   468  inv_mpu.o(.text)
    mpu_get_gyro_fsr                         0x080044eb   Thumb Code    64  inv_mpu.o(.text)
    mpu_get_accel_fsr                        0x0800452b   Thumb Code    72  inv_mpu.o(.text)
    mpu_get_lpf                              0x08004573   Thumb Code    74  inv_mpu.o(.text)
    mpu_get_sample_rate                      0x080045bd   Thumb Code    26  inv_mpu.o(.text)
    mpu_get_compass_sample_rate              0x080045d7   Thumb Code    10  inv_mpu.o(.text)
    mpu_set_compass_sample_rate              0x080045e1   Thumb Code     8  inv_mpu.o(.text)
    mpu_get_gyro_sens                        0x080045e9   Thumb Code    58  inv_mpu.o(.text)
    mpu_get_accel_sens                       0x08004623   Thumb Code    78  inv_mpu.o(.text)
    mpu_get_fifo_config                      0x08004671   Thumb Code    12  inv_mpu.o(.text)
    mpu_get_power_state                      0x0800467d   Thumb Code    22  inv_mpu.o(.text)
    mpu_get_int_status                       0x08004693   Thumb Code    64  inv_mpu.o(.text)
    mpu_read_fifo                            0x080046d3   Thumb Code   520  inv_mpu.o(.text)
    mpu_read_fifo_stream                     0x080048db   Thumb Code   186  inv_mpu.o(.text)
    mpu_set_int_level                        0x08004995   Thumb Code    12  inv_mpu.o(.text)
    mpu_set_dmp_state                        0x08005075   Thumb Code   138  inv_mpu.o(.text)
    mpu_run_self_test                        0x080050ff   Thumb Code   278  inv_mpu.o(.text)
    mpu_write_mem                            0x08005215   Thumb Code   122  inv_mpu.o(.text)
    mpu_read_mem                             0x0800528f   Thumb Code   122  inv_mpu.o(.text)
    mpu_load_firmware                        0x08005309   Thumb Code   190  inv_mpu.o(.text)
    mpu_get_dmp_state                        0x080053c7   Thumb Code    14  inv_mpu.o(.text)
    mpu_get_compass_reg                      0x080053d5   Thumb Code     8  inv_mpu.o(.text)
    mpu_get_compass_fsr                      0x080053dd   Thumb Code     8  inv_mpu.o(.text)
    mpu_lp_motion_interrupt                  0x080053e5   Thumb Code   512  inv_mpu.o(.text)
    dmp_load_motion_driver_firmware          0x080055e9   Thumb Code    20  inv_mpu_dmp_motion_driver.o(.text)
    dmp_set_orientation                      0x080055fd   Thumb Code   290  inv_mpu_dmp_motion_driver.o(.text)
    dmp_set_gyro_bias                        0x0800571f   Thumb Code   294  inv_mpu_dmp_motion_driver.o(.text)
    dmp_set_accel_bias                       0x08005845   Thumb Code   300  inv_mpu_dmp_motion_driver.o(.text)
    dmp_set_fifo_rate                        0x08005971   Thumb Code   136  inv_mpu_dmp_motion_driver.o(.text)
    dmp_get_fifo_rate                        0x080059f9   Thumb Code    12  inv_mpu_dmp_motion_driver.o(.text)
    dmp_set_tap_thresh                       0x08005a05   Thumb Code   396  inv_mpu_dmp_motion_driver.o(.text)
    dmp_set_tap_axes                         0x08005b91   Thumb Code    70  inv_mpu_dmp_motion_driver.o(.text)
    dmp_set_tap_count                        0x08005bd7   Thumb Code    38  inv_mpu_dmp_motion_driver.o(.text)
    dmp_set_tap_time                         0x08005bfd   Thumb Code    38  inv_mpu_dmp_motion_driver.o(.text)
    dmp_set_tap_time_multi                   0x08005c23   Thumb Code    38  inv_mpu_dmp_motion_driver.o(.text)
    dmp_set_shake_reject_thresh              0x08005c49   Thumb Code    56  inv_mpu_dmp_motion_driver.o(.text)
    dmp_set_shake_reject_time                0x08005c81   Thumb Code    38  inv_mpu_dmp_motion_driver.o(.text)
    dmp_set_shake_reject_timeout             0x08005ca7   Thumb Code    38  inv_mpu_dmp_motion_driver.o(.text)
    dmp_get_pedometer_step_count             0x08005ccd   Thumb Code    66  inv_mpu_dmp_motion_driver.o(.text)
    dmp_set_pedometer_step_count             0x08005d0f   Thumb Code    42  inv_mpu_dmp_motion_driver.o(.text)
    dmp_get_pedometer_walk_time              0x08005d39   Thumb Code    72  inv_mpu_dmp_motion_driver.o(.text)
    dmp_set_pedometer_walk_time              0x08005d81   Thumb Code    48  inv_mpu_dmp_motion_driver.o(.text)
    dmp_enable_6x_lp_quat                    0x08005db1   Thumb Code    84  inv_mpu_dmp_motion_driver.o(.text)
    dmp_enable_lp_quat                       0x08005e05   Thumb Code    60  inv_mpu_dmp_motion_driver.o(.text)
    dmp_enable_gyro_cal                      0x08005e41   Thumb Code    62  inv_mpu_dmp_motion_driver.o(.text)
    dmp_enable_feature                       0x08005e7f   Thumb Code   530  inv_mpu_dmp_motion_driver.o(.text)
    dmp_get_enabled_features                 0x08006091   Thumb Code    12  inv_mpu_dmp_motion_driver.o(.text)
    dmp_set_interrupt_mode                   0x080060fb   Thumb Code    66  inv_mpu_dmp_motion_driver.o(.text)
    dmp_read_fifo                            0x0800613d   Thumb Code   514  inv_mpu_dmp_motion_driver.o(.text)
    dmp_register_tap_cb                      0x0800633f   Thumb Code    10  inv_mpu_dmp_motion_driver.o(.text)
    dmp_register_android_orient_cb           0x08006349   Thumb Code    10  inv_mpu_dmp_motion_driver.o(.text)
    MPU6050_newValues                        0x08006465   Thumb Code   494  mpu6050.o(.text)
    MPU6050_setClockSource                   0x08006653   Thumb Code    20  mpu6050.o(.text)
    MPU6050_setFullScaleGyroRange            0x08006667   Thumb Code    20  mpu6050.o(.text)
    MPU6050_setFullScaleAccelRange           0x0800667b   Thumb Code    20  mpu6050.o(.text)
    MPU6050_setSleepEnabled                  0x0800668f   Thumb Code    18  mpu6050.o(.text)
    MPU6050_getDeviceID                      0x080066a1   Thumb Code    20  mpu6050.o(.text)
    MPU6050_testConnection                   0x080066b5   Thumb Code    18  mpu6050.o(.text)
    MPU6050_setI2CMasterModeEnabled          0x080066c7   Thumb Code    18  mpu6050.o(.text)
    MPU6050_setI2CBypassEnabled              0x080066d9   Thumb Code    18  mpu6050.o(.text)
    MPU6050_initialize                       0x080066eb   Thumb Code    40  mpu6050.o(.text)
    DMP_Init                                 0x08006713   Thumb Code   194  mpu6050.o(.text)
    Read_DMP                                 0x080067d5   Thumb Code   966  mpu6050.o(.text)
    Read_Temperature                         0x08006b9b   Thumb Code   110  mpu6050.o(.text)
    oled_show                                0x08006c39   Thumb Code  1578  show.o(.text)
    APP_Show                                 0x08007263   Thumb Code   270  show.o(.text)
    DataScope                                0x08007371   Thumb Code   452  show.o(.text)
    Float2Byte                               0x08007535   Thumb Code    28  datascope_dp.o(.text)
    DataScope_Get_Channel_Data               0x08007551   Thumb Code   158  datascope_dp.o(.text)
    DataScope_Data_Generate                  0x080075ef   Thumb Code   148  datascope_dp.o(.text)
    __use_no_semihosting                     0x08007689   Thumb Code     2  use_no_semi_2.o(.text)
    __aeabi_ldivmod                          0x0800768b   Thumb Code     0  llsdiv.o(.text)
    _ll_sdiv                                 0x0800768b   Thumb Code    72  llsdiv.o(.text)
    __2printf                                0x080076d5   Thumb Code    20  noretval__2printf.o(.text)
    __printf                                 0x080076ed   Thumb Code   104  __printf.o(.text)
    _printf_int_dec                          0x08007755   Thumb Code   104  _printf_dec.o(.text)
    memcmp                                   0x080077cd   Thumb Code    88  memcmp.o(.text)
    __aeabi_memset                           0x08007825   Thumb Code    16  aeabi_memset.o(.text)
    __aeabi_memclr                           0x08007835   Thumb Code     0  rt_memclr.o(.text)
    __rt_memclr                              0x08007835   Thumb Code    68  rt_memclr.o(.text)
    _memset                                  0x08007839   Thumb Code     0  rt_memclr.o(.text)
    __use_two_region_memory                  0x08007879   Thumb Code     2  heapauxi.o(.text)
    __rt_heap_escrow$2region                 0x0800787b   Thumb Code     2  heapauxi.o(.text)
    __rt_heap_expand$2region                 0x0800787d   Thumb Code     2  heapauxi.o(.text)
    __I$use$semihosting                      0x0800787f   Thumb Code     0  use_no_semi.o(.text)
    __use_no_semihosting_swi                 0x0800787f   Thumb Code     2  use_no_semi.o(.text)
    __aeabi_uldivmod                         0x08007881   Thumb Code     0  lludivv7m.o(.text)
    _ll_udiv                                 0x08007881   Thumb Code   238  lludivv7m.o(.text)
    __read_errno                             0x0800796f   Thumb Code    10  _rserrno.o(.text)
    __set_errno                              0x08007979   Thumb Code    12  _rserrno.o(.text)
    _printf_int_common                       0x08007985   Thumb Code   178  _printf_intcommon.o(.text)
    _printf_char_file                        0x08007a39   Thumb Code    32  _printf_char_file.o(.text)
    __aeabi_memclr4                          0x08007a5d   Thumb Code     0  rt_memclr_w.o(.text)
    __aeabi_memclr8                          0x08007a5d   Thumb Code     0  rt_memclr_w.o(.text)
    __rt_memclr_w                            0x08007a5d   Thumb Code    78  rt_memclr_w.o(.text)
    _memset_w                                0x08007a61   Thumb Code     0  rt_memclr_w.o(.text)
    __aeabi_errno_addr                       0x08007aad   Thumb Code     8  rt_errno_addr_intlibspace.o(.text)
    __errno$intlibspace                      0x08007aad   Thumb Code     0  rt_errno_addr_intlibspace.o(.text)
    __rt_errno_addr$intlibspace              0x08007aad   Thumb Code     0  rt_errno_addr_intlibspace.o(.text)
    _printf_char_common                      0x08007abf   Thumb Code    32  _printf_char_common.o(.text)
    ferror                                   0x08007ae5   Thumb Code     8  ferror.o(.text)
    __user_libspace                          0x08007aed   Thumb Code     8  libspace.o(.text)
    __user_perproc_libspace                  0x08007aed   Thumb Code     0  libspace.o(.text)
    __user_perthread_libspace                0x08007aed   Thumb Code     0  libspace.o(.text)
    __user_setup_stackheap                   0x08007af5   Thumb Code    74  sys_stackheap_outer.o(.text)
    exit                                     0x08007b3f   Thumb Code    18  exit.o(.text)
    __ARM_fpclassify                         0x08007b51   Thumb Code    40  fpclassify.o(i.__ARM_fpclassify)
    __kernel_poly                            0x08007b79   Thumb Code   170  poly.o(i.__kernel_poly)
    __mathlib_dbl_divzero                    0x08007c25   Thumb Code    12  dunder.o(i.__mathlib_dbl_divzero)
    __mathlib_dbl_infnan                     0x08007c35   Thumb Code     6  dunder.o(i.__mathlib_dbl_infnan)
    __mathlib_dbl_infnan2                    0x08007c3b   Thumb Code     4  dunder.o(i.__mathlib_dbl_infnan2)
    __mathlib_dbl_invalid                    0x08007c3f   Thumb Code    12  dunder.o(i.__mathlib_dbl_invalid)
    __mathlib_dbl_overflow                   0x08007c4b   Thumb Code    14  dunder.o(i.__mathlib_dbl_overflow)
    __mathlib_dbl_underflow                  0x08007c59   Thumb Code    10  dunder.o(i.__mathlib_dbl_underflow)
    asin                                     0x08007c69   Thumb Code   572  asin.o(i.asin)
    atan                                     0x08007ed9   Thumb Code   474  atan.o(i.atan)
    atan2                                    0x080080f9   Thumb Code   346  atan2.o(i.atan2)
    pow                                      0x08008279   Thumb Code  2512  pow.o(i.pow)
    sqrt                                     0x08008c51   Thumb Code    76  sqrt.o(i.sqrt)
    __aeabi_d2f                              0x08008c9d   Thumb Code     0  d2f.o(x$fpl$d2f)
    _d2f                                     0x08008c9d   Thumb Code    98  d2f.o(x$fpl$d2f)
    __aeabi_dadd                             0x08008d01   Thumb Code     0  daddsub_clz.o(x$fpl$dadd)
    _dadd                                    0x08008d01   Thumb Code   332  daddsub_clz.o(x$fpl$dadd)
    __fpl_dcheck_NaN1                        0x08008e51   Thumb Code    10  dcheck1.o(x$fpl$dcheck1)
    __fpl_dcmp_Inf                           0x08008e61   Thumb Code    24  dcmpi.o(x$fpl$dcmpinf)
    __aeabi_ddiv                             0x08008e79   Thumb Code     0  ddiv.o(x$fpl$ddiv)
    _ddiv                                    0x08008e79   Thumb Code   552  ddiv.o(x$fpl$ddiv)
    __aeabi_cdcmpeq                          0x08009129   Thumb Code     0  deqf.o(x$fpl$deqf)
    _dcmpeq                                  0x08009129   Thumb Code   120  deqf.o(x$fpl$deqf)
    __aeabi_d2iz                             0x080091a1   Thumb Code     0  dfix.o(x$fpl$dfix)
    _dfix                                    0x080091a1   Thumb Code    94  dfix.o(x$fpl$dfix)
    __aeabi_i2d                              0x080091ff   Thumb Code     0  dflt_clz.o(x$fpl$dflt)
    _dflt                                    0x080091ff   Thumb Code    46  dflt_clz.o(x$fpl$dflt)
    __aeabi_ui2d                             0x0800922d   Thumb Code     0  dflt_clz.o(x$fpl$dfltu)
    _dfltu                                   0x0800922d   Thumb Code    38  dflt_clz.o(x$fpl$dfltu)
    __aeabi_cdcmple                          0x08009255   Thumb Code     0  dleqf.o(x$fpl$dleqf)
    _dcmple                                  0x08009255   Thumb Code   120  dleqf.o(x$fpl$dleqf)
    __fpl_dcmple_InfNaN                      0x080092b7   Thumb Code     0  dleqf.o(x$fpl$dleqf)
    __aeabi_dmul                             0x080092cd   Thumb Code     0  dmul.o(x$fpl$dmul)
    _dmul                                    0x080092cd   Thumb Code   332  dmul.o(x$fpl$dmul)
    __fpl_dnaninf                            0x08009421   Thumb Code   156  dnaninf.o(x$fpl$dnaninf)
    __fpl_dretinf                            0x080094bd   Thumb Code    12  dretinf.o(x$fpl$dretinf)
    __aeabi_cdrcmple                         0x080094c9   Thumb Code     0  drleqf.o(x$fpl$drleqf)
    _drcmple                                 0x080094c9   Thumb Code   108  drleqf.o(x$fpl$drleqf)
    __aeabi_drsub                            0x08009535   Thumb Code     0  daddsub_clz.o(x$fpl$drsb)
    _drsb                                    0x08009535   Thumb Code    22  daddsub_clz.o(x$fpl$drsb)
    _dsqrt                                   0x0800954d   Thumb Code   456  dsqrt_noumaal.o(x$fpl$dsqrt)
    __aeabi_dsub                             0x08009719   Thumb Code     0  daddsub_clz.o(x$fpl$dsub)
    _dsub                                    0x08009719   Thumb Code   464  daddsub_clz.o(x$fpl$dsub)
    __aeabi_f2d                              0x080098ed   Thumb Code     0  f2d.o(x$fpl$f2d)
    _f2d                                     0x080098ed   Thumb Code    86  f2d.o(x$fpl$f2d)
    __aeabi_fadd                             0x08009945   Thumb Code     0  faddsub_clz.o(x$fpl$fadd)
    _fadd                                    0x08009945   Thumb Code   196  faddsub_clz.o(x$fpl$fadd)
    __fpl_fcmp_Inf                           0x08009a09   Thumb Code    24  fcmpi.o(x$fpl$fcmpinf)
    __aeabi_fdiv                             0x08009a21   Thumb Code     0  fdiv.o(x$fpl$fdiv)
    _fdiv                                    0x08009a21   Thumb Code   384  fdiv.o(x$fpl$fdiv)
    __aeabi_cfcmpeq                          0x08009ba5   Thumb Code     0  feqf.o(x$fpl$feqf)
    _fcmpeq                                  0x08009ba5   Thumb Code   104  feqf.o(x$fpl$feqf)
    __aeabi_f2iz                             0x08009c0d   Thumb Code     0  ffix.o(x$fpl$ffix)
    _ffix                                    0x08009c0d   Thumb Code    54  ffix.o(x$fpl$ffix)
    __aeabi_f2uiz                            0x08009c45   Thumb Code     0  ffixu.o(x$fpl$ffixu)
    _ffixu                                   0x08009c45   Thumb Code    62  ffixu.o(x$fpl$ffixu)
    __aeabi_i2f                              0x08009c85   Thumb Code     0  fflt_clz.o(x$fpl$fflt)
    _fflt                                    0x08009c85   Thumb Code    48  fflt_clz.o(x$fpl$fflt)
    __aeabi_ui2f                             0x08009cb5   Thumb Code     0  fflt_clz.o(x$fpl$ffltu)
    _ffltu                                   0x08009cb5   Thumb Code    38  fflt_clz.o(x$fpl$ffltu)
    __aeabi_cfcmple                          0x08009cdd   Thumb Code     0  fleqf.o(x$fpl$fleqf)
    _fcmple                                  0x08009cdd   Thumb Code   104  fleqf.o(x$fpl$fleqf)
    __fpl_fcmple_InfNaN                      0x08009d2f   Thumb Code     0  fleqf.o(x$fpl$fleqf)
    __aeabi_fmul                             0x08009d45   Thumb Code     0  fmul.o(x$fpl$fmul)
    _fmul                                    0x08009d45   Thumb Code   258  fmul.o(x$fpl$fmul)
    __fpl_fnaninf                            0x08009e47   Thumb Code   140  fnaninf.o(x$fpl$fnaninf)
    __fpl_fretinf                            0x08009ed3   Thumb Code    10  fretinf.o(x$fpl$fretinf)
    __aeabi_cfrcmple                         0x08009edd   Thumb Code     0  frleqf.o(x$fpl$frleqf)
    _frcmple                                 0x08009edd   Thumb Code    98  frleqf.o(x$fpl$frleqf)
    __aeabi_frsub                            0x08009f3f   Thumb Code     0  faddsub_clz.o(x$fpl$frsb)
    _frsb                                    0x08009f3f   Thumb Code    20  faddsub_clz.o(x$fpl$frsb)
    __aeabi_fsub                             0x08009f55   Thumb Code     0  faddsub_clz.o(x$fpl$fsub)
    _fsub                                    0x08009f55   Thumb Code   234  faddsub_clz.o(x$fpl$fsub)
    __fpl_return_NaN                         0x0800a03f   Thumb Code   100  retnan.o(x$fpl$retnan)
    __ARM_scalbn                             0x0800a0a3   Thumb Code    92  scalbn.o(x$fpl$scalbn)
    __fpl_cmpreturn                          0x0800a0ff   Thumb Code    48  trapv.o(x$fpl$trapveneer)
    __I$use$fp                               0x0800a12e   Number         0  usenofp.o(x$fpl$usenofp)
    oled_asc2_1206                           0x0800a12e   Data        1140  oled.o(.constdata)
    oled_asc2_1608                           0x0800a5a2   Data        1520  oled.o(.constdata)
    hw                                       0x0800ab94   Data          12  inv_mpu.o(.constdata)
    reg                                      0x0800aba0   Data          27  inv_mpu.o(.constdata)
    test                                     0x0800abbc   Data          40  inv_mpu.o(.constdata)
    __mathlib_zero                           0x0800b950   Data           8  qnan.o(.constdata)
    Region$$Table$$Base                      0x0800b9a8   Number         0  anon$$obj.o(Region$$Table)
    Region$$Table$$Limit                     0x0800b9c8   Number         0  anon$$obj.o(Region$$Table)
    Flag_Left                                0x20000000   Data           1  minibalance.o(.data)
    Flag_Right                               0x20000001   Data           1  minibalance.o(.data)
    Flag_Direction                           0x20000002   Data           1  minibalance.o(.data)
    Flag_Stop                                0x20000003   Data           1  minibalance.o(.data)
    Flag_Show                                0x20000004   Data           1  minibalance.o(.data)
    Encoder_A                                0x20000008   Data           4  minibalance.o(.data)
    Encoder_B                                0x2000000c   Data           4  minibalance.o(.data)
    Encoder_C                                0x20000010   Data           4  minibalance.o(.data)
    Position_A                               0x20000014   Data           4  minibalance.o(.data)
    Position_B                               0x20000018   Data           4  minibalance.o(.data)
    Position_C                               0x2000001c   Data           4  minibalance.o(.data)
    Rate_A                                   0x20000020   Data           4  minibalance.o(.data)
    Rate_B                                   0x20000024   Data           4  minibalance.o(.data)
    Rate_C                                   0x20000028   Data           4  minibalance.o(.data)
    Motor_A                                  0x2000002c   Data           4  minibalance.o(.data)
    Motor_B                                  0x20000030   Data           4  minibalance.o(.data)
    Motor_C                                  0x20000034   Data           4  minibalance.o(.data)
    Target_A                                 0x20000038   Data           4  minibalance.o(.data)
    Target_B                                 0x2000003c   Data           4  minibalance.o(.data)
    Target_C                                 0x20000040   Data           4  minibalance.o(.data)
    Voltage                                  0x20000044   Data           4  minibalance.o(.data)
    Show_Data_Mb                             0x20000048   Data           4  minibalance.o(.data)
    delay_50                                 0x2000004c   Data           1  minibalance.o(.data)
    delay_flag                               0x2000004d   Data           1  minibalance.o(.data)
    Run_Flag                                 0x2000004e   Data           1  minibalance.o(.data)
    rxbuf                                    0x2000004f   Data           8  minibalance.o(.data)
    Urxbuf                                   0x20000057   Data           8  minibalance.o(.data)
    CAN_ON_Flag                              0x2000005f   Data           1  minibalance.o(.data)
    Usart_ON_Flag                            0x20000060   Data           1  minibalance.o(.data)
    Usart_Flag                               0x20000061   Data           1  minibalance.o(.data)
    PID_Send                                 0x20000062   Data           1  minibalance.o(.data)
    Flash_Send                               0x20000063   Data           1  minibalance.o(.data)
    txbuf                                    0x20000064   Data           8  minibalance.o(.data)
    txbuf2                                   0x2000006c   Data           8  minibalance.o(.data)
    Turn_Flag                                0x20000074   Data           1  minibalance.o(.data)
    Pitch                                    0x20000078   Data           4  minibalance.o(.data)
    Roll                                     0x2000007c   Data           4  minibalance.o(.data)
    Yaw                                      0x20000080   Data           4  minibalance.o(.data)
    Move_X                                   0x20000084   Data           4  minibalance.o(.data)
    Move_Y                                   0x20000088   Data           4  minibalance.o(.data)
    Move_Z                                   0x2000008c   Data           4  minibalance.o(.data)
    Position_KP                              0x20000090   Data           4  minibalance.o(.data)
    Position_KI                              0x20000094   Data           4  minibalance.o(.data)
    Position_KD                              0x20000098   Data           4  minibalance.o(.data)
    RC_Velocity                              0x2000009c   Data           4  minibalance.o(.data)
    Max_Velocity                             0x200000a0   Data           4  minibalance.o(.data)
    RC_Position                              0x200000a4   Data           4  minibalance.o(.data)
    f1                                       0x200000ac   Data           4  usart.o(.data)
    f2                                       0x200000b0   Data           4  usart.o(.data)
    f3                                       0x200000b4   Data           4  usart.o(.data)
    f4                                       0x200000b8   Data           4  usart.o(.data)
    f5                                       0x200000bc   Data           4  usart.o(.data)
    erwei_flag                               0x200000c0   Data           4  usart.o(.data)
    Flag_Direction1                          0x200000c4   Data           1  usart.o(.data)
    __stdout                                 0x200000c8   Data           4  usart.o(.data)
    Usart_Receive                            0x200000cc   Data           4  usart.o(.data)
    DM_Action0                               0x200000f0   Data           5  usartx.o(.data)
    DM_Action1                               0x200000f5   Data           5  usartx.o(.data)
    DM_Action2                               0x200000fa   Data           5  usartx.o(.data)
    DM_Action3                               0x200000ff   Data           5  usartx.o(.data)
    DM_Action4                               0x20000104   Data           5  usartx.o(.data)
    DM_Action5                               0x20000109   Data           5  usartx.o(.data)
    speed_x                                  0x20000110   Data           4  usartx.o(.data)
    speed_y                                  0x20000114   Data           4  usartx.o(.data)
    speed_z                                  0x20000118   Data           4  usartx.o(.data)
    Flag_Target                              0x20000120   Data           1  control.o(.data)
    Flag_Change                              0x20000121   Data           1  control.o(.data)
    temp1                                    0x20000122   Data           1  control.o(.data)
    Position_Move_Line_count                 0x20000123   Data           1  control.o(.data)
    Position_Move_Line_flag                  0x20000124   Data           1  control.o(.data)
    Position_Move_Line_stop_flag             0x20000125   Data           1  control.o(.data)
    Openmv_Control_flag                      0x20000126   Data           1  control.o(.data)
    Voltage_Count                            0x20000128   Data           4  control.o(.data)
    Voltage_All                              0x2000012c   Data           4  control.o(.data)
    Gyro_K                                   0x20000130   Data           4  control.o(.data)
    j                                        0x20000134   Data           4  control.o(.data)
    f                                        0x20000138   Data           4  control.o(.data)
    Flag_Jiasu                               0x2000013c   Data           4  control.o(.data)
    gyro                                     0x200001d4   Data           6  mpu6050.o(.data)
    accel                                    0x200001da   Data           6  mpu6050.o(.data)
    sensors                                  0x200001e0   Data           2  mpu6050.o(.data)
    q0                                       0x200001e4   Data           4  mpu6050.o(.data)
    q1                                       0x200001e8   Data           4  mpu6050.o(.data)
    q2                                       0x200001ec   Data           4  mpu6050.o(.data)
    q3                                       0x200001f0   Data           4  mpu6050.o(.data)
    Gx_offset                                0x200001fe   Data           2  mpu6050.o(.data)
    Gy_offset                                0x20000200   Data           2  mpu6050.o(.data)
    Gz_offset                                0x20000202   Data           2  mpu6050.o(.data)
    i                                        0x20000204   Data           1  show.o(.data)
    Send_Count                               0x20000205   Data           1  show.o(.data)
    Vol                                      0x20000208   Data           4  show.o(.data)
    OLED_GRAM                                0x20000242   Data        1024  oled.o(.bss)
    rxbuf3                                   0x20000642   Data          10  usartx.o(.bss)
    buffer                                   0x2000065c   Data          14  mpu6050.o(.bss)
    MPU6050_FIFO                             0x2000066a   Data         132  mpu6050.o(.bss)
    DataScope_OutPut_Buffer                  0x200006ee   Data          42  datascope_dp.o(.bss)
    __libspace_start                         0x20000718   Data          96  libspace.o(.bss)
    __temporary_stack_top$libspace           0x20000778   Data           0  libspace.o(.bss)



==============================================================================

Memory Map of the image

  Image Entry point : 0x08000131

  Load Region LR_IROM1 (Base: 0x08000000, Size: 0x0000bbd8, Max: 0x00040000, ABSOLUTE, COMPRESSED[0x0000ba10])

    Execution Region ER_IROM1 (Exec base: 0x08000000, Load base: 0x08000000, Size: 0x0000b9c8, Max: 0x00040000, ABSOLUTE)

    Exec Addr    Load Addr    Size         Type   Attr      Idx    E Section Name        Object

    0x08000000   0x08000000   0x00000130   Data   RO            3    RESET               startup_stm32f10x_hd.o
    0x08000130   0x08000130   0x00000008   Code   RO          496  * !!!main             c_w.l(__main.o)
    0x08000138   0x08000138   0x00000034   Code   RO          839    !!!scatter          c_w.l(__scatter.o)
    0x0800016c   0x0800016c   0x0000005a   Code   RO          837    !!dczerorl2         c_w.l(__dczerorl2.o)
    0x080001c6   0x080001c6   0x00000002   PAD
    0x080001c8   0x080001c8   0x0000001c   Code   RO          841    !!handler_zi        c_w.l(__scatter_zi.o)
    0x080001e4   0x080001e4   0x00000000   Code   RO          487    .ARM.Collect$$_printf_percent$$00000000  c_w.l(_printf_percent.o)
    0x080001e4   0x080001e4   0x00000006   Code   RO          486    .ARM.Collect$$_printf_percent$$00000009  c_w.l(_printf_d.o)
    0x080001ea   0x080001ea   0x00000004   Code   RO          605    .ARM.Collect$$_printf_percent$$00000017  c_w.l(_printf_percent_end.o)
    0x080001ee   0x080001ee   0x00000002   Code   RO          706    .ARM.Collect$$libinit$$00000000  c_w.l(libinit.o)
    0x080001f0   0x080001f0   0x00000000   Code   RO          716    .ARM.Collect$$libinit$$00000002  c_w.l(libinit2.o)
    0x080001f0   0x080001f0   0x00000000   Code   RO          718    .ARM.Collect$$libinit$$00000004  c_w.l(libinit2.o)
    0x080001f0   0x080001f0   0x00000000   Code   RO          721    .ARM.Collect$$libinit$$0000000A  c_w.l(libinit2.o)
    0x080001f0   0x080001f0   0x00000000   Code   RO          723    .ARM.Collect$$libinit$$0000000C  c_w.l(libinit2.o)
    0x080001f0   0x080001f0   0x00000000   Code   RO          725    .ARM.Collect$$libinit$$0000000E  c_w.l(libinit2.o)
    0x080001f0   0x080001f0   0x00000000   Code   RO          728    .ARM.Collect$$libinit$$00000011  c_w.l(libinit2.o)
    0x080001f0   0x080001f0   0x00000000   Code   RO          730    .ARM.Collect$$libinit$$00000013  c_w.l(libinit2.o)
    0x080001f0   0x080001f0   0x00000000   Code   RO          732    .ARM.Collect$$libinit$$00000015  c_w.l(libinit2.o)
    0x080001f0   0x080001f0   0x00000000   Code   RO          734    .ARM.Collect$$libinit$$00000017  c_w.l(libinit2.o)
    0x080001f0   0x080001f0   0x00000000   Code   RO          736    .ARM.Collect$$libinit$$00000019  c_w.l(libinit2.o)
    0x080001f0   0x080001f0   0x00000000   Code   RO          738    .ARM.Collect$$libinit$$0000001B  c_w.l(libinit2.o)
    0x080001f0   0x080001f0   0x00000000   Code   RO          740    .ARM.Collect$$libinit$$0000001D  c_w.l(libinit2.o)
    0x080001f0   0x080001f0   0x00000000   Code   RO          742    .ARM.Collect$$libinit$$0000001F  c_w.l(libinit2.o)
    0x080001f0   0x080001f0   0x00000000   Code   RO          744    .ARM.Collect$$libinit$$00000021  c_w.l(libinit2.o)
    0x080001f0   0x080001f0   0x00000000   Code   RO          746    .ARM.Collect$$libinit$$00000023  c_w.l(libinit2.o)
    0x080001f0   0x080001f0   0x00000000   Code   RO          748    .ARM.Collect$$libinit$$00000025  c_w.l(libinit2.o)
    0x080001f0   0x080001f0   0x00000000   Code   RO          752    .ARM.Collect$$libinit$$0000002C  c_w.l(libinit2.o)
    0x080001f0   0x080001f0   0x00000000   Code   RO          754    .ARM.Collect$$libinit$$0000002E  c_w.l(libinit2.o)
    0x080001f0   0x080001f0   0x00000000   Code   RO          756    .ARM.Collect$$libinit$$00000030  c_w.l(libinit2.o)
    0x080001f0   0x080001f0   0x00000000   Code   RO          758    .ARM.Collect$$libinit$$00000032  c_w.l(libinit2.o)
    0x080001f0   0x080001f0   0x00000002   Code   RO          759    .ARM.Collect$$libinit$$00000033  c_w.l(libinit2.o)
    0x080001f2   0x080001f2   0x00000002   Code   RO          789    .ARM.Collect$$libshutdown$$00000000  c_w.l(libshutdown.o)
    0x080001f4   0x080001f4   0x00000000   Code   RO          803    .ARM.Collect$$libshutdown$$00000002  c_w.l(libshutdown2.o)
    0x080001f4   0x080001f4   0x00000000   Code   RO          805    .ARM.Collect$$libshutdown$$00000004  c_w.l(libshutdown2.o)
    0x080001f4   0x080001f4   0x00000000   Code   RO          808    .ARM.Collect$$libshutdown$$00000007  c_w.l(libshutdown2.o)
    0x080001f4   0x080001f4   0x00000000   Code   RO          811    .ARM.Collect$$libshutdown$$0000000A  c_w.l(libshutdown2.o)
    0x080001f4   0x080001f4   0x00000000   Code   RO          813    .ARM.Collect$$libshutdown$$0000000C  c_w.l(libshutdown2.o)
    0x080001f4   0x080001f4   0x00000000   Code   RO          816    .ARM.Collect$$libshutdown$$0000000F  c_w.l(libshutdown2.o)
    0x080001f4   0x080001f4   0x00000002   Code   RO          817    .ARM.Collect$$libshutdown$$00000010  c_w.l(libshutdown2.o)
    0x080001f6   0x080001f6   0x00000000   Code   RO          596    .ARM.Collect$$rtentry$$00000000  c_w.l(__rtentry.o)
    0x080001f6   0x080001f6   0x00000000   Code   RO          659    .ARM.Collect$$rtentry$$00000002  c_w.l(__rtentry2.o)
    0x080001f6   0x080001f6   0x00000006   Code   RO          671    .ARM.Collect$$rtentry$$00000004  c_w.l(__rtentry4.o)
    0x080001fc   0x080001fc   0x00000000   Code   RO          661    .ARM.Collect$$rtentry$$00000009  c_w.l(__rtentry2.o)
    0x080001fc   0x080001fc   0x00000004   Code   RO          662    .ARM.Collect$$rtentry$$0000000A  c_w.l(__rtentry2.o)
    0x08000200   0x08000200   0x00000000   Code   RO          664    .ARM.Collect$$rtentry$$0000000C  c_w.l(__rtentry2.o)
    0x08000200   0x08000200   0x00000008   Code   RO          665    .ARM.Collect$$rtentry$$0000000D  c_w.l(__rtentry2.o)
    0x08000208   0x08000208   0x00000002   Code   RO          709    .ARM.Collect$$rtexit$$00000000  c_w.l(rtexit.o)
    0x0800020a   0x0800020a   0x00000000   Code   RO          763    .ARM.Collect$$rtexit$$00000002  c_w.l(rtexit2.o)
    0x0800020a   0x0800020a   0x00000004   Code   RO          764    .ARM.Collect$$rtexit$$00000003  c_w.l(rtexit2.o)
    0x0800020e   0x0800020e   0x00000006   Code   RO          765    .ARM.Collect$$rtexit$$00000004  c_w.l(rtexit2.o)
    0x08000214   0x08000214   0x0000000c   Code   RO          140    .emb_text           sys.o
    0x08000220   0x08000220   0x00000038   Code   RO            4    .text               startup_stm32f10x_hd.o
    0x08000258   0x08000258   0x000000c8   Code   RO           10    .text               minibalance.o
    0x08000320   0x08000320   0x000000b0   Code   RO          122    .text               delay.o
    0x080003d0   0x080003d0   0x000002bc   Code   RO          141    .text               sys.o
    0x0800068c   0x0800068c   0x00000564   Code   RO          156    .text               usart.o
    0x08000bf0   0x08000bf0   0x00000074   Code   RO          187    .text               led.o
    0x08000c64   0x08000c64   0x0000019c   Code   RO          200    .text               key.o
    0x08000e00   0x08000e00   0x0000046e   Code   RO          213    .text               oled.o
    0x0800126e   0x0800126e   0x00000002   PAD
    0x08001270   0x08001270   0x000001dc   Code   RO          232    .text               adc.o
    0x0800144c   0x0800144c   0x000002c4   Code   RO          244    .text               motor.o
    0x08001710   0x08001710   0x0000050a   Code   RO          256    .text               ioi2c.o
    0x08001c1a   0x08001c1a   0x00000002   PAD
    0x08001c1c   0x08001c1c   0x00000054   Code   RO          268    .text               exti.o
    0x08001c70   0x08001c70   0x00000248   Code   RO          298    .text               usartx.o
    0x08001eb8   0x08001eb8   0x000018a0   Code   RO          317    .text               control.o
    0x08003758   0x08003758   0x00001e90   Code   RO          337    .text               inv_mpu.o
    0x080055e8   0x080055e8   0x00000d70   Code   RO          361    .text               inv_mpu_dmp_motion_driver.o
    0x08006358   0x08006358   0x000008e0   Code   RO          395    .text               mpu6050.o
    0x08006c38   0x08006c38   0x000008fc   Code   RO          419    .text               show.o
    0x08007534   0x08007534   0x00000154   Code   RO          434    .text               datascope_dp.o
    0x08007688   0x08007688   0x00000002   Code   RO          454    .text               c_w.l(use_no_semi_2.o)
    0x0800768a   0x0800768a   0x00000048   Code   RO          456    .text               c_w.l(llsdiv.o)
    0x080076d2   0x080076d2   0x00000002   PAD
    0x080076d4   0x080076d4   0x00000018   Code   RO          460    .text               c_w.l(noretval__2printf.o)
    0x080076ec   0x080076ec   0x00000068   Code   RO          462    .text               c_w.l(__printf.o)
    0x08007754   0x08007754   0x00000078   Code   RO          464    .text               c_w.l(_printf_dec.o)
    0x080077cc   0x080077cc   0x00000058   Code   RO          488    .text               c_w.l(memcmp.o)
    0x08007824   0x08007824   0x00000010   Code   RO          490    .text               c_w.l(aeabi_memset.o)
    0x08007834   0x08007834   0x00000044   Code   RO          492    .text               c_w.l(rt_memclr.o)
    0x08007878   0x08007878   0x00000006   Code   RO          494    .text               c_w.l(heapauxi.o)
    0x0800787e   0x0800787e   0x00000002   Code   RO          594    .text               c_w.l(use_no_semi.o)
    0x08007880   0x08007880   0x000000ee   Code   RO          597    .text               c_w.l(lludivv7m.o)
    0x0800796e   0x0800796e   0x00000016   Code   RO          599    .text               c_w.l(_rserrno.o)
    0x08007984   0x08007984   0x000000b2   Code   RO          601    .text               c_w.l(_printf_intcommon.o)
    0x08007a36   0x08007a36   0x00000002   PAD
    0x08007a38   0x08007a38   0x00000024   Code   RO          603    .text               c_w.l(_printf_char_file.o)
    0x08007a5c   0x08007a5c   0x0000004e   Code   RO          606    .text               c_w.l(rt_memclr_w.o)
    0x08007aaa   0x08007aaa   0x00000002   PAD
    0x08007aac   0x08007aac   0x00000008   Code   RO          680    .text               c_w.l(rt_errno_addr_intlibspace.o)
    0x08007ab4   0x08007ab4   0x00000030   Code   RO          682    .text               c_w.l(_printf_char_common.o)
    0x08007ae4   0x08007ae4   0x00000008   Code   RO          684    .text               c_w.l(ferror.o)
    0x08007aec   0x08007aec   0x00000008   Code   RO          690    .text               c_w.l(libspace.o)
    0x08007af4   0x08007af4   0x0000004a   Code   RO          693    .text               c_w.l(sys_stackheap_outer.o)
    0x08007b3e   0x08007b3e   0x00000012   Code   RO          699    .text               c_w.l(exit.o)
    0x08007b50   0x08007b50   0x00000028   Code   RO          653    i.__ARM_fpclassify  m_ws.l(fpclassify.o)
    0x08007b78   0x08007b78   0x000000aa   Code   RO          655    i.__kernel_poly     m_ws.l(poly.o)
    0x08007c22   0x08007c22   0x00000002   PAD
    0x08007c24   0x08007c24   0x00000010   Code   RO          639    i.__mathlib_dbl_divzero  m_ws.l(dunder.o)
    0x08007c34   0x08007c34   0x00000006   Code   RO          640    i.__mathlib_dbl_infnan  m_ws.l(dunder.o)
    0x08007c3a   0x08007c3a   0x00000004   Code   RO          641    i.__mathlib_dbl_infnan2  m_ws.l(dunder.o)
    0x08007c3e   0x08007c3e   0x0000000c   Code   RO          642    i.__mathlib_dbl_invalid  m_ws.l(dunder.o)
    0x08007c4a   0x08007c4a   0x0000000e   Code   RO          643    i.__mathlib_dbl_overflow  m_ws.l(dunder.o)
    0x08007c58   0x08007c58   0x00000010   Code   RO          645    i.__mathlib_dbl_underflow  m_ws.l(dunder.o)
    0x08007c68   0x08007c68   0x00000270   Code   RO          559    i.asin              m_ws.l(asin.o)
    0x08007ed8   0x08007ed8   0x00000220   Code   RO          630    i.atan              m_ws.l(atan.o)
    0x080080f8   0x080080f8   0x00000180   Code   RO          569    i.atan2             m_ws.l(atan2.o)
    0x08008278   0x08008278   0x000009d8   Code   RO          577    i.pow               m_ws.l(pow.o)
    0x08008c50   0x08008c50   0x0000004c   Code   RO          587    i.sqrt              m_ws.l(sqrt.o)
    0x08008c9c   0x08008c9c   0x00000062   Code   RO          498    x$fpl$d2f           fz_ws.l(d2f.o)
    0x08008cfe   0x08008cfe   0x00000002   PAD
    0x08008d00   0x08008d00   0x00000150   Code   RO          500    x$fpl$dadd          fz_ws.l(daddsub_clz.o)
    0x08008e50   0x08008e50   0x00000010   Code   RO          688    x$fpl$dcheck1       fz_ws.l(dcheck1.o)
    0x08008e60   0x08008e60   0x00000018   Code   RO          608    x$fpl$dcmpinf       fz_ws.l(dcmpi.o)
    0x08008e78   0x08008e78   0x000002b0   Code   RO          507    x$fpl$ddiv          fz_ws.l(ddiv.o)
    0x08009128   0x08009128   0x00000078   Code   RO          510    x$fpl$deqf          fz_ws.l(deqf.o)
    0x080091a0   0x080091a0   0x0000005e   Code   RO          512    x$fpl$dfix          fz_ws.l(dfix.o)
    0x080091fe   0x080091fe   0x0000002e   Code   RO          517    x$fpl$dflt          fz_ws.l(dflt_clz.o)
    0x0800922c   0x0800922c   0x00000026   Code   RO          516    x$fpl$dfltu         fz_ws.l(dflt_clz.o)
    0x08009252   0x08009252   0x00000002   PAD
    0x08009254   0x08009254   0x00000078   Code   RO          610    x$fpl$dleqf         fz_ws.l(dleqf.o)
    0x080092cc   0x080092cc   0x00000154   Code   RO          522    x$fpl$dmul          fz_ws.l(dmul.o)
    0x08009420   0x08009420   0x0000009c   Code   RO          612    x$fpl$dnaninf       fz_ws.l(dnaninf.o)
    0x080094bc   0x080094bc   0x0000000c   Code   RO          614    x$fpl$dretinf       fz_ws.l(dretinf.o)
    0x080094c8   0x080094c8   0x0000006c   Code   RO          616    x$fpl$drleqf        fz_ws.l(drleqf.o)
    0x08009534   0x08009534   0x00000016   Code   RO          501    x$fpl$drsb          fz_ws.l(daddsub_clz.o)
    0x0800954a   0x0800954a   0x00000002   PAD
    0x0800954c   0x0800954c   0x000001cc   Code   RO          618    x$fpl$dsqrt         fz_ws.l(dsqrt_noumaal.o)
    0x08009718   0x08009718   0x000001d4   Code   RO          502    x$fpl$dsub          fz_ws.l(daddsub_clz.o)
    0x080098ec   0x080098ec   0x00000056   Code   RO          524    x$fpl$f2d           fz_ws.l(f2d.o)
    0x08009942   0x08009942   0x00000002   PAD
    0x08009944   0x08009944   0x000000c4   Code   RO          526    x$fpl$fadd          fz_ws.l(faddsub_clz.o)
    0x08009a08   0x08009a08   0x00000018   Code   RO          620    x$fpl$fcmpinf       fz_ws.l(fcmpi.o)
    0x08009a20   0x08009a20   0x00000184   Code   RO          533    x$fpl$fdiv          fz_ws.l(fdiv.o)
    0x08009ba4   0x08009ba4   0x00000068   Code   RO          536    x$fpl$feqf          fz_ws.l(feqf.o)
    0x08009c0c   0x08009c0c   0x00000036   Code   RO          538    x$fpl$ffix          fz_ws.l(ffix.o)
    0x08009c42   0x08009c42   0x00000002   PAD
    0x08009c44   0x08009c44   0x0000003e   Code   RO          542    x$fpl$ffixu         fz_ws.l(ffixu.o)
    0x08009c82   0x08009c82   0x00000002   PAD
    0x08009c84   0x08009c84   0x00000030   Code   RO          547    x$fpl$fflt          fz_ws.l(fflt_clz.o)
    0x08009cb4   0x08009cb4   0x00000026   Code   RO          546    x$fpl$ffltu         fz_ws.l(fflt_clz.o)
    0x08009cda   0x08009cda   0x00000002   PAD
    0x08009cdc   0x08009cdc   0x00000068   Code   RO          552    x$fpl$fleqf         fz_ws.l(fleqf.o)
    0x08009d44   0x08009d44   0x00000102   Code   RO          554    x$fpl$fmul          fz_ws.l(fmul.o)
    0x08009e46   0x08009e46   0x0000008c   Code   RO          622    x$fpl$fnaninf       fz_ws.l(fnaninf.o)
    0x08009ed2   0x08009ed2   0x0000000a   Code   RO          624    x$fpl$fretinf       fz_ws.l(fretinf.o)
    0x08009edc   0x08009edc   0x00000062   Code   RO          556    x$fpl$frleqf        fz_ws.l(frleqf.o)
    0x08009f3e   0x08009f3e   0x00000014   Code   RO          527    x$fpl$frsb          fz_ws.l(faddsub_clz.o)
    0x08009f52   0x08009f52   0x00000002   PAD
    0x08009f54   0x08009f54   0x000000ea   Code   RO          528    x$fpl$fsub          fz_ws.l(faddsub_clz.o)
    0x0800a03e   0x0800a03e   0x00000064   Code   RO          707    x$fpl$retnan        fz_ws.l(retnan.o)
    0x0800a0a2   0x0800a0a2   0x0000005c   Code   RO          626    x$fpl$scalbn        fz_ws.l(scalbn.o)
    0x0800a0fe   0x0800a0fe   0x00000030   Code   RO          760    x$fpl$trapveneer    fz_ws.l(trapv.o)
    0x0800a12e   0x0800a12e   0x00000000   Code   RO          628    x$fpl$usenofp       fz_ws.l(usenofp.o)
    0x0800a12e   0x0800a12e   0x00000a64   Data   RO          215    .constdata          oled.o
    0x0800ab92   0x0800ab92   0x00000002   PAD
    0x0800ab94   0x0800ab94   0x00000050   Data   RO          338    .constdata          inv_mpu.o
    0x0800abe4   0x0800abe4   0x00000bf6   Data   RO          363    .constdata          inv_mpu_dmp_motion_driver.o
    0x0800b7da   0x0800b7da   0x00000006   PAD
    0x0800b7e0   0x0800b7e0   0x00000050   Data   RO          560    .constdata          m_ws.l(asin.o)
    0x0800b830   0x0800b830   0x00000088   Data   RO          578    .constdata          m_ws.l(pow.o)
    0x0800b8b8   0x0800b8b8   0x00000098   Data   RO          631    .constdata          m_ws.l(atan.o)
    0x0800b950   0x0800b950   0x00000008   Data   RO          657    .constdata          m_ws.l(qnan.o)
    0x0800b958   0x0800b958   0x0000004e   Data   RO          339    .conststring        inv_mpu.o
    0x0800b9a6   0x0800b9a6   0x00000002   PAD
    0x0800b9a8   0x0800b9a8   0x00000020   Data   RO          835    Region$$Table       anon$$obj.o


    Execution Region RW_IRAM1 (Exec base: 0x20000000, Load base: 0x0800b9c8, Size: 0x00000d78, Max: 0x0000c000, ABSOLUTE, COMPRESSED[0x00000048])

    Exec Addr    Load Addr    Size         Type   Attr      Idx    E Section Name        Object

    0x20000000   COMPRESSED   0x000000a8   Data   RW           12    .data               minibalance.o
    0x200000a8   COMPRESSED   0x00000004   Data   RW          123    .data               delay.o
    0x200000ac   COMPRESSED   0x0000002d   Data   RW          158    .data               usart.o
    0x200000d9   COMPRESSED   0x00000003   PAD
    0x200000dc   COMPRESSED   0x00000004   Data   RW          188    .data               led.o
    0x200000e0   COMPRESSED   0x0000000e   Data   RW          201    .data               key.o
    0x200000ee   COMPRESSED   0x00000002   PAD
    0x200000f0   COMPRESSED   0x0000002d   Data   RW          300    .data               usartx.o
    0x2000011d   COMPRESSED   0x00000003   PAD
    0x20000120   COMPRESSED   0x00000088   Data   RW          318    .data               control.o
    0x200001a8   COMPRESSED   0x0000002c   Data   RW          340    .data               inv_mpu.o
    0x200001d4   COMPRESSED   0x00000030   Data   RW          397    .data               mpu6050.o
    0x20000204   COMPRESSED   0x00000009   Data   RW          420    .data               show.o
    0x2000020d   COMPRESSED   0x00000003   PAD
    0x20000210        -       0x00000032   Zero   RW          157    .bss                usart.o
    0x20000242        -       0x00000400   Zero   RW          214    .bss                oled.o
    0x20000642        -       0x0000000a   Zero   RW          299    .bss                usartx.o
    0x2000064c        -       0x00000010   Zero   RW          362    .bss                inv_mpu_dmp_motion_driver.o
    0x2000065c        -       0x00000092   Zero   RW          396    .bss                mpu6050.o
    0x200006ee        -       0x0000002a   Zero   RW          435    .bss                datascope_dp.o
    0x20000718        -       0x00000060   Zero   RW          691    .bss                c_w.l(libspace.o)
    0x20000778        -       0x00000200   Zero   RW            2    HEAP                startup_stm32f10x_hd.o
    0x20000978        -       0x00000400   Zero   RW            1    STACK               startup_stm32f10x_hd.o


==============================================================================

Image component sizes


      Code (inc. data)   RO Data    RW Data    ZI Data      Debug   Object Name

       476         36          0          0          0       1004   adc.o
      6304        684          0        136          0       7609   control.o
       340         30          0          0         42       1986   datascope_dp.o
       176          8          0          4          0       1031   delay.o
        84          8          0          0          0        456   exti.o
      7824        172        158         44          0      21563   inv_mpu.o
      3440        126       3062          0         16      15083   inv_mpu_dmp_motion_driver.o
      1290         16          0          0          0       5758   ioi2c.o
       412         54          0         14          0       1355   key.o
       116         20          0          4          0        637   led.o
       200         18          0        168          0     210406   minibalance.o
       708         40          0          0          0       1192   motor.o
      2272        454          0         48        146      20775   mpu6050.o
      1134         42       2660          0       1024       4539   oled.o
      2300        280          0          9          0       1886   show.o
        56         22        304          0       1536        796   startup_stm32f10x_hd.o
       712         44          0          0          0       2803   sys.o
      1380        154          0         45         50       4801   usart.o
       584         60          0         45         10       2581   usartx.o

    ----------------------------------------------------------------------
     29812       2268       6226        528       2824     306261   Object Totals
         0          0         32          0          0          0   (incl. Generated)
         4          0         10         11          0          0   (incl. Padding)

    ----------------------------------------------------------------------

      Code (inc. data)   RO Data    RW Data    ZI Data      Debug   Library Member Name

        90          0          0          0          0          0   __dczerorl2.o
         8          0          0          0          0         68   __main.o
       104          0          0          0          0         84   __printf.o
         0          0          0          0          0          0   __rtentry.o
        12          0          0          0          0          0   __rtentry2.o
         6          0          0          0          0          0   __rtentry4.o
        52          8          0          0          0          0   __scatter.o
        28          0          0          0          0          0   __scatter_zi.o
        48          6          0          0          0         96   _printf_char_common.o
        36          4          0          0          0         80   _printf_char_file.o
         6          0          0          0          0          0   _printf_d.o
       120         16          0          0          0         92   _printf_dec.o
       178          0          0          0          0         88   _printf_intcommon.o
         0          0          0          0          0          0   _printf_percent.o
         4          0          0          0          0          0   _printf_percent_end.o
        22          0          0          0          0        100   _rserrno.o
        16          0          0          0          0         68   aeabi_memset.o
        18          0          0          0          0         80   exit.o
         8          0          0          0          0         68   ferror.o
         6          0          0          0          0        152   heapauxi.o
         2          0          0          0          0          0   libinit.o
         2          0          0          0          0          0   libinit2.o
         2          0          0          0          0          0   libshutdown.o
         2          0          0          0          0          0   libshutdown2.o
         8          4          0          0         96         68   libspace.o
        72          0          0          0          0         76   llsdiv.o
       238          0          0          0          0        100   lludivv7m.o
        88          0          0          0          0         76   memcmp.o
        24          4          0          0          0         84   noretval__2printf.o
         8          4          0          0          0         68   rt_errno_addr_intlibspace.o
        68          0          0          0          0         68   rt_memclr.o
        78          0          0          0          0         80   rt_memclr_w.o
         2          0          0          0          0          0   rtexit.o
        10          0          0          0          0          0   rtexit2.o
        74          0          0          0          0         80   sys_stackheap_outer.o
         2          0          0          0          0         68   use_no_semi.o
         2          0          0          0          0         68   use_no_semi_2.o
        98          4          0          0          0         92   d2f.o
       826         16          0          0          0        348   daddsub_clz.o
        16          4          0          0          0         68   dcheck1.o
        24          0          0          0          0         68   dcmpi.o
       688        140          0          0          0        208   ddiv.o
       120          4          0          0          0         92   deqf.o
        94          4          0          0          0         92   dfix.o
        84          0          0          0          0        136   dflt_clz.o
       120          4          0          0          0         92   dleqf.o
       340         12          0          0          0        104   dmul.o
       156          4          0          0          0         92   dnaninf.o
        12          0          0          0          0         68   dretinf.o
       108          0          0          0          0         80   drleqf.o
       460         56          0          0          0        120   dsqrt_noumaal.o
        86          4          0          0          0         84   f2d.o
       450          8          0          0          0        236   faddsub_clz.o
        24          0          0          0          0         68   fcmpi.o
       388         76          0          0          0         96   fdiv.o
       104          4          0          0          0         84   feqf.o
        54          4          0          0          0         84   ffix.o
        62          4          0          0          0         84   ffixu.o
        86          0          0          0          0        136   fflt_clz.o
       104          4          0          0          0         84   fleqf.o
       258          4          0          0          0         84   fmul.o
       140          4          0          0          0         84   fnaninf.o
        10          0          0          0          0         68   fretinf.o
        98          0          0          0          0         68   frleqf.o
       100          0          0          0          0         68   retnan.o
        92          0          0          0          0         68   scalbn.o
        48          0          0          0          0         68   trapv.o
         0          0          0          0          0          0   usenofp.o
       624         52         80          0          0        168   asin.o
       544         70        152          0          0        124   atan.o
       384         38          0          0          0        144   atan2.o
        68         10          0          0          0        408   dunder.o
        40          0          0          0          0         68   fpclassify.o
       170          0          0          0          0         96   poly.o
      2520        190        136          0          0        324   pow.o
         0          0          8          0          0          0   qnan.o
        76          0          0          0          0         84   sqrt.o

    ----------------------------------------------------------------------
     11146        766        376          0         96       6352   Library Totals
        26          0          0          0          0          0   (incl. Padding)

    ----------------------------------------------------------------------

      Code (inc. data)   RO Data    RW Data    ZI Data      Debug   Library Name

      1444         46          0          0         96       1812   c_w.l
      5250        360          0          0          0       3124   fz_ws.l
      4426        360        376          0          0       1416   m_ws.l

    ----------------------------------------------------------------------
     11146        766        376          0         96       6352   Library Totals

    ----------------------------------------------------------------------

==============================================================================


      Code (inc. data)   RO Data    RW Data    ZI Data      Debug   

     40958       3034       6602        528       2920     307461   Grand Totals
     40958       3034       6602         72       2920     307461   ELF Image Totals (compressed)
     40958       3034       6602         72          0          0   ROM Totals

==============================================================================

    Total RO  Size (Code + RO Data)                47560 (  46.45kB)
    Total RW  Size (RW Data + ZI Data)              3448 (   3.37kB)
    Total ROM Size (Code + RO Data + RW Data)      47632 (  46.52kB)

==============================================================================

