<html>
<body>
<pre>
<h1>µVision Build Log</h1>
<h2>Tool Versions:</h2>
IDE-Version: ¦ÌVision V5.26.2.0
Copyright (C) 2018 ARM Ltd and ARM Germany GmbH. All rights reserved.
License Information: c c, c, LIC=GMZI6-DRF53-II05V-P26TK-ZJPCF-VJ6IQ
 
Tool Versions:
Toolchain:       MDK-ARM Plus  Version: 5.26.2.0
Toolchain Path:  D:\Program Files (x86)\Keil_v5\ARM\ARMCLANG\Bin
C Compiler:      ArmClang.exe V6.10.1
Assembler:       Armasm.exe V6.10.1
Linker/Locator:  ArmLink.exe V6.10.1
Library Manager: ArmAr.exe V6.10.1
Hex Converter:   FromElf.exe V6.10.1
CPU DLL:         SARMCM3.DLL V5.26.2.0
Dialog DLL:      DCM.DLL V1.17.2.0
Target DLL:      STLink\ST-LINKIII-KEIL_SWO.dll V3.0.5.0
Dialog DLL:      TCM.DLL V1.36.1.0
 
<h2>Project:</h2>
C:\Users\Think\Desktop\ACFLY EDU 20210327-publish\ACFly EDU.uvprojx
Project File Date:  03/28/2021

<h2>Output:</h2>
*** Using Compiler 'V6.10.1', folder: 'D:\Program Files (x86)\Keil_v5\ARM\ARMCLANG\Bin'
Rebuild target 'Target 1'
assembling startup_TM4C123.s...
compiling system_TM4C123.c...
compiling main.c...
compiling USB_def.c...
compiling drv_main.c...
compiling drv_LED.c...
compiling drv_Sensors.c...
compiling drv_USB.c...
compiling Sensors.c...
compiling drv_OLED.c...
compiling drv_uDMA.c...
compiling oledfont.c...
compiling drv_Receiver.c...
compiling drv_PWMOut.c...
compiling Receiver.c...
compiling drv_Ultrasonic.c...
compiling drv_OpticalFlow.c...
compiling drv_GPS.c...
compiling drv_EEPROM.c...
compiling drv_SDI.c...
compiling drv_SDI2.c...
compiling drv_Uart2.c...
compiling drv_ADC.c...
compiling Basic.c...
compiling Quaternion.c...
compiling Configurations.c...
compiling vector_3.c...
compiling STS.c...
compiling OLED_Screens.c...
compiling MS_main.c...
compiling Filters_Butter.c...
compiling Mavlink.c...
compiling Debug.c...
compiling MavlinkSendFuncs.c...
compiling CommuLink.c...
compiling MavlinkCMDProcess.c...
compiling Modes.c...
compiling MavlinkRCProcess.c...
compiling M00_init.c...
compiling M01_Ground.c...
compiling M10_RCCalib.c...
compiling M12_AccCalib.c...
compiling M13_MagCalib.c...
compiling M30_Att.c...
compiling M15_HorizontalCalib.c...
compiling M32_PosCtrl.c...
compiling M35_Auto1.c...
compiling Ctrl_main.c...
compiling ctrl_Position.c...
ControlSystem/ctrl_Attitude.c(352): warning: enumeration values 'Attitude_ControlMode_AngularRate' and 'Attitude_ControlMode_Locking' not handled in switch [-Wswitch]
        switch( RollPitch_ControlMode )
                ^
1 warning generated.
compiling ctrl_Attitude.c...
linking...
Program Size: Code=178984 RO-data=19364 RW-data=1644 ZI-data=28308  
FromELF: creating hex file...
".\Objects\ACFly EDU.axf" - 0 Error(s), 1 Warning(s).

<h2>Software Packages used:</h2>

Package Vendor: ARM
                http://www.keil.com/pack/ARM.CMSIS.5.4.0.pack
                ARM.CMSIS.5.4.0
                CMSIS (Cortex Microcontroller Software Interface Standard)
   * Component: CORE Version: 5.1.2
   * Component: DSP Version: 1.5.2

Package Vendor: Keil
                http://www.keil.com/pack/Keil.TM4C_DFP.1.1.0.pack
                Keil.TM4C_DFP.1.1.0
                Texas Instruments Tiva C Series Device Support and Examples

<h2>Collection of Component include folders:</h2>
  .\RTE\_Target_1
  D:\Program Files (x86)\Keil_v5\ARM\PACK\ARM\CMSIS\5.4.0\CMSIS\Core\Include
  D:\Program Files (x86)\Keil_v5\ARM\PACK\ARM\CMSIS\5.4.0\CMSIS\DSP\Include
  D:\Program Files (x86)\Keil_v5\ARM\PACK\Keil\TM4C_DFP\1.1.0\Device\Include\TM4C123

<h2>Collection of Component Files used:</h2>

   * Component: ARM::CMSIS:CORE:5.1.2

   * Component: ARM::CMSIS:DSP:1.5.2
      Library file:  CMSIS\Lib\ARM\arm_cortexM4lf_math.lib
      Include file:  CMSIS\DSP\Include\arm_math.h
Build Time Elapsed:  00:01:03
</pre>
</body>
</html>
